Archive member included to satisfy reference by file (symbol)

c:/st/stm32cubeide_1.10.1/stm32cubeide/plugins/com.st.stm32cube.ide.mcu.externaltools.gnu-tools-for-stm32.10.3-2021.10.win32_1.0.0.202111181127/tools/bin/../lib/gcc/arm-none-eabi/10.3.1/../../../../arm-none-eabi/lib/thumb/v7e-m+fp/hard\libc_nano.a(lib_a-errno.o)
                              ./Core/Src/syscalls.o (__errno)
c:/st/stm32cubeide_1.10.1/stm32cubeide/plugins/com.st.stm32cube.ide.mcu.externaltools.gnu-tools-for-stm32.10.3-2021.10.win32_1.0.0.202111181127/tools/bin/../lib/gcc/arm-none-eabi/10.3.1/../../../../arm-none-eabi/lib/thumb/v7e-m+fp/hard\libc_nano.a(lib_a-exit.o)
                              c:/st/stm32cubeide_1.10.1/stm32cubeide/plugins/com.st.stm32cube.ide.mcu.externaltools.gnu-tools-for-stm32.10.3-2021.10.win32_1.0.0.202111181127/tools/bin/../lib/gcc/arm-none-eabi/10.3.1/../../../../arm-none-eabi/lib/thumb/v7e-m+fp/hard/crt0.o (exit)
c:/st/stm32cubeide_1.10.1/stm32cubeide/plugins/com.st.stm32cube.ide.mcu.externaltools.gnu-tools-for-stm32.10.3-2021.10.win32_1.0.0.202111181127/tools/bin/../lib/gcc/arm-none-eabi/10.3.1/../../../../arm-none-eabi/lib/thumb/v7e-m+fp/hard\libc_nano.a(lib_a-impure.o)
                              c:/st/stm32cubeide_1.10.1/stm32cubeide/plugins/com.st.stm32cube.ide.mcu.externaltools.gnu-tools-for-stm32.10.3-2021.10.win32_1.0.0.202111181127/tools/bin/../lib/gcc/arm-none-eabi/10.3.1/../../../../arm-none-eabi/lib/thumb/v7e-m+fp/hard\libc_nano.a(lib_a-exit.o) (_global_impure_ptr)
c:/st/stm32cubeide_1.10.1/stm32cubeide/plugins/com.st.stm32cube.ide.mcu.externaltools.gnu-tools-for-stm32.10.3-2021.10.win32_1.0.0.202111181127/tools/bin/../lib/gcc/arm-none-eabi/10.3.1/../../../../arm-none-eabi/lib/thumb/v7e-m+fp/hard\libc_nano.a(lib_a-init.o)
                              c:/st/stm32cubeide_1.10.1/stm32cubeide/plugins/com.st.stm32cube.ide.mcu.externaltools.gnu-tools-for-stm32.10.3-2021.10.win32_1.0.0.202111181127/tools/bin/../lib/gcc/arm-none-eabi/10.3.1/../../../../arm-none-eabi/lib/thumb/v7e-m+fp/hard/crt0.o (__libc_init_array)
c:/st/stm32cubeide_1.10.1/stm32cubeide/plugins/com.st.stm32cube.ide.mcu.externaltools.gnu-tools-for-stm32.10.3-2021.10.win32_1.0.0.202111181127/tools/bin/../lib/gcc/arm-none-eabi/10.3.1/../../../../arm-none-eabi/lib/thumb/v7e-m+fp/hard\libc_nano.a(lib_a-memset.o)
                              c:/st/stm32cubeide_1.10.1/stm32cubeide/plugins/com.st.stm32cube.ide.mcu.externaltools.gnu-tools-for-stm32.10.3-2021.10.win32_1.0.0.202111181127/tools/bin/../lib/gcc/arm-none-eabi/10.3.1/../../../../arm-none-eabi/lib/thumb/v7e-m+fp/hard/crt0.o (memset)
c:/st/stm32cubeide_1.10.1/stm32cubeide/plugins/com.st.stm32cube.ide.mcu.externaltools.gnu-tools-for-stm32.10.3-2021.10.win32_1.0.0.202111181127/tools/bin/../lib/gcc/arm-none-eabi/10.3.1/thumb/v7e-m+fp/hard\libgcc.a(_aeabi_uldivmod.o)
                              ./Drivers/STM32F4xx_HAL_Driver/Src/stm32f4xx_hal_rcc.o (__aeabi_uldivmod)
c:/st/stm32cubeide_1.10.1/stm32cubeide/plugins/com.st.stm32cube.ide.mcu.externaltools.gnu-tools-for-stm32.10.3-2021.10.win32_1.0.0.202111181127/tools/bin/../lib/gcc/arm-none-eabi/10.3.1/thumb/v7e-m+fp/hard\libgcc.a(_udivmoddi4.o)
                              c:/st/stm32cubeide_1.10.1/stm32cubeide/plugins/com.st.stm32cube.ide.mcu.externaltools.gnu-tools-for-stm32.10.3-2021.10.win32_1.0.0.202111181127/tools/bin/../lib/gcc/arm-none-eabi/10.3.1/thumb/v7e-m+fp/hard\libgcc.a(_aeabi_uldivmod.o) (__udivmoddi4)
c:/st/stm32cubeide_1.10.1/stm32cubeide/plugins/com.st.stm32cube.ide.mcu.externaltools.gnu-tools-for-stm32.10.3-2021.10.win32_1.0.0.202111181127/tools/bin/../lib/gcc/arm-none-eabi/10.3.1/thumb/v7e-m+fp/hard\libgcc.a(_dvmd_tls.o)
                              c:/st/stm32cubeide_1.10.1/stm32cubeide/plugins/com.st.stm32cube.ide.mcu.externaltools.gnu-tools-for-stm32.10.3-2021.10.win32_1.0.0.202111181127/tools/bin/../lib/gcc/arm-none-eabi/10.3.1/thumb/v7e-m+fp/hard\libgcc.a(_aeabi_uldivmod.o) (__aeabi_ldiv0)

Discarded input sections

 .text          0x0000000000000000        0x0 c:/st/stm32cubeide_1.10.1/stm32cubeide/plugins/com.st.stm32cube.ide.mcu.externaltools.gnu-tools-for-stm32.10.3-2021.10.win32_1.0.0.202111181127/tools/bin/../lib/gcc/arm-none-eabi/10.3.1/thumb/v7e-m+fp/hard/crti.o
 .data          0x0000000000000000        0x0 c:/st/stm32cubeide_1.10.1/stm32cubeide/plugins/com.st.stm32cube.ide.mcu.externaltools.gnu-tools-for-stm32.10.3-2021.10.win32_1.0.0.202111181127/tools/bin/../lib/gcc/arm-none-eabi/10.3.1/thumb/v7e-m+fp/hard/crti.o
 .bss           0x0000000000000000        0x0 c:/st/stm32cubeide_1.10.1/stm32cubeide/plugins/com.st.stm32cube.ide.mcu.externaltools.gnu-tools-for-stm32.10.3-2021.10.win32_1.0.0.202111181127/tools/bin/../lib/gcc/arm-none-eabi/10.3.1/thumb/v7e-m+fp/hard/crti.o
[...]
Memory Configuration

Name             Origin             Length             Attributes
CCMRAM           0x0000000010000000 0x0000000000010000 xrw
RAM              0x0000000020000000 0x0000000000050000 xrw
FLASH            0x0000000008000000 0x0000000000200000 xr
*default*        0x0000000000000000 0xffffffffffffffff

Linker script and memory map

LOAD c:/st/stm32cubeide_1.10.1/stm32cubeide/plugins/com.st.stm32cube.ide.mcu.externaltools.gnu-tools-for-stm32.10.3-2021.10.win32_1.0.0.202111181127/tools/bin/../lib/gcc/arm-none-eabi/10.3.1/thumb/v7e-m+fp/hard/crti.o
LOAD c:/st/stm32cubeide_1.10.1/stm32cubeide/plugins/com.st.stm32cube.ide.mcu.externaltools.gnu-tools-for-stm32.10.3-2021.10.win32_1.0.0.202111181127/tools/bin/../lib/gcc/arm-none-eabi/10.3.1/thumb/v7e-m+fp/hard/crtbegin.o
LOAD c:/st/stm32cubeide_1.10.1/stm32cubeide/plugins/com.st.stm32cube.ide.mcu.externaltools.gnu-tools-for-stm32.10.3-2021.10.win32_1.0.0.202111181127/tools/bin/../lib/gcc/arm-none-eabi/10.3.1/../../../../arm-none-eabi/lib/thumb/v7e-m+fp/hard/crt0.o
LOAD ./Core/Src/main.o
LOAD ./Core/Src/stm32f4xx_hal_msp.o
LOAD ./Core/Src/stm32f4xx_it.o
LOAD ./Core/Src/syscalls.o
LOAD ./Core/Src/sysmem.o
LOAD ./Core/Src/system_stm32f4xx.o
LOAD ./Core/Startup/startup_stm32f479vitx.o
LOAD ./Drivers/STM32F4xx_HAL_Driver/Src/stm32f4xx_hal.o
LOAD ./Drivers/STM32F4xx_HAL_Driver/Src/stm32f4xx_hal_cortex.o
LOAD ./Drivers/STM32F4xx_HAL_Driver/Src/stm32f4xx_hal_dma.o
LOAD ./Drivers/STM32F4xx_HAL_Driver/Src/stm32f4xx_hal_dma_ex.o
LOAD ./Drivers/STM32F4xx_HAL_Driver/Src/stm32f4xx_hal_exti.o
LOAD ./Drivers/STM32F4xx_HAL_Driver/Src/stm32f4xx_hal_flash.o
LOAD ./Drivers/STM32F4xx_HAL_Driver/Src/stm32f4xx_hal_flash_ex.o
LOAD ./Drivers/STM32F4xx_HAL_Driver/Src/stm32f4xx_hal_flash_ramfunc.o
LOAD ./Drivers/STM32F4xx_HAL_Driver/Src/stm32f4xx_hal_gpio.o
LOAD ./Drivers/STM32F4xx_HAL_Driver/Src/stm32f4xx_hal_i2c.o
LOAD ./Drivers/STM32F4xx_HAL_Driver/Src/stm32f4xx_hal_i2c_ex.o
LOAD ./Drivers/STM32F4xx_HAL_Driver/Src/stm32f4xx_hal_pwr.o
LOAD ./Drivers/STM32F4xx_HAL_Driver/Src/stm32f4xx_hal_pwr_ex.o
LOAD ./Drivers/STM32F4xx_HAL_Driver/Src/stm32f4xx_hal_rcc.o
LOAD ./Drivers/STM32F4xx_HAL_Driver/Src/stm32f4xx_hal_rcc_ex.o
LOAD ./Drivers/STM32F4xx_HAL_Driver/Src/stm32f4xx_hal_spi.o
LOAD ./Drivers/STM32F4xx_HAL_Driver/Src/stm32f4xx_hal_tim.o
LOAD ./Drivers/STM32F4xx_HAL_Driver/Src/stm32f4xx_hal_tim_ex.o
LOAD ./Drivers/STM32F4xx_HAL_Driver/Src/stm32f4xx_hal_uart.o
START GROUP
LOAD c:/st/stm32cubeide_1.10.1/stm32cubeide/plugins/com.st.stm32cube.ide.mcu.externaltools.gnu-tools-for-stm32.10.3-2021.10.win32_1.0.0.202111181127/tools/bin/../lib/gcc/arm-none-eabi/10.3.1/../../../../arm-none-eabi/lib/thumb/v7e-m+fp/hard\libc_nano.a
LOAD c:/st/stm32cubeide_1.10.1/stm32cubeide/plugins/com.st.stm32cube.ide.mcu.externaltools.gnu-tools-for-stm32.10.3-2021.10.win32_1.0.0.202111181127/tools/bin/../lib/gcc/arm-none-eabi/10.3.1/../../../../arm-none-eabi/lib/thumb/v7e-m+fp/hard\libm.a
END GROUP
START GROUP
LOAD c:/st/stm32cubeide_1.10.1/stm32cubeide/plugins/com.st.stm32cube.ide.mcu.externaltools.gnu-tools-for-stm32.10.3-2021.10.win32_1.0.0.202111181127/tools/bin/../lib/gcc/arm-none-eabi/10.3.1/thumb/v7e-m+fp/hard\libgcc.a
LOAD c:/st/stm32cubeide_1.10.1/stm32cubeide/plugins/com.st.stm32cube.ide.mcu.externaltools.gnu-tools-for-stm32.10.3-2021.10.win32_1.0.0.202111181127/tools/bin/../lib/gcc/arm-none-eabi/10.3.1/../../../../arm-none-eabi/lib/thumb/v7e-m+fp/hard\libc_nano.a
END GROUP
START GROUP
LOAD c:/st/stm32cubeide_1.10.1/stm32cubeide/plugins/com.st.stm32cube.ide.mcu.externaltools.gnu-tools-for-stm32.10.3-2021.10.win32_1.0.0.202111181127/tools/bin/../lib/gcc/arm-none-eabi/10.3.1/thumb/v7e-m+fp/hard\libgcc.a
LOAD c:/st/stm32cubeide_1.10.1/stm32cubeide/plugins/com.st.stm32cube.ide.mcu.externaltools.gnu-tools-for-stm32.10.3-2021.10.win32_1.0.0.202111181127/tools/bin/../lib/gcc/arm-none-eabi/10.3.1/../../../../arm-none-eabi/lib/thumb/v7e-m+fp/hard\libc_nano.a
LOAD c:/st/stm32cubeide_1.10.1/stm32cubeide/plugins/com.st.stm32cube.ide.mcu.externaltools.gnu-tools-for-stm32.10.3-2021.10.win32_1.0.0.202111181127/tools/bin/../lib/gcc/arm-none-eabi/10.3.1/../../../../arm-none-eabi/lib/thumb/v7e-m+fp/hard\libnosys.a
END GROUP
START GROUP
LOAD c:/st/stm32cubeide_1.10.1/stm32cubeide/plugins/com.st.stm32cube.ide.mcu.externaltools.gnu-tools-for-stm32.10.3-2021.10.win32_1.0.0.202111181127/tools/bin/../lib/gcc/arm-none-eabi/10.3.1/thumb/v7e-m+fp/hard\libgcc.a
LOAD c:/st/stm32cubeide_1.10.1/stm32cubeide/plugins/com.st.stm32cube.ide.mcu.externaltools.gnu-tools-for-stm32.10.3-2021.10.win32_1.0.0.202111181127/tools/bin/../lib/gcc/arm-none-eabi/10.3.1/../../../../arm-none-eabi/lib/thumb/v7e-m+fp/hard\libc_nano.a
LOAD c:/st/stm32cubeide_1.10.1/stm32cubeide/plugins/com.st.stm32cube.ide.mcu.externaltools.gnu-tools-for-stm32.10.3-2021.10.win32_1.0.0.202111181127/tools/bin/../lib/gcc/arm-none-eabi/10.3.1/../../../../arm-none-eabi/lib/thumb/v7e-m+fp/hard\libnosys.a
END GROUP
LOAD c:/st/stm32cubeide_1.10.1/stm32cubeide/plugins/com.st.stm32cube.ide.mcu.externaltools.gnu-tools-for-stm32.10.3-2021.10.win32_1.0.0.202111181127/tools/bin/../lib/gcc/arm-none-eabi/10.3.1/thumb/v7e-m+fp/hard/crtend.o
LOAD c:/st/stm32cubeide_1.10.1/stm32cubeide/plugins/com.st.stm32cube.ide.mcu.externaltools.gnu-tools-for-stm32.10.3-2021.10.win32_1.0.0.202111181127/tools/bin/../lib/gcc/arm-none-eabi/10.3.1/thumb/v7e-m+fp/hard/crtn.o
                0x0000000020050000                _estack = (ORIGIN (RAM) + LENGTH (RAM))
                0x0000000000000200                _Min_Heap_Size = 0x200
                0x0000000000000400                _Min_Stack_Size = 0x400

.isr_vector     0x0000000008000000      0x1b4
                0x0000000008000000                . = ALIGN (0x4)
 *(.isr_vector)
 .isr_vector    0x0000000008000000      0x1b4 ./Core/Startup/startup_stm32f479vitx.o
                0x0000000008000000                g_pfnVectors
                0x00000000080001b4                . = ALIGN (0x4)

.text           0x00000000080001b4     0x3694
                0x00000000080001b4                . = ALIGN (0x4)
 *(.text)
 .text          0x00000000080001b4       0x40 c:/st/stm32cubeide_1.10.1/stm32cubeide/plugins/com.st.stm32cube.ide.mcu.externaltools.gnu-tools-for-stm32.10.3-2021.10.win32_1.0.0.202111181127/tools/bin/../lib/gcc/arm-none-eabi/10.3.1/thumb/v7e-m+fp/hard/crtbegin.o
 .text          0x00000000080001f4       0x30 c:/st/stm32cubeide_1.10.1/stm32cubeide/plugins/com.st.stm32cube.ide.mcu.externaltools.gnu-tools-for-stm32.10.3-2021.10.win32_1.0.0.202111181127/tools/bin/../lib/gcc/arm-none-eabi/10.3.1/thumb/v7e-m+fp/hard\libgcc.a(_aeabi_uldivmod.o)
                0x00000000080001f4                __aeabi_uldivmod
 .text          0x0000000008000224      0x2d0 c:/st/stm32cubeide_1.10.1/stm32cubeide/plugins/com.st.stm32cube.ide.mcu.externaltools.gnu-tools-for-stm32.10.3-2021.10.win32_1.0.0.202111181127/tools/bin/../lib/gcc/arm-none-eabi/10.3.1/thumb/v7e-m+fp/hard\libgcc.a(_udivmoddi4.o)
                0x0000000008000224                __udivmoddi4
 .text          0x00000000080004f4        0x4 c:/st/stm32cubeide_1.10.1/stm32cubeide/plugins/com.st.stm32cube.ide.mcu.externaltools.gnu-tools-for-stm32.10.3-2021.10.win32_1.0.0.202111181127/tools/bin/../lib/gcc/arm-none-eabi/10.3.1/thumb/v7e-m+fp/hard\libgcc.a(_dvmd_tls.o)
                0x00000000080004f4                __aeabi_idiv0
                0x00000000080004f4                __aeabi_ldiv0
 *(.text*)
 .text.main     0x00000000080004f8       0x58 ./Core/Src/main.o
                0x00000000080004f8                main
 .text.SystemClock_Config
                0x0000000008000550       0xd8 ./Core/Src/main.o
                0x0000000008000550                SystemClock_Config
 .text.MX_I2C1_Init
                0x0000000008000628       0x5c ./Core/Src/main.o
 .text.MX_I2C2_Init
                0x0000000008000684       0x5c ./Core/Src/main.o
 .text.MX_I2C3_Init
                0x00000000080006e0       0x5c ./Core/Src/main.o
 .text.MX_SPI1_Init
                0x000000000800073c       0x6c ./Core/Src/main.o
 .text.MX_TIM1_Init
                0x00000000080007a8      0x170 ./Core/Src/main.o
 .text.MX_UART4_Init
                0x0000000008000918       0x54 ./Core/Src/main.o
 .text.MX_UART5_Init
                0x000000000800096c       0x54 ./Core/Src/main.o
 .text.MX_UART7_Init
                0x00000000080009c0       0x54 ./Core/Src/main.o
 .text.MX_USART3_UART_Init
                0x0000000008000a14       0x54 ./Core/Src/main.o
 .text.MX_GPIO_Init
                0x0000000008000a68       0xf4 ./Core/Src/main.o
 .text.Error_Handler
                0x0000000008000b5c        0xa ./Core/Src/main.o
                0x0000000008000b5c                Error_Handler
 *fill*         0x0000000008000b66        0x2 
 .text.HAL_MspInit
                0x0000000008000b68       0x50 ./Core/Src/stm32f4xx_hal_msp.o
                0x0000000008000b68                HAL_MspInit
 .text.HAL_I2C_MspInit
                0x0000000008000bb8      0x1a8 ./Core/Src/stm32f4xx_hal_msp.o
                0x0000000008000bb8                HAL_I2C_MspInit
 .text.HAL_SPI_MspInit
                0x0000000008000d60       0x90 ./Core/Src/stm32f4xx_hal_msp.o
                0x0000000008000d60                HAL_SPI_MspInit
 .text.HAL_TIM_Base_MspInit
                0x0000000008000df0       0x44 ./Core/Src/stm32f4xx_hal_msp.o
                0x0000000008000df0                HAL_TIM_Base_MspInit
 .text.HAL_TIM_MspPostInit
                0x0000000008000e34       0x74 ./Core/Src/stm32f4xx_hal_msp.o
                0x0000000008000e34                HAL_TIM_MspPostInit
 .text.HAL_UART_MspInit
                0x0000000008000ea8      0x214 ./Core/Src/stm32f4xx_hal_msp.o
                0x0000000008000ea8                HAL_UART_MspInit
 .text.NMI_Handler
                0x00000000080010bc        0x6 ./Core/Src/stm32f4xx_it.o
                0x00000000080010bc                NMI_Handler
 .text.HardFault_Handler
                0x00000000080010c2        0x6 ./Core/Src/stm32f4xx_it.o
                0x00000000080010c2                HardFault_Handler
 .text.MemManage_Handler
                0x00000000080010c8        0x6 ./Core/Src/stm32f4xx_it.o
                0x00000000080010c8                MemManage_Handler
 .text.BusFault_Handler
                0x00000000080010ce        0x6 ./Core/Src/stm32f4xx_it.o
                0x00000000080010ce                BusFault_Handler
 .text.UsageFault_Handler
                0x00000000080010d4        0x6 ./Core/Src/stm32f4xx_it.o
                0x00000000080010d4                UsageFault_Handler
 .text.SVC_Handler
                0x00000000080010da        0xe ./Core/Src/stm32f4xx_it.o
                0x00000000080010da                SVC_Handler
 .text.DebugMon_Handler
                0x00000000080010e8        0xe ./Core/Src/stm32f4xx_it.o
                0x00000000080010e8                DebugMon_Handler
 .text.PendSV_Handler
                0x00000000080010f6        0xe ./Core/Src/stm32f4xx_it.o
                0x00000000080010f6                PendSV_Handler
 .text.SysTick_Handler
                0x0000000008001104        0xc ./Core/Src/stm32f4xx_it.o
                0x0000000008001104                SysTick_Handler
 .text.SystemInit
                0x0000000008001110       0x24 ./Core/Src/system_stm32f4xx.o
                0x0000000008001110                SystemInit
 .text.Reset_Handler
                0x0000000008001134       0x50 ./Core/Startup/startup_stm32f479vitx.o
                0x0000000008001134                Reset_Handler
 .text.Default_Handler
                0x0000000008001184        0x2 ./Core/Startup/startup_stm32f479vitx.o
                0x0000000008001184                RTC_Alarm_IRQHandler
                0x0000000008001184                HASH_RNG_IRQHandler
                0x0000000008001184                EXTI2_IRQHandler
                0x0000000008001184                TIM8_CC_IRQHandler
                0x0000000008001184                UART8_IRQHandler
                0x0000000008001184                SPI4_IRQHandler
                0x0000000008001184                TIM1_CC_IRQHandler
                0x0000000008001184                DMA2_Stream5_IRQHandler
                0x0000000008001184                DMA1_Stream5_IRQHandler
                0x0000000008001184                PVD_IRQHandler
                0x0000000008001184                SDIO_IRQHandler
                0x0000000008001184                TAMP_STAMP_IRQHandler
                0x0000000008001184                CAN2_RX1_IRQHandler
                0x0000000008001184                EXTI3_IRQHandler
                0x0000000008001184                TIM8_TRG_COM_TIM14_IRQHandler
                0x0000000008001184                TIM1_UP_TIM10_IRQHandler
                0x0000000008001184                TIM8_UP_TIM13_IRQHandler
                0x0000000008001184                I2C3_ER_IRQHandler
                0x0000000008001184                EXTI0_IRQHandler
                0x0000000008001184                I2C2_EV_IRQHandler
                0x0000000008001184                DMA1_Stream2_IRQHandler
                0x0000000008001184                CAN1_RX0_IRQHandler
                0x0000000008001184                FPU_IRQHandler
                0x0000000008001184                OTG_HS_WKUP_IRQHandler
                0x0000000008001184                LTDC_ER_IRQHandler
                0x0000000008001184                CAN2_SCE_IRQHandler
                0x0000000008001184                DMA2_Stream2_IRQHandler
                0x0000000008001184                SPI1_IRQHandler
                0x0000000008001184                TIM6_DAC_IRQHandler
                0x0000000008001184                TIM1_BRK_TIM9_IRQHandler
                0x0000000008001184                DCMI_IRQHandler
                0x0000000008001184                CAN2_RX0_IRQHandler
                0x0000000008001184                DMA2_Stream3_IRQHandler
                0x0000000008001184                USART6_IRQHandler
                0x0000000008001184                USART3_IRQHandler
                0x0000000008001184                CRYP_IRQHandler
                0x0000000008001184                CAN1_RX1_IRQHandler
                0x0000000008001184                UART5_IRQHandler
                0x0000000008001184                DMA2_Stream0_IRQHandler
                0x0000000008001184                TIM4_IRQHandler
                0x0000000008001184                QUADSPI_IRQHandler
                0x0000000008001184                I2C1_EV_IRQHandler
                0x0000000008001184                DMA1_Stream6_IRQHandler
                0x0000000008001184                DMA1_Stream1_IRQHandler
                0x0000000008001184                UART4_IRQHandler
                0x0000000008001184                TIM3_IRQHandler
                0x0000000008001184                RCC_IRQHandler
                0x0000000008001184                TIM8_BRK_TIM12_IRQHandler
                0x0000000008001184                Default_Handler
                0x0000000008001184                EXTI15_10_IRQHandler
                0x0000000008001184                ADC_IRQHandler
                0x0000000008001184                DMA1_Stream7_IRQHandler
                0x0000000008001184                SPI5_IRQHandler
                0x0000000008001184                TIM7_IRQHandler
                0x0000000008001184                CAN2_TX_IRQHandler
                0x0000000008001184                TIM5_IRQHandler
                0x0000000008001184                DMA2_Stream7_IRQHandler
                0x0000000008001184                I2C3_EV_IRQHandler
                0x0000000008001184                EXTI9_5_IRQHandler
                0x0000000008001184                RTC_WKUP_IRQHandler
                0x0000000008001184                LTDC_IRQHandler
                0x0000000008001184                ETH_WKUP_IRQHandler
                0x0000000008001184                SPI2_IRQHandler
                0x0000000008001184                OTG_HS_EP1_IN_IRQHandler
                0x0000000008001184                DMA1_Stream0_IRQHandler
                0x0000000008001184                CAN1_TX_IRQHandler
                0x0000000008001184                EXTI4_IRQHandler
                0x0000000008001184                DSI_IRQHandler
                0x0000000008001184                ETH_IRQHandler
                0x0000000008001184                OTG_HS_EP1_OUT_IRQHandler
                0x0000000008001184                WWDG_IRQHandler
                0x0000000008001184                SPI6_IRQHandler
                0x0000000008001184                TIM2_IRQHandler
                0x0000000008001184                OTG_FS_WKUP_IRQHandler
                0x0000000008001184                TIM1_TRG_COM_TIM11_IRQHandler
                0x0000000008001184                OTG_HS_IRQHandler
                0x0000000008001184                DMA2D_IRQHandler
                0x0000000008001184                EXTI1_IRQHandler
                0x0000000008001184                UART7_IRQHandler
                0x0000000008001184                USART2_IRQHandler
                0x0000000008001184                I2C2_ER_IRQHandler
                0x0000000008001184                DMA2_Stream1_IRQHandler
                0x0000000008001184                CAN1_SCE_IRQHandler
                0x0000000008001184                FLASH_IRQHandler
                0x0000000008001184                DMA2_Stream4_IRQHandler
                0x0000000008001184                USART1_IRQHandler
                0x0000000008001184                OTG_FS_IRQHandler
                0x0000000008001184                SPI3_IRQHandler
                0x0000000008001184                DMA1_Stream4_IRQHandler
                0x0000000008001184                I2C1_ER_IRQHandler
                0x0000000008001184                FMC_IRQHandler
                0x0000000008001184                DMA2_Stream6_IRQHandler
                0x0000000008001184                SAI1_IRQHandler
                0x0000000008001184                DMA1_Stream3_IRQHandler
 *fill*         0x0000000008001186        0x2 
 .text.HAL_Init
                0x0000000008001188       0x44 ./Drivers/STM32F4xx_HAL_Driver/Src/stm32f4xx_hal.o
                0x0000000008001188                HAL_Init
 .text.HAL_InitTick
                0x00000000080011cc       0x60 ./Drivers/STM32F4xx_HAL_Driver/Src/stm32f4xx_hal.o
                0x00000000080011cc                HAL_InitTick
 .text.HAL_IncTick
                0x000000000800122c       0x28 ./Drivers/STM32F4xx_HAL_Driver/Src/stm32f4xx_hal.o
                0x000000000800122c                HAL_IncTick
 .text.HAL_GetTick
                0x0000000008001254       0x18 ./Drivers/STM32F4xx_HAL_Driver/Src/stm32f4xx_hal.o
                0x0000000008001254                HAL_GetTick
 .text.__NVIC_SetPriorityGrouping
                0x000000000800126c       0x48 ./Drivers/STM32F4xx_HAL_Driver/Src/stm32f4xx_hal_cortex.o
 .text.__NVIC_GetPriorityGrouping
                0x00000000080012b4       0x1c ./Drivers/STM32F4xx_HAL_Driver/Src/stm32f4xx_hal_cortex.o
 .text.__NVIC_SetPriority
                0x00000000080012d0       0x54 ./Drivers/STM32F4xx_HAL_Driver/Src/stm32f4xx_hal_cortex.o
 .text.NVIC_EncodePriority
                0x0000000008001324       0x66 ./Drivers/STM32F4xx_HAL_Driver/Src/stm32f4xx_hal_cortex.o
 *fill*         0x000000000800138a        0x2 
 .text.SysTick_Config
                0x000000000800138c       0x44 ./Drivers/STM32F4xx_HAL_Driver/Src/stm32f4xx_hal_cortex.o
 .text.HAL_NVIC_SetPriorityGrouping
                0x00000000080013d0       0x16 ./Drivers/STM32F4xx_HAL_Driver/Src/stm32f4xx_hal_cortex.o
                0x00000000080013d0                HAL_NVIC_SetPriorityGrouping
 .text.HAL_NVIC_SetPriority
                0x00000000080013e6       0x38 ./Drivers/STM32F4xx_HAL_Driver/Src/stm32f4xx_hal_cortex.o
                0x00000000080013e6                HAL_NVIC_SetPriority
 .text.HAL_SYSTICK_Config
                0x000000000800141e       0x18 ./Drivers/STM32F4xx_HAL_Driver/Src/stm32f4xx_hal_cortex.o
                0x000000000800141e                HAL_SYSTICK_Config
 *fill*         0x0000000008001436        0x2 
 .text.HAL_GPIO_Init
                0x0000000008001438      0x358 ./Drivers/STM32F4xx_HAL_Driver/Src/stm32f4xx_hal_gpio.o
                0x0000000008001438                HAL_GPIO_Init
 .text.HAL_GPIO_WritePin
                0x0000000008001790       0x32 ./Drivers/STM32F4xx_HAL_Driver/Src/stm32f4xx_hal_gpio.o
                0x0000000008001790                HAL_GPIO_WritePin
 *fill*         0x00000000080017c2        0x2 
 .text.HAL_I2C_Init
                0x00000000080017c4      0x288 ./Drivers/STM32F4xx_HAL_Driver/Src/stm32f4xx_hal_i2c.o
                0x00000000080017c4                HAL_I2C_Init
 .text.HAL_RCC_ClockConfig
                0x0000000008001a4c      0x1cc ./Drivers/STM32F4xx_HAL_Driver/Src/stm32f4xx_hal_rcc.o
                0x0000000008001a4c                HAL_RCC_ClockConfig
 .text.HAL_RCC_GetSysClockFreq
                0x0000000008001c18      0x208 ./Drivers/STM32F4xx_HAL_Driver/Src/stm32f4xx_hal_rcc.o
                0x0000000008001c18                HAL_RCC_GetSysClockFreq
 .text.HAL_RCC_GetHCLKFreq
                0x0000000008001e20       0x18 ./Drivers/STM32F4xx_HAL_Driver/Src/stm32f4xx_hal_rcc.o
                0x0000000008001e20                HAL_RCC_GetHCLKFreq
 .text.HAL_RCC_GetPCLK1Freq
                0x0000000008001e38       0x28 ./Drivers/STM32F4xx_HAL_Driver/Src/stm32f4xx_hal_rcc.o
                0x0000000008001e38                HAL_RCC_GetPCLK1Freq
 .text.HAL_RCC_GetPCLK2Freq
                0x0000000008001e60       0x28 ./Drivers/STM32F4xx_HAL_Driver/Src/stm32f4xx_hal_rcc.o
                0x0000000008001e60                HAL_RCC_GetPCLK2Freq
 .text.HAL_RCC_OscConfig
                0x0000000008001e88      0x508 ./Drivers/STM32F4xx_HAL_Driver/Src/stm32f4xx_hal_rcc_ex.o
                0x0000000008001e88                HAL_RCC_OscConfig
 .text.HAL_SPI_Init
                0x0000000008002390      0x112 ./Drivers/STM32F4xx_HAL_Driver/Src/stm32f4xx_hal_spi.o
                0x0000000008002390                HAL_SPI_Init
 .text.HAL_TIM_Base_Init
                0x00000000080024a2       0x9e ./Drivers/STM32F4xx_HAL_Driver/Src/stm32f4xx_hal_tim.o
                0x00000000080024a2                HAL_TIM_Base_Init
 .text.HAL_TIM_PWM_Init
                0x0000000008002540       0x9e ./Drivers/STM32F4xx_HAL_Driver/Src/stm32f4xx_hal_tim.o
                0x0000000008002540                HAL_TIM_PWM_Init
 .text.HAL_TIM_PWM_MspInit
                0x00000000080025de       0x14 ./Drivers/STM32F4xx_HAL_Driver/Src/stm32f4xx_hal_tim.o
                0x00000000080025de                HAL_TIM_PWM_MspInit
 *fill*         0x00000000080025f2        0x2 
 .text.HAL_TIM_PWM_Start
                0x00000000080025f4      0x190 ./Drivers/STM32F4xx_HAL_Driver/Src/stm32f4xx_hal_tim.o
                0x00000000080025f4                HAL_TIM_PWM_Start
 .text.HAL_TIM_PWM_ConfigChannel
                0x0000000008002784      0x184 ./Drivers/STM32F4xx_HAL_Driver/Src/stm32f4xx_hal_tim.o
                0x0000000008002784                HAL_TIM_PWM_ConfigChannel
 .text.HAL_TIM_ConfigClockSource
                0x0000000008002908      0x18e ./Drivers/STM32F4xx_HAL_Driver/Src/stm32f4xx_hal_tim.o
                0x0000000008002908                HAL_TIM_ConfigClockSource
 *fill*         0x0000000008002a96        0x2 
 .text.TIM_Base_SetConfig
                0x0000000008002a98      0x140 ./Drivers/STM32F4xx_HAL_Driver/Src/stm32f4xx_hal_tim.o
                0x0000000008002a98                TIM_Base_SetConfig
 .text.TIM_OC1_SetConfig
                0x0000000008002bd8       0xe0 ./Drivers/STM32F4xx_HAL_Driver/Src/stm32f4xx_hal_tim.o
 .text.TIM_OC2_SetConfig
                0x0000000008002cb8       0xec ./Drivers/STM32F4xx_HAL_Driver/Src/stm32f4xx_hal_tim.o
                0x0000000008002cb8                TIM_OC2_SetConfig
 .text.TIM_OC3_SetConfig
                0x0000000008002da4       0xe8 ./Drivers/STM32F4xx_HAL_Driver/Src/stm32f4xx_hal_tim.o
 .text.TIM_OC4_SetConfig
                0x0000000008002e8c       0xac ./Drivers/STM32F4xx_HAL_Driver/Src/stm32f4xx_hal_tim.o
 .text.TIM_TI1_ConfigInputStage
                0x0000000008002f38       0x5e ./Drivers/STM32F4xx_HAL_Driver/Src/stm32f4xx_hal_tim.o
 .text.TIM_TI2_ConfigInputStage
                0x0000000008002f96       0x60 ./Drivers/STM32F4xx_HAL_Driver/Src/stm32f4xx_hal_tim.o
 .text.TIM_ITRx_SetConfig
                0x0000000008002ff6       0x36 ./Drivers/STM32F4xx_HAL_Driver/Src/stm32f4xx_hal_tim.o
 .text.TIM_ETR_SetConfig
                0x000000000800302c       0x40 ./Drivers/STM32F4xx_HAL_Driver/Src/stm32f4xx_hal_tim.o
                0x000000000800302c                TIM_ETR_SetConfig
 .text.TIM_CCxChannelCmd
                0x000000000800306c       0x4a ./Drivers/STM32F4xx_HAL_Driver/Src/stm32f4xx_hal_tim.o
                0x000000000800306c                TIM_CCxChannelCmd
 *fill*         0x00000000080030b6        0x2 
 .text.HAL_TIMEx_MasterConfigSynchronization
                0x00000000080030b8       0xf8 ./Drivers/STM32F4xx_HAL_Driver/Src/stm32f4xx_hal_tim_ex.o
                0x00000000080030b8                HAL_TIMEx_MasterConfigSynchronization
 .text.HAL_TIMEx_ConfigBreakDeadTime
                0x00000000080031b0       0xa4 ./Drivers/STM32F4xx_HAL_Driver/Src/stm32f4xx_hal_tim_ex.o
                0x00000000080031b0                HAL_TIMEx_ConfigBreakDeadTime
 .text.HAL_UART_Init
                0x0000000008003254       0x9a ./Drivers/STM32F4xx_HAL_Driver/Src/stm32f4xx_hal_uart.o
                0x0000000008003254                HAL_UART_Init
 *fill*         0x00000000080032ee        0x2 
 .text.UART_SetConfig
                0x00000000080032f0      0x4e8 ./Drivers/STM32F4xx_HAL_Driver/Src/stm32f4xx_hal_uart.o
 .text.__libc_init_array
                0x00000000080037d8       0x48 c:/st/stm32cubeide_1.10.1/stm32cubeide/plugins/com.st.stm32cube.ide.mcu.externaltools.gnu-tools-for-stm32.10.3-2021.10.win32_1.0.0.202111181127/tools/bin/../lib/gcc/arm-none-eabi/10.3.1/../../../../arm-none-eabi/lib/thumb/v7e-m+fp/hard\libc_nano.a(lib_a-init.o)
                0x00000000080037d8                __libc_init_array
 .text.memset   0x0000000008003820       0x10 c:/st/stm32cubeide_1.10.1/stm32cubeide/plugins/com.st.stm32cube.ide.mcu.externaltools.gnu-tools-for-stm32.10.3-2021.10.win32_1.0.0.202111181127/tools/bin/../lib/gcc/arm-none-eabi/10.3.1/../../../../arm-none-eabi/lib/thumb/v7e-m+fp/hard\libc_nano.a(lib_a-memset.o)
                0x0000000008003820                memset
 *(.glue_7)
 .glue_7        0x0000000008003830        0x0 linker stubs
 *(.glue_7t)
 .glue_7t       0x0000000008003830        0x0 linker stubs
 *(.eh_frame)
 .eh_frame      0x0000000008003830        0x0 c:/st/stm32cubeide_1.10.1/stm32cubeide/plugins/com.st.stm32cube.ide.mcu.externaltools.gnu-tools-for-stm32.10.3-2021.10.win32_1.0.0.202111181127/tools/bin/../lib/gcc/arm-none-eabi/10.3.1/thumb/v7e-m+fp/hard/crtbegin.o
 *(.init)
 .init          0x0000000008003830        0x4 c:/st/stm32cubeide_1.10.1/stm32cubeide/plugins/com.st.stm32cube.ide.mcu.externaltools.gnu-tools-for-stm32.10.3-2021.10.win32_1.0.0.202111181127/tools/bin/../lib/gcc/arm-none-eabi/10.3.1/thumb/v7e-m+fp/hard/crti.o
                0x0000000008003830                _init
 .init          0x0000000008003834        0x8 c:/st/stm32cubeide_1.10.1/stm32cubeide/plugins/com.st.stm32cube.ide.mcu.externaltools.gnu-tools-for-stm32.10.3-2021.10.win32_1.0.0.202111181127/tools/bin/../lib/gcc/arm-none-eabi/10.3.1/thumb/v7e-m+fp/hard/crtn.o
 *(.fini)
 .fini          0x000000000800383c        0x4 c:/st/stm32cubeide_1.10.1/stm32cubeide/plugins/com.st.stm32cube.ide.mcu.externaltools.gnu-tools-for-stm32.10.3-2021.10.win32_1.0.0.202111181127/tools/bin/../lib/gcc/arm-none-eabi/10.3.1/thumb/v7e-m+fp/hard/crti.o
                0x000000000800383c                _fini
 .fini          0x0000000008003840        0x8 c:/st/stm32cubeide_1.10.1/stm32cubeide/plugins/com.st.stm32cube.ide.mcu.externaltools.gnu-tools-for-stm32.10.3-2021.10.win32_1.0.0.202111181127/tools/bin/../lib/gcc/arm-none-eabi/10.3.1/thumb/v7e-m+fp/hard/crtn.o
                0x0000000008003848                . = ALIGN (0x4)
                0x0000000008003848                _etext = .

.vfp11_veneer   0x0000000008003848        0x0
 .vfp11_veneer  0x0000000008003848        0x0 linker stubs

.v4_bx          0x0000000008003848        0x0
 .v4_bx         0x0000000008003848        0x0 linker stubs

.iplt           0x0000000008003848        0x0
 .iplt          0x0000000008003848        0x0 c:/st/stm32cubeide_1.10.1/stm32cubeide/plugins/com.st.stm32cube.ide.mcu.externaltools.gnu-tools-for-stm32.10.3-2021.10.win32_1.0.0.202111181127/tools/bin/../lib/gcc/arm-none-eabi/10.3.1/thumb/v7e-m+fp/hard/crtbegin.o

.rodata         0x0000000008003848       0x18
                0x0000000008003848                . = ALIGN (0x4)
 *(.rodata)
 *(.rodata*)
 .rodata.AHBPrescTable
                0x0000000008003848       0x10 ./Core/Src/system_stm32f4xx.o
                0x0000000008003848                AHBPrescTable
 .rodata.APBPrescTable
                0x0000000008003858        0x8 ./Core/Src/system_stm32f4xx.o
                0x0000000008003858                APBPrescTable
                0x0000000008003860                . = ALIGN (0x4)

.ARM.extab      0x0000000008003860        0x0
                0x0000000008003860                . = ALIGN (0x4)
 *(.ARM.extab* .gnu.linkonce.armextab.*)
                0x0000000008003860                . = ALIGN (0x4)

.ARM            0x0000000008003860        0x8
                0x0000000008003860                . = ALIGN (0x4)
                0x0000000008003860                __exidx_start = .
 *(.ARM.exidx*)
 .ARM.exidx     0x0000000008003860        0x8 c:/st/stm32cubeide_1.10.1/stm32cubeide/plugins/com.st.stm32cube.ide.mcu.externaltools.gnu-tools-for-stm32.10.3-2021.10.win32_1.0.0.202111181127/tools/bin/../lib/gcc/arm-none-eabi/10.3.1/thumb/v7e-m+fp/hard\libgcc.a(_udivmoddi4.o)
                0x0000000008003868                __exidx_end = .
                0x0000000008003868                . = ALIGN (0x4)

.rel.dyn        0x0000000008003868        0x0
 .rel.iplt      0x0000000008003868        0x0 c:/st/stm32cubeide_1.10.1/stm32cubeide/plugins/com.st.stm32cube.ide.mcu.externaltools.gnu-tools-for-stm32.10.3-2021.10.win32_1.0.0.202111181127/tools/bin/../lib/gcc/arm-none-eabi/10.3.1/thumb/v7e-m+fp/hard/crtbegin.o

.preinit_array  0x0000000008003868        0x0
                0x0000000008003868                . = ALIGN (0x4)
                0x0000000008003868                PROVIDE (__preinit_array_start = .)
 *(.preinit_array*)
                0x0000000008003868                PROVIDE (__preinit_array_end = .)
                0x0000000008003868                . = ALIGN (0x4)

.init_array     0x0000000008003868        0x4
                0x0000000008003868                . = ALIGN (0x4)
                0x0000000008003868                PROVIDE (__init_array_start = .)
 *(SORT_BY_NAME(.init_array.*))
 *(.init_array*)
 .init_array    0x0000000008003868        0x4 c:/st/stm32cubeide_1.10.1/stm32cubeide/plugins/com.st.stm32cube.ide.mcu.externaltools.gnu-tools-for-stm32.10.3-2021.10.win32_1.0.0.202111181127/tools/bin/../lib/gcc/arm-none-eabi/10.3.1/thumb/v7e-m+fp/hard/crtbegin.o
                0x000000000800386c                PROVIDE (__init_array_end = .)
                0x000000000800386c                . = ALIGN (0x4)

.fini_array     0x000000000800386c        0x4
                0x000000000800386c                . = ALIGN (0x4)
                [!provide]                        PROVIDE (__fini_array_start = .)
 *(SORT_BY_NAME(.fini_array.*))
 *(.fini_array*)
 .fini_array    0x000000000800386c        0x4 c:/st/stm32cubeide_1.10.1/stm32cubeide/plugins/com.st.stm32cube.ide.mcu.externaltools.gnu-tools-for-stm32.10.3-2021.10.win32_1.0.0.202111181127/tools/bin/../lib/gcc/arm-none-eabi/10.3.1/thumb/v7e-m+fp/hard/crtbegin.o
                [!provide]                        PROVIDE (__fini_array_end = .)
                0x0000000008003870                . = ALIGN (0x4)
                0x0000000008003870                _sidata = LOADADDR (.data)

.data           0x0000000020000000        0xc load address 0x0000000008003870
                0x0000000020000000                . = ALIGN (0x4)
                0x0000000020000000                _sdata = .
 *(.data)
 *(.data*)
 .data.SystemCoreClock
                0x0000000020000000        0x4 ./Core/Src/system_stm32f4xx.o
                0x0000000020000000                SystemCoreClock
 .data.uwTickPrio
                0x0000000020000004        0x4 ./Drivers/STM32F4xx_HAL_Driver/Src/stm32f4xx_hal.o
                0x0000000020000004                uwTickPrio
 .data.uwTickFreq
                0x0000000020000008        0x1 ./Drivers/STM32F4xx_HAL_Driver/Src/stm32f4xx_hal.o
                0x0000000020000008                uwTickFreq
 *(.RamFunc)
 *(.RamFunc*)
                0x000000002000000c                . = ALIGN (0x4)
 *fill*         0x0000000020000009        0x3 
                0x000000002000000c                _edata = .
                0x000000000800387c                _siccmram = LOADADDR (.ccmram)

.igot.plt       0x000000002000000c        0x0 load address 0x000000000800387c
 .igot.plt      0x000000002000000c        0x0 c:/st/stm32cubeide_1.10.1/stm32cubeide/plugins/com.st.stm32cube.ide.mcu.externaltools.gnu-tools-for-stm32.10.3-2021.10.win32_1.0.0.202111181127/tools/bin/../lib/gcc/arm-none-eabi/10.3.1/thumb/v7e-m+fp/hard/crtbegin.o

.ccmram         0x0000000010000000        0x0 load address 0x000000000800387c
                0x0000000010000000                . = ALIGN (0x4)
                0x0000000010000000                _sccmram = .
 *(.ccmram)
 *(.ccmram*)
                0x0000000010000000                . = ALIGN (0x4)
                0x0000000010000000                _eccmram = .
                0x0000000010000000                . = ALIGN (0x4)

.bss            0x000000002000000c      0x2cc
                0x000000002000000c                _sbss = .
                0x000000002000000c                __bss_start__ = _sbss
 *(.bss)
 .bss           0x000000002000000c       0x1c c:/st/stm32cubeide_1.10.1/stm32cubeide/plugins/com.st.stm32cube.ide.mcu.externaltools.gnu-tools-for-stm32.10.3-2021.10.win32_1.0.0.202111181127/tools/bin/../lib/gcc/arm-none-eabi/10.3.1/thumb/v7e-m+fp/hard/crtbegin.o
 *(.bss*)
 .bss.hi2c1     0x0000000020000028       0x54 ./Core/Src/main.o
                0x0000000020000028                hi2c1
 .bss.hi2c2     0x000000002000007c       0x54 ./Core/Src/main.o
                0x000000002000007c                hi2c2
 .bss.hi2c3     0x00000000200000d0       0x54 ./Core/Src/main.o
                0x00000000200000d0                hi2c3
 .bss.hspi1     0x0000000020000124       0x58 ./Core/Src/main.o
                0x0000000020000124                hspi1
 .bss.htim1     0x000000002000017c       0x48 ./Core/Src/main.o
                0x000000002000017c                htim1
 .bss.huart4    0x00000000200001c4       0x44 ./Core/Src/main.o
                0x00000000200001c4                huart4
 .bss.huart5    0x0000000020000208       0x44 ./Core/Src/main.o
                0x0000000020000208                huart5
 .bss.huart7    0x000000002000024c       0x44 ./Core/Src/main.o
                0x000000002000024c                huart7
 .bss.huart3    0x0000000020000290       0x44 ./Core/Src/main.o
                0x0000000020000290                huart3
 .bss.uwTick    0x00000000200002d4        0x4 ./Drivers/STM32F4xx_HAL_Driver/Src/stm32f4xx_hal.o
                0x00000000200002d4                uwTick
 *(COMMON)
                0x00000000200002d8                . = ALIGN (0x4)
                0x00000000200002d8                _ebss = .
                0x00000000200002d8                __bss_end__ = _ebss

._user_heap_stack
                0x00000000200002d8      0x600
                0x00000000200002d8                . = ALIGN (0x8)
                [!provide]                        PROVIDE (end = .)
                0x00000000200002d8                PROVIDE (_end = .)
                0x00000000200004d8                . = (. + _Min_Heap_Size)
 *fill*         0x00000000200002d8      0x200 
                0x00000000200008d8                . = (. + _Min_Stack_Size)
 *fill*         0x00000000200004d8      0x400 
                0x00000000200008d8                . = ALIGN (0x8)

/DISCARD/
 libc.a(*)
 libm.a(*)
 libgcc.a(*)

.ARM.attributes
                0x0000000000000000       0x30
 *(.ARM.attributes)
 .ARM.attributes
                0x0000000000000000       0x1e c:/st/stm32cubeide_1.10.1/stm32cubeide/plugins/com.st.stm32cube.ide.mcu.externaltools.gnu-tools-for-stm32.10.3-2021.10.win32_1.0.0.202111181127/tools/bin/../lib/gcc/arm-none-eabi/10.3.1/thumb/v7e-m+fp/hard/crti.o
 .ARM.attributes
                0x000000000000001e       0x34 c:/st/stm32cubeide_1.10.1/stm32cubeide/plugins/com.st.stm32cube.ide.mcu.externaltools.gnu-tools-for-stm32.10.3-2021.10.win32_1.0.0.202111181127/tools/bin/../lib/gcc/arm-none-eabi/10.3.1/thumb/v7e-m+fp/hard/crtbegin.o
 .ARM.attributes
                0x0000000000000052       0x34 ./Core/Src/main.o
 .ARM.attributes
                0x0000000000000086       0x34 ./Core/Src/stm32f4xx_hal_msp.o
 .ARM.attributes
                0x00000000000000ba       0x34 ./Core/Src/stm32f4xx_it.o
 .ARM.attributes
                0x00000000000000ee       0x34 ./Core/Src/system_stm32f4xx.o
 .ARM.attributes
                0x0000000000000122       0x21 ./Core/Startup/startup_stm32f479vitx.o
 .ARM.attributes
                0x0000000000000143       0x34 ./Drivers/STM32F4xx_HAL_Driver/Src/stm32f4xx_hal.o
 .ARM.attributes
                0x0000000000000177       0x34 ./Drivers/STM32F4xx_HAL_Driver/Src/stm32f4xx_hal_cortex.o
 .ARM.attributes
                0x00000000000001ab       0x34 ./Drivers/STM32F4xx_HAL_Driver/Src/stm32f4xx_hal_gpio.o
 .ARM.attributes
                0x00000000000001df       0x34 ./Drivers/STM32F4xx_HAL_Driver/Src/stm32f4xx_hal_i2c.o
 .ARM.attributes
                0x0000000000000213       0x34 ./Drivers/STM32F4xx_HAL_Driver/Src/stm32f4xx_hal_rcc.o
 .ARM.attributes
                0x0000000000000247       0x34 ./Drivers/STM32F4xx_HAL_Driver/Src/stm32f4xx_hal_rcc_ex.o
 .ARM.attributes
                0x000000000000027b       0x34 ./Drivers/STM32F4xx_HAL_Driver/Src/stm32f4xx_hal_spi.o
 .ARM.attributes
                0x00000000000002af       0x34 ./Drivers/STM32F4xx_HAL_Driver/Src/stm32f4xx_hal_tim.o
 .ARM.attributes
                0x00000000000002e3       0x34 ./Drivers/STM32F4xx_HAL_Driver/Src/stm32f4xx_hal_tim_ex.o
 .ARM.attributes
                0x0000000000000317       0x34 ./Drivers/STM32F4xx_HAL_Driver/Src/stm32f4xx_hal_uart.o
 .ARM.attributes
                0x000000000000034b       0x34 c:/st/stm32cubeide_1.10.1/stm32cubeide/plugins/com.st.stm32cube.ide.mcu.externaltools.gnu-tools-for-stm32.10.3-2021.10.win32_1.0.0.202111181127/tools/bin/../lib/gcc/arm-none-eabi/10.3.1/../../../../arm-none-eabi/lib/thumb/v7e-m+fp/hard\libc_nano.a(lib_a-init.o)
 .ARM.attributes
                0x000000000000037f       0x34 c:/st/stm32cubeide_1.10.1/stm32cubeide/plugins/com.st.stm32cube.ide.mcu.externaltools.gnu-tools-for-stm32.10.3-2021.10.win32_1.0.0.202111181127/tools/bin/../lib/gcc/arm-none-eabi/10.3.1/../../../../arm-none-eabi/lib/thumb/v7e-m+fp/hard\libc_nano.a(lib_a-memset.o)
 .ARM.attributes
                0x00000000000003b3       0x1e c:/st/stm32cubeide_1.10.1/stm32cubeide/plugins/com.st.stm32cube.ide.mcu.externaltools.gnu-tools-for-stm32.10.3-2021.10.win32_1.0.0.202111181127/tools/bin/../lib/gcc/arm-none-eabi/10.3.1/thumb/v7e-m+fp/hard\libgcc.a(_aeabi_uldivmod.o)
 .ARM.attributes
                0x00000000000003d1       0x34 c:/st/stm32cubeide_1.10.1/stm32cubeide/plugins/com.st.stm32cube.ide.mcu.externaltools.gnu-tools-for-stm32.10.3-2021.10.win32_1.0.0.202111181127/tools/bin/../lib/gcc/arm-none-eabi/10.3.1/thumb/v7e-m+fp/hard\libgcc.a(_udivmoddi4.o)
 .ARM.attributes
                0x0000000000000405       0x1e c:/st/stm32cubeide_1.10.1/stm32cubeide/plugins/com.st.stm32cube.ide.mcu.externaltools.gnu-tools-for-stm32.10.3-2021.10.win32_1.0.0.202111181127/tools/bin/../lib/gcc/arm-none-eabi/10.3.1/thumb/v7e-m+fp/hard\libgcc.a(_dvmd_tls.o)
 .ARM.attributes
                0x0000000000000423       0x1e c:/st/stm32cubeide_1.10.1/stm32cubeide/plugins/com.st.stm32cube.ide.mcu.externaltools.gnu-tools-for-stm32.10.3-2021.10.win32_1.0.0.202111181127/tools/bin/../lib/gcc/arm-none-eabi/10.3.1/thumb/v7e-m+fp/hard/crtn.o
OUTPUT(F479_Pinout.elf elf32-littlearm)
LOAD linker stubs
LOAD c:/st/stm32cubeide_1.10.1/stm32cubeide/plugins/com.st.stm32cube.ide.mcu.externaltools.gnu-tools-for-stm32.10.3-2021.10.win32_1.0.0.202111181127/tools/bin/../lib/gcc/arm-none-eabi/10.3.1/../../../../arm-none-eabi/lib/thumb/v7e-m+fp/hard\libc.a
LOAD c:/st/stm32cubeide_1.10.1/stm32cubeide/plugins/com.st.stm32cube.ide.mcu.externaltools.gnu-tools-for-stm32.10.3-2021.10.win32_1.0.0.202111181127/tools/bin/../lib/gcc/arm-none-eabi/10.3.1/../../../../arm-none-eabi/lib/thumb/v7e-m+fp/hard\libm.a
LOAD c:/st/stm32cubeide_1.10.1/stm32cubeide/plugins/com.st.stm32cube.ide.mcu.externaltools.gnu-tools-for-stm32.10.3-2021.10.win32_1.0.0.202111181127/tools/bin/../lib/gcc/arm-none-eabi/10.3.1/thumb/v7e-m+fp/hard\libgcc.a

.debug_info     0x0000000000000000    0x1180d
 .debug_info    0x0000000000000000     0x193c ./Core/Src/main.o
 .debug_info    0x000000000000193c     0x1561 ./Core/Src/stm32f4xx_hal_msp.o
 .debug_info    0x0000000000002e9d      0x121 ./Core/Src/stm32f4xx_it.o
 .debug_info    0x0000000000002fbe      0x53f ./Core/Src/system_stm32f4xx.o
 .debug_info    0x00000000000034fd       0x22 ./Core/Startup/startup_stm32f479vitx.o
 .debug_info    0x000000000000351f      0xa06 ./Drivers/STM32F4xx_HAL_Driver/Src/stm32f4xx_hal.o
 .debug_info    0x0000000000003f25      0xe63 ./Drivers/STM32F4xx_HAL_Driver/Src/stm32f4xx_hal_cortex.o
 .debug_info    0x0000000000004d88      0x786 ./Drivers/STM32F4xx_HAL_Driver/Src/stm32f4xx_hal_gpio.o
 .debug_info    0x000000000000550e     0x2617 ./Drivers/STM32F4xx_HAL_Driver/Src/stm32f4xx_hal_i2c.o
 .debug_info    0x0000000000007b25      0x98f ./Drivers/STM32F4xx_HAL_Driver/Src/stm32f4xx_hal_rcc.o
 .debug_info    0x00000000000084b4      0x8a7 ./Drivers/STM32F4xx_HAL_Driver/Src/stm32f4xx_hal_rcc_ex.o
 .debug_info    0x0000000000008d5b     0x1758 ./Drivers/STM32F4xx_HAL_Driver/Src/stm32f4xx_hal_spi.o
 .debug_info    0x000000000000a4b3     0x2bbe ./Drivers/STM32F4xx_HAL_Driver/Src/stm32f4xx_hal_tim.o
 .debug_info    0x000000000000d071     0x15e0 ./Drivers/STM32F4xx_HAL_Driver/Src/stm32f4xx_hal_tim_ex.o
 .debug_info    0x000000000000e651     0x31bc ./Drivers/STM32F4xx_HAL_Driver/Src/stm32f4xx_hal_uart.o

.debug_abbrev   0x0000000000000000     0x1e42
 .debug_abbrev  0x0000000000000000      0x279 ./Core/Src/main.o
 .debug_abbrev  0x0000000000000279      0x208 ./Core/Src/stm32f4xx_hal_msp.o
 .debug_abbrev  0x0000000000000481       0x74 ./Core/Src/stm32f4xx_it.o
 .debug_abbrev  0x00000000000004f5      0x116 ./Core/Src/system_stm32f4xx.o
 .debug_abbrev  0x000000000000060b       0x12 ./Core/Startup/startup_stm32f479vitx.o
 .debug_abbrev  0x000000000000061d      0x20d ./Drivers/STM32F4xx_HAL_Driver/Src/stm32f4xx_hal.o
 .debug_abbrev  0x000000000000082a      0x316 ./Drivers/STM32F4xx_HAL_Driver/Src/stm32f4xx_hal_cortex.o
 .debug_abbrev  0x0000000000000b40      0x1c4 ./Drivers/STM32F4xx_HAL_Driver/Src/stm32f4xx_hal_gpio.o
 .debug_abbrev  0x0000000000000d04      0x297 ./Drivers/STM32F4xx_HAL_Driver/Src/stm32f4xx_hal_i2c.o
 .debug_abbrev  0x0000000000000f9b      0x2aa ./Drivers/STM32F4xx_HAL_Driver/Src/stm32f4xx_hal_rcc.o
 .debug_abbrev  0x0000000000001245      0x1d9 ./Drivers/STM32F4xx_HAL_Driver/Src/stm32f4xx_hal_rcc_ex.o
 .debug_abbrev  0x000000000000141e      0x26e ./Drivers/STM32F4xx_HAL_Driver/Src/stm32f4xx_hal_spi.o
 .debug_abbrev  0x000000000000168c      0x25d ./Drivers/STM32F4xx_HAL_Driver/Src/stm32f4xx_hal_tim.o
 .debug_abbrev  0x00000000000018e9      0x265 ./Drivers/STM32F4xx_HAL_Driver/Src/stm32f4xx_hal_tim_ex.o
 .debug_abbrev  0x0000000000001b4e      0x2f4 ./Drivers/STM32F4xx_HAL_Driver/Src/stm32f4xx_hal_uart.o

.debug_aranges  0x0000000000000000     0x10a8
 .debug_aranges
                0x0000000000000000       0x80 ./Core/Src/main.o
 .debug_aranges
                0x0000000000000080       0x68 ./Core/Src/stm32f4xx_hal_msp.o
 .debug_aranges
                0x00000000000000e8       0x60 ./Core/Src/stm32f4xx_it.o
 .debug_aranges
                0x0000000000000148       0x28 ./Core/Src/system_stm32f4xx.o
 .debug_aranges
                0x0000000000000170       0x28 ./Core/Startup/startup_stm32f479vitx.o
 .debug_aranges
                0x0000000000000198      0x100 ./Drivers/STM32F4xx_HAL_Driver/Src/stm32f4xx_hal.o
 .debug_aranges
                0x0000000000000298      0x118 ./Drivers/STM32F4xx_HAL_Driver/Src/stm32f4xx_hal_cortex.o
 .debug_aranges
                0x00000000000003b0       0x58 ./Drivers/STM32F4xx_HAL_Driver/Src/stm32f4xx_hal_gpio.o
 .debug_aranges
                0x0000000000000408      0x2a0 ./Drivers/STM32F4xx_HAL_Driver/Src/stm32f4xx_hal_i2c.o
 .debug_aranges
                0x00000000000006a8       0x88 ./Drivers/STM32F4xx_HAL_Driver/Src/stm32f4xx_hal_rcc.o
 .debug_aranges
                0x0000000000000730       0x70 ./Drivers/STM32F4xx_HAL_Driver/Src/stm32f4xx_hal_rcc_ex.o
 .debug_aranges
                0x00000000000007a0      0x1d0 ./Drivers/STM32F4xx_HAL_Driver/Src/stm32f4xx_hal_spi.o
 .debug_aranges
                0x0000000000000970      0x3d0 ./Drivers/STM32F4xx_HAL_Driver/Src/stm32f4xx_hal_tim.o
 .debug_aranges
                0x0000000000000d40      0x168 ./Drivers/STM32F4xx_HAL_Driver/Src/stm32f4xx_hal_tim_ex.o
 .debug_aranges
                0x0000000000000ea8      0x200 ./Drivers/STM32F4xx_HAL_Driver/Src/stm32f4xx_hal_uart.o

.debug_ranges   0x0000000000000000     0x1008
 .debug_ranges  0x0000000000000000       0x70 ./Core/Src/main.o
 .debug_ranges  0x0000000000000070       0x58 ./Core/Src/stm32f4xx_hal_msp.o
 .debug_ranges  0x00000000000000c8       0x50 ./Core/Src/stm32f4xx_it.o
 .debug_ranges  0x0000000000000118       0x18 ./Core/Src/system_stm32f4xx.o
 .debug_ranges  0x0000000000000130       0x20 ./Core/Startup/startup_stm32f479vitx.o
 .debug_ranges  0x0000000000000150       0xf0 ./Drivers/STM32F4xx_HAL_Driver/Src/stm32f4xx_hal.o
 .debug_ranges  0x0000000000000240      0x108 ./Drivers/STM32F4xx_HAL_Driver/Src/stm32f4xx_hal_cortex.o
 .debug_ranges  0x0000000000000348       0x48 ./Drivers/STM32F4xx_HAL_Driver/Src/stm32f4xx_hal_gpio.o
 .debug_ranges  0x0000000000000390      0x2a8 ./Drivers/STM32F4xx_HAL_Driver/Src/stm32f4xx_hal_i2c.o
 .debug_ranges  0x0000000000000638       0x78 ./Drivers/STM32F4xx_HAL_Driver/Src/stm32f4xx_hal_rcc.o
 .debug_ranges  0x00000000000006b0       0x60 ./Drivers/STM32F4xx_HAL_Driver/Src/stm32f4xx_hal_rcc_ex.o
 .debug_ranges  0x0000000000000710      0x1c0 ./Drivers/STM32F4xx_HAL_Driver/Src/stm32f4xx_hal_spi.o
 .debug_ranges  0x00000000000008d0      0x3c0 ./Drivers/STM32F4xx_HAL_Driver/Src/stm32f4xx_hal_tim.o
 .debug_ranges  0x0000000000000c90      0x158 ./Drivers/STM32F4xx_HAL_Driver/Src/stm32f4xx_hal_tim_ex.o
 .debug_ranges  0x0000000000000de8      0x220 ./Drivers/STM32F4xx_HAL_Driver/Src/stm32f4xx_hal_uart.o

.debug_macro    0x0000000000000000    0x29309
 .debug_macro   0x0000000000000000      0x1fb ./Core/Src/main.o
 .debug_macro   0x00000000000001fb      0xa78 ./Core/Src/main.o
 .debug_macro   0x0000000000000c73      0x2a7 ./Core/Src/main.o
 .debug_macro   0x0000000000000f1a       0x2e ./Core/Src/main.o
 .debug_macro   0x0000000000000f48       0x28 ./Core/Src/main.o
 .debug_macro   0x0000000000000f70       0x22 ./Core/Src/main.o
 .debug_macro   0x0000000000000f92       0x8e ./Core/Src/main.o
 .debug_macro   0x0000000000001020       0x51 ./Core/Src/main.o
 .debug_macro   0x0000000000001071      0x103 ./Core/Src/main.o
 .debug_macro   0x0000000000001174       0x6a ./Core/Src/main.o
 .debug_macro   0x00000000000011de      0x1df ./Core/Src/main.o
 .debug_macro   0x00000000000013bd       0x1c ./Core/Src/main.o
 .debug_macro   0x00000000000013d9       0x22 ./Core/Src/main.o
 .debug_macro   0x00000000000013fb       0xd9 ./Core/Src/main.o
 .debug_macro   0x00000000000014d4     0x102d ./Core/Src/main.o
 .debug_macro   0x0000000000002501      0x11f ./Core/Src/main.o
 .debug_macro   0x0000000000002620    0x1dd8d ./Core/Src/main.o
 .debug_macro   0x00000000000203ad       0x6d ./Core/Src/main.o
 .debug_macro   0x000000000002041a     0x36f5 ./Core/Src/main.o
 .debug_macro   0x0000000000023b0f      0x174 ./Core/Src/main.o
 .debug_macro   0x0000000000023c83       0x5c ./Core/Src/main.o
 .debug_macro   0x0000000000023cdf      0xe3b ./Core/Src/main.o
 .debug_macro   0x0000000000024b1a      0x9fe ./Core/Src/main.o
 .debug_macro   0x0000000000025518      0x115 ./Core/Src/main.o
 .debug_macro   0x000000000002562d      0x192 ./Core/Src/main.o
 .debug_macro   0x00000000000257bf       0xa5 ./Core/Src/main.o
 .debug_macro   0x0000000000025864      0x182 ./Core/Src/main.o
 .debug_macro   0x00000000000259e6      0x287 ./Core/Src/main.o
 .debug_macro   0x0000000000025c6d       0x5f ./Core/Src/main.o
 .debug_macro   0x0000000000025ccc      0x236 ./Core/Src/main.o
 .debug_macro   0x0000000000025f02      0x132 ./Core/Src/main.o
 .debug_macro   0x0000000000026034      0x41d ./Core/Src/main.o
 .debug_macro   0x0000000000026451       0x2e ./Core/Src/main.o
 .debug_macro   0x000000000002647f      0x1b5 ./Core/Src/main.o
 .debug_macro   0x0000000000026634       0x22 ./Core/Src/main.o
 .debug_macro   0x0000000000026656       0xd6 ./Core/Src/main.o
 .debug_macro   0x000000000002672c      0x11a ./Core/Src/main.o
 .debug_macro   0x0000000000026846       0xe2 ./Core/Src/main.o
 .debug_macro   0x0000000000026928       0x89 ./Core/Src/main.o
 .debug_macro   0x00000000000269b1      0x225 ./Core/Src/main.o
 .debug_macro   0x0000000000026bd6      0x8e6 ./Core/Src/main.o
 .debug_macro   0x00000000000274bc       0x47 ./Core/Src/main.o
 .debug_macro   0x0000000000027503      0x295 ./Core/Src/main.o
 .debug_macro   0x0000000000027798      0x134 ./Core/Src/main.o
 .debug_macro   0x00000000000278cc      0x1fb ./Core/Src/stm32f4xx_hal_msp.o
 .debug_macro   0x0000000000027ac7      0x205 ./Core/Src/stm32f4xx_it.o
 .debug_macro   0x0000000000027ccc      0x1f1 ./Core/Src/system_stm32f4xx.o
 .debug_macro   0x0000000000027ebd      0x251 ./Drivers/STM32F4xx_HAL_Driver/Src/stm32f4xx_hal.o
 .debug_macro   0x000000000002810e      0x1f1 ./Drivers/STM32F4xx_HAL_Driver/Src/stm32f4xx_hal_cortex.o
 .debug_macro   0x00000000000282ff      0x1f7 ./Drivers/STM32F4xx_HAL_Driver/Src/stm32f4xx_hal_gpio.o
 .debug_macro   0x00000000000284f6      0x238 ./Drivers/STM32F4xx_HAL_Driver/Src/stm32f4xx_hal_i2c.o
 .debug_macro   0x000000000002872e      0x215 ./Drivers/STM32F4xx_HAL_Driver/Src/stm32f4xx_hal_rcc.o
 .debug_macro   0x0000000000028943      0x1f1 ./Drivers/STM32F4xx_HAL_Driver/Src/stm32f4xx_hal_rcc_ex.o
 .debug_macro   0x0000000000028b34      0x200 ./Drivers/STM32F4xx_HAL_Driver/Src/stm32f4xx_hal_spi.o
 .debug_macro   0x0000000000028d34      0x1f2 ./Drivers/STM32F4xx_HAL_Driver/Src/stm32f4xx_hal_tim.o
 .debug_macro   0x0000000000028f26      0x1f1 ./Drivers/STM32F4xx_HAL_Driver/Src/stm32f4xx_hal_tim_ex.o
 .debug_macro   0x0000000000029117      0x1f2 ./Drivers/STM32F4xx_HAL_Driver/Src/stm32f4xx_hal_uart.o

.debug_line     0x0000000000000000    0x13499
 .debug_line    0x0000000000000000      0xa38 ./Core/Src/main.o
 .debug_line    0x0000000000000a38      0x974 ./Core/Src/stm32f4xx_hal_msp.o
 .debug_line    0x00000000000013ac      0x7c6 ./Core/Src/stm32f4xx_it.o
 .debug_line    0x0000000000001b72      0x785 ./Core/Src/system_stm32f4xx.o
 .debug_line    0x00000000000022f7       0x88 ./Core/Startup/startup_stm32f479vitx.o
 .debug_line    0x000000000000237f      0xa21 ./Drivers/STM32F4xx_HAL_Driver/Src/stm32f4xx_hal.o
 .debug_line    0x0000000000002da0      0xc9a ./Drivers/STM32F4xx_HAL_Driver/Src/stm32f4xx_hal_cortex.o
 .debug_line    0x0000000000003a3a      0xb87 ./Drivers/STM32F4xx_HAL_Driver/Src/stm32f4xx_hal_gpio.o
 .debug_line    0x00000000000045c1     0x39a0 ./Drivers/STM32F4xx_HAL_Driver/Src/stm32f4xx_hal_i2c.o
 .debug_line    0x0000000000007f61      0xd73 ./Drivers/STM32F4xx_HAL_Driver/Src/stm32f4xx_hal_rcc.o
 .debug_line    0x0000000000008cd4      0xff9 ./Drivers/STM32F4xx_HAL_Driver/Src/stm32f4xx_hal_rcc_ex.o
 .debug_line    0x0000000000009ccd     0x1c75 ./Drivers/STM32F4xx_HAL_Driver/Src/stm32f4xx_hal_spi.o
 .debug_line    0x000000000000b942     0x36df ./Drivers/STM32F4xx_HAL_Driver/Src/stm32f4xx_hal_tim.o
 .debug_line    0x000000000000f021     0x19e8 ./Drivers/STM32F4xx_HAL_Driver/Src/stm32f4xx_hal_tim_ex.o
 .debug_line    0x0000000000010a09     0x2a90 ./Drivers/STM32F4xx_HAL_Driver/Src/stm32f4xx_hal_uart.o

.debug_str      0x0000000000000000    0xf8d87
 .debug_str     0x0000000000000000    0xf4e93 ./Core/Src/main.o
                                      0xf5237 (size before relaxing)
 .debug_str     0x00000000000f4e93       0xef ./Core/Src/stm32f4xx_hal_msp.o
                                      0xf4dbe (size before relaxing)
 .debug_str     0x00000000000f4f82       0xc9 ./Core/Src/stm32f4xx_it.o
                                      0xf40c8 (size before relaxing)
 .debug_str     0x00000000000f504b       0xdb ./Core/Src/system_stm32f4xx.o
                                      0xf4205 (size before relaxing)
 .debug_str     0x00000000000f5126       0x36 ./Core/Startup/startup_stm32f479vitx.o
                                         0x67 (size before relaxing)
 .debug_str     0x00000000000f515c      0xbc6 ./Drivers/STM32F4xx_HAL_Driver/Src/stm32f4xx_hal.o
                                      0xf4e48 (size before relaxing)
 .debug_str     0x00000000000f5d22      0x34a ./Drivers/STM32F4xx_HAL_Driver/Src/stm32f4xx_hal_cortex.o
                                      0xf4b2d (size before relaxing)
 .debug_str     0x00000000000f606c      0x121 ./Drivers/STM32F4xx_HAL_Driver/Src/stm32f4xx_hal_gpio.o
                                      0xf4380 (size before relaxing)
 .debug_str     0x00000000000f618d      0xb0a ./Drivers/STM32F4xx_HAL_Driver/Src/stm32f4xx_hal_i2c.o
                                      0xf51c2 (size before relaxing)
 .debug_str     0x00000000000f6c97      0x213 ./Drivers/STM32F4xx_HAL_Driver/Src/stm32f4xx_hal_rcc.o
                                      0xf463e (size before relaxing)
 .debug_str     0x00000000000f6eaa      0x257 ./Drivers/STM32F4xx_HAL_Driver/Src/stm32f4xx_hal_rcc_ex.o
                                      0xf455a (size before relaxing)
 .debug_str     0x00000000000f7101      0x560 ./Drivers/STM32F4xx_HAL_Driver/Src/stm32f4xx_hal_spi.o
                                      0xf4ab6 (size before relaxing)
 .debug_str     0x00000000000f7661      0xd57 ./Drivers/STM32F4xx_HAL_Driver/Src/stm32f4xx_hal_tim.o
                                      0xf556c (size before relaxing)
 .debug_str     0x00000000000f83b8      0x3e1 ./Drivers/STM32F4xx_HAL_Driver/Src/stm32f4xx_hal_tim_ex.o
                                      0xf4d88 (size before relaxing)
 .debug_str     0x00000000000f8799      0x5ee ./Drivers/STM32F4xx_HAL_Driver/Src/stm32f4xx_hal_uart.o
                                      0xf4bc5 (size before relaxing)

.comment        0x0000000000000000       0x50
 .comment       0x0000000000000000       0x50 ./Core/Src/main.o
                                         0x51 (size before relaxing)
 .comment       0x0000000000000050       0x51 ./Core/Src/stm32f4xx_hal_msp.o
 .comment       0x0000000000000050       0x51 ./Core/Src/stm32f4xx_it.o
 .comment       0x0000000000000050       0x51 ./Core/Src/system_stm32f4xx.o
 .comment       0x0000000000000050       0x51 ./Drivers/STM32F4xx_HAL_Driver/Src/stm32f4xx_hal.o
 .comment       0x0000000000000050       0x51 ./Drivers/STM32F4xx_HAL_Driver/Src/stm32f4xx_hal_cortex.o
 .comment       0x0000000000000050       0x51 ./Drivers/STM32F4xx_HAL_Driver/Src/stm32f4xx_hal_gpio.o
 .comment       0x0000000000000050       0x51 ./Drivers/STM32F4xx_HAL_Driver/Src/stm32f4xx_hal_i2c.o
 .comment       0x0000000000000050       0x51 ./Drivers/STM32F4xx_HAL_Driver/Src/stm32f4xx_hal_rcc.o
 .comment       0x0000000000000050       0x51 ./Drivers/STM32F4xx_HAL_Driver/Src/stm32f4xx_hal_rcc_ex.o
 .comment       0x0000000000000050       0x51 ./Drivers/STM32F4xx_HAL_Driver/Src/stm32f4xx_hal_spi.o
 .comment       0x0000000000000050       0x51 ./Drivers/STM32F4xx_HAL_Driver/Src/stm32f4xx_hal_tim.o
 .comment       0x0000000000000050       0x51 ./Drivers/STM32F4xx_HAL_Driver/Src/stm32f4xx_hal_tim_ex.o
 .comment       0x0000000000000050       0x51 ./Drivers/STM32F4xx_HAL_Driver/Src/stm32f4xx_hal_uart.o

.debug_frame    0x0000000000000000     0x4808
 .debug_frame   0x0000000000000000      0x194 ./Core/Src/main.o
 .debug_frame   0x0000000000000194      0x184 ./Core/Src/stm32f4xx_hal_msp.o
 .debug_frame   0x0000000000000318      0x104 ./Core/Src/stm32f4xx_it.o
 .debug_frame   0x000000000000041c       0x58 ./Core/Src/system_stm32f4xx.o
 .debug_frame   0x0000000000000474      0x3b4 ./Drivers/STM32F4xx_HAL_Driver/Src/stm32f4xx_hal.o
 .debug_frame   0x0000000000000828      0x498 ./Drivers/STM32F4xx_HAL_Driver/Src/stm32f4xx_hal_cortex.o
 .debug_frame   0x0000000000000cc0      0x14c ./Drivers/STM32F4xx_HAL_Driver/Src/stm32f4xx_hal_gpio.o
 .debug_frame   0x0000000000000e0c      0xc5c ./Drivers/STM32F4xx_HAL_Driver/Src/stm32f4xx_hal_i2c.o
 .debug_frame   0x0000000000001a68      0x1f4 ./Drivers/STM32F4xx_HAL_Driver/Src/stm32f4xx_hal_rcc.o
 .debug_frame   0x0000000000001c5c      0x1b4 ./Drivers/STM32F4xx_HAL_Driver/Src/stm32f4xx_hal_rcc_ex.o
 .debug_frame   0x0000000000001e10      0x824 ./Drivers/STM32F4xx_HAL_Driver/Src/stm32f4xx_hal_spi.o
 .debug_frame   0x0000000000002634     0x11c4 ./Drivers/STM32F4xx_HAL_Driver/Src/stm32f4xx_hal_tim.o
 .debug_frame   0x00000000000037f8      0x638 ./Drivers/STM32F4xx_HAL_Driver/Src/stm32f4xx_hal_tim_ex.o
 .debug_frame   0x0000000000003e30      0x92c ./Drivers/STM32F4xx_HAL_Driver/Src/stm32f4xx_hal_uart.o
 .debug_frame   0x000000000000475c       0x2c c:/st/stm32cubeide_1.10.1/stm32cubeide/plugins/com.st.stm32cube.ide.mcu.externaltools.gnu-tools-for-stm32.10.3-2021.10.win32_1.0.0.202111181127/tools/bin/../lib/gcc/arm-none-eabi/10.3.1/../../../../arm-none-eabi/lib/thumb/v7e-m+fp/hard\libc_nano.a(lib_a-init.o)
 .debug_frame   0x0000000000004788       0x20 c:/st/stm32cubeide_1.10.1/stm32cubeide/plugins/com.st.stm32cube.ide.mcu.externaltools.gnu-tools-for-stm32.10.3-2021.10.win32_1.0.0.202111181127/tools/bin/../lib/gcc/arm-none-eabi/10.3.1/../../../../arm-none-eabi/lib/thumb/v7e-m+fp/hard\libc_nano.a(lib_a-memset.o)
 .debug_frame   0x00000000000047a8       0x2c c:/st/stm32cubeide_1.10.1/stm32cubeide/plugins/com.st.stm32cube.ide.mcu.externaltools.gnu-tools-for-stm32.10.3-2021.10.win32_1.0.0.202111181127/tools/bin/../lib/gcc/arm-none-eabi/10.3.1/thumb/v7e-m+fp/hard\libgcc.a(_aeabi_uldivmod.o)
 .debug_frame   0x00000000000047d4       0x34 c:/st/stm32cubeide_1.10.1/stm32cubeide/plugins/com.st.stm32cube.ide.mcu.externaltools.gnu-tools-for-stm32.10.3-2021.10.win32_1.0.0.202111181127/tools/bin/../lib/gcc/arm-none-eabi/10.3.1/thumb/v7e-m+fp/hard\libgcc.a(_udivmoddi4.o)
