../Core/Src/main.c:84:5:main	8	static
../Core/Src/main.c:136:6:SystemClock_Config	88	static
../Core/Src/main.c:183:13:MX_I2C1_Init	8	static
../Core/Src/main.c:217:13:MX_I2C2_Init	8	static
../Core/Src/main.c:251:13:MX_I2C3_Init	8	static
../Core/Src/main.c:285:13:MX_SPI1_Init	8	static
../Core/Src/main.c:323:13:MX_TIM1_Init	96	static
../Core/Src/main.c:406:13:MX_UART4_Init	8	static
../Core/Src/main.c:439:13:MX_UART5_Init	8	static
../Core/Src/main.c:472:13:MX_UART7_Init	8	static
../Core/Src/main.c:505:13:MX_USART3_UART_Init	8	static
../Core/Src/main.c:538:13:MX_GPIO_Init	56	static
../Core/Src/main.c:570:6:Error_Handler	4	static,ignoring_inline_asm
