../Core/Inc/stm32newfnc/newuart.h:23:5:NEWUART::NEWUART(USART_TypeDef*, uint32_t, uint32_t)	24	static
../Core/Inc/stm32newfnc/newuart.h:38:10:void NEWUART::begin(uint32_t)	16	static
../Core/Inc/stm32newfnc/newi2c.h:14:5:NEWI2C::NEWI2C(I2C_TypeDef*, uint32_t, uint32_t)	24	static
../Core/Inc/driver/newpcf8574.h:24:5:newpcf8574::newpcf8574(NEWI2C*, int, uint8_t)	24	static
../Core/Src/main.cpp:89:5:int main()	8	static
../Core/Src/main.cpp:138:6:void SystemClock_Config()	88	static
../Core/Src/main.cpp:191:13:void MX_I2C2_Init()	8	static
../Core/Src/main.cpp:225:13:void MX_I2C3_Init()	8	static
../Core/Src/main.cpp:259:13:void MX_SPI1_Init()	8	static
../Core/Src/main.cpp:297:13:void MX_TIM1_Init()	96	static
../Core/Src/main.cpp:375:13:void MX_GPIO_Init()	56	static
../Core/Src/main.cpp:407:6:void Error_Handler()	4	static,ignoring_inline_asm
../Core/Src/main.cpp:416:1:void __static_initialization_and_destruction_0(int, int)	16	static
../Core/Src/main.cpp:416:1:cpp)	8	static
