../Core/Inc/stm32newfnc/newuart.h:23:5:NEWUART::NEWUART(USART_TypeDef*, uint32_t, uint32_t)	24	static
../Core/Inc/stm32newfnc/newuart.h:38:10:void NEWUART::begin(uint32_t)	16	static
../Core/Inc/pcf8574.h:13:6:char int_pow(char, char)	24	static
../Core/Inc/pcf8574.h:26:6:void pcf8574_init(uint8_t)	16	static
../Core/Inc/pcf8574.h:32:6:void pcf8574_setaddr(int)	16	static
../Core/Inc/pcf8574.h:37:6:void pcf8574_write(I2C_HandleTypeDef*, uint8_t, int, int)	48	static
../Core/Src/main.cpp:83:5:int main()	8	static
../Core/Src/main.cpp:138:6:void SystemClock_Config()	88	static
../Core/Src/main.cpp:185:13:void MX_I2C1_Init()	8	static
../Core/Src/main.cpp:219:13:void MX_I2C2_Init()	8	static
../Core/Src/main.cpp:253:13:void MX_I2C3_Init()	8	static
../Core/Src/main.cpp:287:13:void MX_SPI1_Init()	8	static
../Core/Src/main.cpp:325:13:void MX_TIM1_Init()	96	static
../Core/Src/main.cpp:403:13:void MX_GPIO_Init()	56	static
../Core/Src/main.cpp:435:6:void Error_Handler()	4	static,ignoring_inline_asm
../Core/Src/main.cpp:444:1:void __static_initialization_and_destruction_0(int, int)	16	static
../Core/Src/main.cpp:444:1:cpp)	8	static
