../Core/Inc/stm32newfnc/i2cscan.h:3:6:void i2cscanner(I2C_HandleTypeDef*, UART_HandleTypeDef*)	96	static
../Core/Inc/stm32newfnc/newuart.h:24:5:NEWUART::NEWUART(USART_TypeDef*, uint32_t, uint32_t)	24	static
../Core/Inc/stm32newfnc/newuart.h:38:25:UART_HandleTypeDef* NEWUART::getHandleTypeDef()	16	static
../Core/Inc/stm32newfnc/newuart.h:39:10:void NEWUART::begin(uint32_t)	16	static
../Core/Inc/stm32newfnc/newuart.h:57:10:void NEWUART::writeBytes(uint8_t*, uint8_t)	24	static
../Core/Inc/stm32newfnc/newuart.h:62:10:void NEWUART::print(const char*)	56	dynamic
../Core/Inc/stm32newfnc/newuart.h:79:10:void NEWUART::printF(float)	32	static
../Core/Inc/stm32newfnc/newuart.h:85:10:void NEWUART::println(const char*)	16	static
../Core/Inc/stm32newfnc/newi2c.h:14:5:NEWI2C::NEWI2C(I2C_TypeDef*, uint32_t, uint32_t)	24	static
../Core/Inc/stm32newfnc/newi2c.h:28:24:I2C_HandleTypeDef* NEWI2C::getHandleTypeDef()	16	static
../Core/Inc/stm32newfnc/newi2c.h:29:10:void NEWI2C::begin()	16	static
../Core/Inc/stm32newfnc/newi2c.h:37:10:void NEWI2C::writeBytes(uint8_t, uint8_t*, uint8_t)	32	static
../Core/Inc/stm32newfnc/newi2c.h:50:10:void NEWI2C::readMEMs(uint8_t, uint8_t, uint8_t*, uint8_t)	48	static
../Core/Inc/stm32newfnc/newi2c.h:53:10:void NEWI2C::writeMEMs(uint8_t, uint8_t, uint8_t*, uint8_t)	48	static
../Core/Inc/stm32newfnc/newpwm.h:15:5:NEWPWM::NEWPWM(TIM_TypeDef*, uint32_t)	24	static
../Core/Inc/stm32newfnc/newpwm.h:32:10:void NEWPWM::run_ch_pwm(uint32_t, uint16_t)	24	static
../Core/Inc/stm32newfnc/newpwm.h:50:13:uint8_t NEWPWM::get_is_begun()	16	static
../Core/Inc/stm32newfnc/newpwm.h:51:10:void NEWPWM::begin()	104	static
../Core/Inc/driver/newpcf8574.h:26:5:newpcf8574::newpcf8574(NEWI2C*, int, uint8_t)	24	static
../Core/Inc/driver/newpcf8574.h:33:10:void newpcf8574::setPIN(uint8_t, uint8_t)	24	static
../Core/Inc/driver/mpu6050.h:126:9:uint8_t MPU6050_Init(I2C_HandleTypeDef*)	40	static
../Core/Inc/driver/mpu6050.h:159:6:void MPU6050_Read_Accel(I2C_HandleTypeDef*, MPU6050_t*)	40	static
../Core/Inc/driver/mpu6050.h:181:6:void MPU6050_Read_Gyro(I2C_HandleTypeDef*, MPU6050_t*)	40	static
../Core/Inc/driver/mpu6050.h:203:6:void MPU6050_Read_Temp(I2C_HandleTypeDef*, MPU6050_t*)	40	static
c:\st\stm32cubeide_1.10.1\stm32cubeide\plugins\com.st.stm32cube.ide.mcu.externaltools.gnu-tools-for-stm32.10.3-2021.10.win32_1.0.0.202111181127\tools\arm-none-eabi\include\c++\10.3.1\cmath:475:5:constexpr typename __gnu_cxx::__enable_if<std::__is_integer<_Tp>::__value, double>::__type std::sqrt(_Tp) [with _Tp = int]	16	static
c:\st\stm32cubeide_1.10.1\stm32cubeide\plugins\com.st.stm32cube.ide.mcu.externaltools.gnu-tools-for-stm32.10.3-2021.10.win32_1.0.0.202111181127\tools\arm-none-eabi\include\c++\10.3.1\cmath:155:5:constexpr typename __gnu_cxx::__promote_2<_Tp, _Up>::__type std::atan2(_Tp, _Up) [with _Tp = int; _Up = short int]	24	static
../Core/Inc/driver/mpu6050.h:216:6:void MPU6050_Read_All(I2C_HandleTypeDef*, MPU6050_t*)	104	static
../Core/Inc/driver/mpu6050.h:270:8:double Kalman_getAngle(Kalman_t*, double, double, double)	104	static
../Core/Inc/driver/newINA219.h:154:5:newINA219::newINA219(NEWI2C*, uint8_t)	24	static
../Core/Inc/driver/newINA219.h:161:14:uint16_t newINA219::begin()	32	static
../Core/Inc/driver/newINA219.h:221:10:void newINA219::newCalibration()	32	static
../Core/Inc/driver/newINA219.h:239:11:float newINA219::getCurrent_mA()	16	static
../Core/Inc/driver/newINA219.h:290:13:int16_t newINA219::getCurrent_raw()	32	static
../Core/Inc/driver/newINA219.h:350:10:void newINA219::swapDataByte(uint8_t*)	24	static
../Core/Inc/driver/newMTQ.h:20:5:NEWMTQ::NEWMTQ(newpcf8574*, newINA219*, NEWPWM*)	24	static
../Core/Inc/driver/newMTQ.h:30:10:void NEWMTQ::set_pwm_resolution(uint8_t)	16	static
../Core/Inc/driver/newMTQ.h:31:10:void NEWMTQ::set_tim_ch(uint8_t)	16	static
../Core/Inc/driver/newMTQ.h:32:10:void NEWMTQ::set_dir_pin(uint8_t)	16	static
../Core/Inc/driver/newMTQ.h:33:10:void NEWMTQ::set_ena_pin(uint8_t)	16	static
../Core/Inc/driver/newMTQ.h:35:10:void NEWMTQ::begin(uint8_t, uint8_t, uint8_t, uint8_t)	16	static
../Core/Inc/driver/newMTQ.h:49:10:void NEWMTQ::run_pwm(int16_t)	16	static
../Core/Inc/driver/newMTQ.h:75:11:float NEWMTQ::read_mA()	16	static
../Core/Src/main.cpp:116:5:int main()	40	static
../Core/Src/main.cpp:188:6:void printCur(NEWUART*, NEWMTQ*, float*)	32	static
../Core/Src/main.cpp:200:6:void SystemClock_Config()	88	static
../Core/Src/main.cpp:246:13:void MX_SPI1_Init()	8	static
../Core/Src/main.cpp:278:13:void MX_GPIO_Init()	56	static
../Core/Src/main.cpp:309:6:void Error_Handler()	4	static,ignoring_inline_asm
../Core/Src/main.cpp:318:1:void __static_initialization_and_destruction_0(int, int)	32	static
../Core/Src/main.cpp:318:1:cpp)	8	static
