../Core/Src/main.c:84:5:main	16	static
../Core/Src/main.c:155:6:SystemClock_Config	88	static
../Core/Src/main.c:202:13:MX_I2C1_Init	8	static
../Core/Src/main.c:236:13:MX_I2C2_Init	8	static
../Core/Src/main.c:270:13:MX_I2C3_Init	8	static
../Core/Src/main.c:304:13:MX_SPI1_Init	8	static
../Core/Src/main.c:342:13:MX_TIM1_Init	96	static
../Core/Src/main.c:425:13:MX_UART4_Init	8	static
../Core/Src/main.c:458:13:MX_UART5_Init	8	static
../Core/Src/main.c:491:13:MX_UART7_Init	8	static
../Core/Src/main.c:524:13:MX_USART3_UART_Init	8	static
../Core/Src/main.c:557:13:MX_GPIO_Init	56	static
../Core/Src/main.c:589:6:Error_Handler	4	static,ignoring_inline_asm
