12:13:41 **** Incremental Build of configuration Debug for project F479_Pinout ****
make -j12 all 
arm-none-eabi-g++ "../Core/Src/main.cpp" -mcpu=cortex-m4 -std=gnu++14 -g3 -DDEBUG -DUSE_HAL_DRIVER -DSTM32F479xx -c -I../Core/Inc -I../Drivers/STM32F4xx_HAL_Driver/Inc -I../Drivers/STM32F4xx_HAL_Driver/Inc/Legacy -I../Drivers/CMSIS/Device/ST/STM32F4xx/Include -I../Drivers/CMSIS/Include -O0 -ffunction-sections -fdata-sections -fno-exceptions -fno-rtti -fno-use-cxa-atexit -Wall -fstack-usage -MMD -MP -MF"Core/Src/main.d" -MT"Core/Src/main.o" --specs=nano.specs -mfpu=fpv4-sp-d16 -mfloat-abi=hard -mthumb -o "Core/Src/main.o"
../Core/Src/main.cpp: In function 'int main()':
../Core/Src/main.cpp:129:27: error: call of overloaded 'print(double)' is ambiguous
  129 |       Serial3.print(10.442);
      |                           ^
In file included from ../Core/Src/main.cpp:23:
../Core/Inc/stm32newfnc/newuart.h:57:10: note: candidate: 'void NEWUART::print(int)'
   57 |     void print(int data){
      |          ^~~~~
../Core/Inc/stm32newfnc/newuart.h:62:10: note: candidate: 'void NEWUART::print(float)'
   62 |     void print(float data){
      |          ^~~~~
../Core/Src/main.cpp:122:15: warning: unused variable 'test' [-Wunused-variable]
  122 |       uint8_t test[] = "\nlol\r\n\r\n";
      |               ^~~~
make: *** [Core/Src/subdir.mk:38: Core/Src/main.o] Error 1
"make -j12 all" terminated with exit code 2. Build might be incomplete.
12:16:58 **** Incremental Build of configuration Debug for project F479_Pinout ****
make -j12 all 
arm-none-eabi-g++ "../Core/Src/main.cpp" -mcpu=cortex-m4 -std=gnu++14 -g3 -DDEBUG -DUSE_HAL_DRIVER -DSTM32F479xx -c -I../Core/Inc -I../Drivers/STM32F4xx_HAL_Driver/Inc -I../Drivers/STM32F4xx_HAL_Driver/Inc/Legacy -I../Drivers/CMSIS/Device/ST/STM32F4xx/Include -I../Drivers/CMSIS/Include -O0 -ffunction-sections -fdata-sections -fno-exceptions -fno-rtti -fno-use-cxa-atexit -Wall -fstack-usage -MMD -MP -MF"Core/Src/main.d" -MT"Core/Src/main.o" --specs=nano.specs -mfpu=fpv4-sp-d16 -mfloat-abi=hard -mthumb -o "Core/Src/main.o"
../Core/Src/main.cpp: In function 'int main()':
../Core/Src/main.cpp:122:15: warning: unused variable 'test' [-Wunused-variable]
  122 |       uint8_t test[] = "\nlol\r\n\r\n";
      |               ^~~~
arm-none-eabi-g++ -o "F479_Pinout.elf" @"objects.list"   -mcpu=cortex-m4 -T"C:\Users\INSTED\Desktop\INSTED_WORKSPACE\FF64-MTQ\F479_Pinout\STM32F479VITX_FLASH.ld" -Wl,-Map="F479_Pinout.map" -Wl,--gc-sections -static --specs=nano.specs -mfpu=fpv4-sp-d16 -mfloat-abi=hard -mthumb -u _printf_float -u _scanf_float -Wl,--start-group -lc -lm -lstdc++ -lsupc++ -Wl,--end-group
Finished building target: F479_Pinout.elf
 
arm-none-eabi-size   F479_Pinout.elf 
arm-none-eabi-objdump -h -S  F479_Pinout.elf  > "F479_Pinout.list"
   text	   data	    bss	    dec	    hex	filename
  38264	    492	   2080	  40836	   9f84	F479_Pinout.elf
Finished building: default.size.stdout
 
Finished building: F479_Pinout.list
 
12:17:35 **** Incremental Build of configuration Debug for project F479_Pinout ****
make -j12 all 
arm-none-eabi-g++ "../Core/Src/main.cpp" -mcpu=cortex-m4 -std=gnu++14 -g3 -DDEBUG -DUSE_HAL_DRIVER -DSTM32F479xx -c -I../Core/Inc -I../Drivers/STM32F4xx_HAL_Driver/Inc -I../Drivers/STM32F4xx_HAL_Driver/Inc/Legacy -I../Drivers/CMSIS/Device/ST/STM32F4xx/Include -I../Drivers/CMSIS/Include -O0 -ffunction-sections -fdata-sections -fno-exceptions -fno-rtti -fno-use-cxa-atexit -Wall -fstack-usage -MMD -MP -MF"Core/Src/main.d" -MT"Core/Src/main.o" --specs=nano.specs -mfpu=fpv4-sp-d16 -mfloat-abi=hard -mthumb -o "Core/Src/main.o"
../Core/Src/main.cpp: In function 'int main()':
../Core/Src/main.cpp:122:15: warning: unused variable 'test' [-Wunused-variable]
  122 |       uint8_t test[] = "\nlol\r\n\r\n";
      |               ^~~~
arm-none-eabi-g++ -o "F479_Pinout.elf" @"objects.list"   -mcpu=cortex-m4 -T"C:\Users\INSTED\Desktop\INSTED_WORKSPACE\FF64-MTQ\F479_Pinout\STM32F479VITX_FLASH.ld" -Wl,-Map="F479_Pinout.map" -Wl,--gc-sections -static --specs=nano.specs -mfpu=fpv4-sp-d16 -mfloat-abi=hard -mthumb -u _printf_float -u _scanf_float -Wl,--start-group -lc -lm -lstdc++ -lsupc++ -Wl,--end-group
Finished building target: F479_Pinout.elf
 
arm-none-eabi-size   F479_Pinout.elf 
arm-none-eabi-objdump -h -S  F479_Pinout.elf  > "F479_Pinout.list"
   text	   data	    bss	    dec	    hex	filename
  38280	    492	   2080	  40852	   9f94	F479_Pinout.elf
Finished building: default.size.stdout
 
Finished building: F479_Pinout.list
 
14:12:26 **** Incremental Build of configuration Debug for project F479_Pinout ****
make -j12 all 
arm-none-eabi-g++ "../Core/Src/main.cpp" -mcpu=cortex-m4 -std=gnu++14 -g3 -DDEBUG -DUSE_HAL_DRIVER -DSTM32F479xx -c -I../Core/Inc -I../Drivers/STM32F4xx_HAL_Driver/Inc -I../Drivers/STM32F4xx_HAL_Driver/Inc/Legacy -I../Drivers/CMSIS/Device/ST/STM32F4xx/Include -I../Drivers/CMSIS/Include -O0 -ffunction-sections -fdata-sections -fno-exceptions -fno-rtti -fno-use-cxa-atexit -Wall -fstack-usage -MMD -MP -MF"Core/Src/main.d" -MT"Core/Src/main.o" --specs=nano.specs -mfpu=fpv4-sp-d16 -mfloat-abi=hard -mthumb -o "Core/Src/main.o"
In file included from ../Core/Src/main.cpp:24:
../Core/Inc/pcf8574.h: In function 'void pcf8574_init(uint8_t, uint8_t)':
../Core/Inc/pcf8574.h:29:19: warning: suggest parentheses around assignment used as truth value [-Wparentheses]
   29 |     for (i = 0; i = 2; i++)
      |                 ~~^~~
../Core/Inc/pcf8574.h: In function 'void pcf8574_write(int, int, int, int)':
../Core/Inc/pcf8574.h:51:23: error: invalid types 'int[int]' for array subscript
   51 |             port_state[exp_num] = port_state[exp_num] | number;
      |                       ^
../Core/Inc/pcf8574.h:51:45: error: invalid types 'int[int]' for array subscript
   51 |             port_state[exp_num] = port_state[exp_num] | number;
      |                                             ^
../Core/Inc/pcf8574.h:52:41: error: invalid types 'int[int]' for array subscript
   52 |             txdata[exp_num] = port_state[exp_num];
      |                                         ^
../Core/Inc/pcf8574.h:56:23: error: invalid types 'int[int]' for array subscript
   56 |             port_state[exp_num] = port_state[exp_num] & number_negated;
      |                       ^
../Core/Inc/pcf8574.h:56:45: error: invalid types 'int[int]' for array subscript
   56 |             port_state[exp_num] = port_state[exp_num] & number_negated;
      |                                             ^
../Core/Inc/pcf8574.h:57:41: error: invalid types 'int[int]' for array subscript
   57 |             txdata[exp_num] = port_state[exp_num];
      |                                         ^
../Core/Src/main.cpp: At global scope:
../Core/Src/main.cpp:44:19: error: redefinition of 'I2C_HandleTypeDef hi2c1'
   44 | I2C_HandleTypeDef hi2c1;
      |                   ^~~~~
In file included from ../Core/Src/main.cpp:24:
../Core/Inc/pcf8574.h:2:19: note: 'I2C_HandleTypeDef hi2c1' previously declared here
    2 | I2C_HandleTypeDef hi2c1;
      |                   ^~~~~
make: *** [Core/Src/subdir.mk:38: Core/Src/main.o] Error 1
"make -j12 all" terminated with exit code 2. Build might be incomplete.
14:13:16 **** Incremental Build of configuration Debug for project F479_Pinout ****
make -j12 all 
arm-none-eabi-g++ "../Core/Src/main.cpp" -mcpu=cortex-m4 -std=gnu++14 -g3 -DDEBUG -DUSE_HAL_DRIVER -DSTM32F479xx -c -I../Core/Inc -I../Drivers/STM32F4xx_HAL_Driver/Inc -I../Drivers/STM32F4xx_HAL_Driver/Inc/Legacy -I../Drivers/CMSIS/Device/ST/STM32F4xx/Include -I../Drivers/CMSIS/Include -O0 -ffunction-sections -fdata-sections -fno-exceptions -fno-rtti -fno-use-cxa-atexit -Wall -fstack-usage -MMD -MP -MF"Core/Src/main.d" -MT"Core/Src/main.o" --specs=nano.specs -mfpu=fpv4-sp-d16 -mfloat-abi=hard -mthumb -o "Core/Src/main.o"
In file included from ../Core/Src/main.cpp:24:
../Core/Inc/pcf8574.h: In function 'void pcf8574_init(uint8_t, uint8_t)':
../Core/Inc/pcf8574.h:29:19: warning: suggest parentheses around assignment used as truth value [-Wparentheses]
   29 |     for (i = 0; i = 2; i++)
      |                 ~~^~~
../Core/Inc/pcf8574.h: In function 'void pcf8574_write(int, int, int, int)':
../Core/Inc/pcf8574.h:51:23: error: invalid types 'int[int]' for array subscript
   51 |             port_state[exp_num] = port_state[exp_num] | number;
      |                       ^
../Core/Inc/pcf8574.h:51:45: error: invalid types 'int[int]' for array subscript
   51 |             port_state[exp_num] = port_state[exp_num] | number;
      |                                             ^
../Core/Inc/pcf8574.h:52:41: error: invalid types 'int[int]' for array subscript
   52 |             txdata[exp_num] = port_state[exp_num];
      |                                         ^
../Core/Inc/pcf8574.h:56:23: error: invalid types 'int[int]' for array subscript
   56 |             port_state[exp_num] = port_state[exp_num] & number_negated;
      |                       ^
../Core/Inc/pcf8574.h:56:45: error: invalid types 'int[int]' for array subscript
   56 |             port_state[exp_num] = port_state[exp_num] & number_negated;
      |                                             ^
../Core/Inc/pcf8574.h:57:41: error: invalid types 'int[int]' for array subscript
   57 |             txdata[exp_num] = port_state[exp_num];
      |                                         ^
../Core/Src/main.cpp: At global scope:
../Core/Src/main.cpp:44:19: error: redefinition of 'I2C_HandleTypeDef hi2c1'
   44 | I2C_HandleTypeDef hi2c1;
      |                   ^~~~~
In file included from ../Core/Src/main.cpp:24:
../Core/Inc/pcf8574.h:2:19: note: 'I2C_HandleTypeDef hi2c1' previously declared here
    2 | I2C_HandleTypeDef hi2c1;
      |                   ^~~~~
make: *** [Core/Src/subdir.mk:38: Core/Src/main.o] Error 1
"make -j12 all" terminated with exit code 2. Build might be incomplete.
14:13:23 **** Incremental Build of configuration Debug for project F479_Pinout ****
make -j12 all 
arm-none-eabi-g++ "../Core/Src/main.cpp" -mcpu=cortex-m4 -std=gnu++14 -g3 -DDEBUG -DUSE_HAL_DRIVER -DSTM32F479xx -c -I../Core/Inc -I../Drivers/STM32F4xx_HAL_Driver/Inc -I../Drivers/STM32F4xx_HAL_Driver/Inc/Legacy -I../Drivers/CMSIS/Device/ST/STM32F4xx/Include -I../Drivers/CMSIS/Include -O0 -ffunction-sections -fdata-sections -fno-exceptions -fno-rtti -fno-use-cxa-atexit -Wall -fstack-usage -MMD -MP -MF"Core/Src/main.d" -MT"Core/Src/main.o" --specs=nano.specs -mfpu=fpv4-sp-d16 -mfloat-abi=hard -mthumb -o "Core/Src/main.o"
In file included from ../Core/Src/main.cpp:24:
../Core/Inc/pcf8574.h: In function 'void pcf8574_write(int, int, int, int)':
../Core/Inc/pcf8574.h:51:23: error: invalid types 'int[int]' for array subscript
   51 |             port_state[exp_num] = port_state[exp_num] | number;
      |                       ^
../Core/Inc/pcf8574.h:51:45: error: invalid types 'int[int]' for array subscript
   51 |             port_state[exp_num] = port_state[exp_num] | number;
      |                                             ^
../Core/Inc/pcf8574.h:52:41: error: invalid types 'int[int]' for array subscript
   52 |             txdata[exp_num] = port_state[exp_num];
      |                                         ^
../Core/Inc/pcf8574.h:56:23: error: invalid types 'int[int]' for array subscript
   56 |             port_state[exp_num] = port_state[exp_num] & number_negated;
      |                       ^
../Core/Inc/pcf8574.h:56:45: error: invalid types 'int[int]' for array subscript
   56 |             port_state[exp_num] = port_state[exp_num] & number_negated;
      |                                             ^
../Core/Inc/pcf8574.h:57:41: error: invalid types 'int[int]' for array subscript
   57 |             txdata[exp_num] = port_state[exp_num];
      |                                         ^
../Core/Src/main.cpp: At global scope:
../Core/Src/main.cpp:44:19: error: redefinition of 'I2C_HandleTypeDef hi2c1'
   44 | I2C_HandleTypeDef hi2c1;
      |                   ^~~~~
In file included from ../Core/Src/main.cpp:24:
../Core/Inc/pcf8574.h:2:19: note: 'I2C_HandleTypeDef hi2c1' previously declared here
    2 | I2C_HandleTypeDef hi2c1;
      |                   ^~~~~
make: *** [Core/Src/subdir.mk:38: Core/Src/main.o] Error 1
"make -j12 all" terminated with exit code 2. Build might be incomplete.
14:13:52 **** Incremental Build of configuration Debug for project F479_Pinout ****
make -j12 all 
arm-none-eabi-g++ "../Core/Src/main.cpp" -mcpu=cortex-m4 -std=gnu++14 -g3 -DDEBUG -DUSE_HAL_DRIVER -DSTM32F479xx -c -I../Core/Inc -I../Drivers/STM32F4xx_HAL_Driver/Inc -I../Drivers/STM32F4xx_HAL_Driver/Inc/Legacy -I../Drivers/CMSIS/Device/ST/STM32F4xx/Include -I../Drivers/CMSIS/Include -O0 -ffunction-sections -fdata-sections -fno-exceptions -fno-rtti -fno-use-cxa-atexit -Wall -fstack-usage -MMD -MP -MF"Core/Src/main.d" -MT"Core/Src/main.o" --specs=nano.specs -mfpu=fpv4-sp-d16 -mfloat-abi=hard -mthumb -o "Core/Src/main.o"
In file included from ../Core/Src/main.cpp:24:
../Core/Inc/pcf8574.h: In function 'void pcf8574_write(int, int, int, int)':
../Core/Inc/pcf8574.h:51:23: error: invalid types 'int[int]' for array subscript
   51 |             port_state[exp_num] = port_state[exp_num] | number;
      |                       ^
../Core/Inc/pcf8574.h:51:45: error: invalid types 'int[int]' for array subscript
   51 |             port_state[exp_num] = port_state[exp_num] | number;
      |                                             ^
../Core/Inc/pcf8574.h:52:41: error: invalid types 'int[int]' for array subscript
   52 |             txdata[exp_num] = port_state[exp_num];
      |                                         ^
../Core/Inc/pcf8574.h:56:23: error: invalid types 'int[int]' for array subscript
   56 |             port_state[exp_num] = port_state[exp_num] & number_negated;
      |                       ^
../Core/Inc/pcf8574.h:56:45: error: invalid types 'int[int]' for array subscript
   56 |             port_state[exp_num] = port_state[exp_num] & number_negated;
      |                                             ^
../Core/Inc/pcf8574.h:57:41: error: invalid types 'int[int]' for array subscript
   57 |             txdata[exp_num] = port_state[exp_num];
      |                                         ^
../Core/Src/main.cpp: At global scope:
../Core/Src/main.cpp:44:19: error: redefinition of 'I2C_HandleTypeDef hi2c1'
   44 | I2C_HandleTypeDef hi2c1;
      |                   ^~~~~
In file included from ../Core/Src/main.cpp:24:
../Core/Inc/pcf8574.h:2:19: note: 'I2C_HandleTypeDef hi2c1' previously declared here
    2 | I2C_HandleTypeDef hi2c1;
      |                   ^~~~~
make: *** [Core/Src/subdir.mk:38: Core/Src/main.o] Error 1
"make -j12 all" terminated with exit code 2. Build might be incomplete.
14:15:13 **** Incremental Build of configuration Debug for project F479_Pinout ****
make -j12 all 
arm-none-eabi-g++ "../Core/Src/main.cpp" -mcpu=cortex-m4 -std=gnu++14 -g3 -DDEBUG -DUSE_HAL_DRIVER -DSTM32F479xx -c -I../Core/Inc -I../Drivers/STM32F4xx_HAL_Driver/Inc -I../Drivers/STM32F4xx_HAL_Driver/Inc/Legacy -I../Drivers/CMSIS/Device/ST/STM32F4xx/Include -I../Drivers/CMSIS/Include -O0 -ffunction-sections -fdata-sections -fno-exceptions -fno-rtti -fno-use-cxa-atexit -Wall -fstack-usage -MMD -MP -MF"Core/Src/main.d" -MT"Core/Src/main.o" --specs=nano.specs -mfpu=fpv4-sp-d16 -mfloat-abi=hard -mthumb -o "Core/Src/main.o"
In file included from ../Core/Src/main.cpp:24:
../Core/Inc/pcf8574.h: In function 'void pcf8574_write(int, int, int, int)':
../Core/Inc/pcf8574.h:51:23: error: invalid types 'int[int]' for array subscript
   51 |             port_state[exp_num] = port_state[exp_num] | number;
      |                       ^
../Core/Inc/pcf8574.h:51:45: error: invalid types 'int[int]' for array subscript
   51 |             port_state[exp_num] = port_state[exp_num] | number;
      |                                             ^
../Core/Inc/pcf8574.h:52:41: error: invalid types 'int[int]' for array subscript
   52 |             txdata[exp_num] = port_state[exp_num];
      |                                         ^
../Core/Inc/pcf8574.h:56:23: error: invalid types 'int[int]' for array subscript
   56 |             port_state[exp_num] = port_state[exp_num] & number_negated;
      |                       ^
../Core/Inc/pcf8574.h:56:45: error: invalid types 'int[int]' for array subscript
   56 |             port_state[exp_num] = port_state[exp_num] & number_negated;
      |                                             ^
../Core/Inc/pcf8574.h:57:41: error: invalid types 'int[int]' for array subscript
   57 |             txdata[exp_num] = port_state[exp_num];
      |                                         ^
../Core/Src/main.cpp: At global scope:
../Core/Src/main.cpp:44:19: error: redefinition of 'I2C_HandleTypeDef hi2c1'
   44 | I2C_HandleTypeDef hi2c1;
      |                   ^~~~~
In file included from ../Core/Src/main.cpp:24:
../Core/Inc/pcf8574.h:2:19: note: 'I2C_HandleTypeDef hi2c1' previously declared here
    2 | I2C_HandleTypeDef hi2c1;
      |                   ^~~~~
make: *** [Core/Src/subdir.mk:38: Core/Src/main.o] Error 1
"make -j12 all" terminated with exit code 2. Build might be incomplete.
14:19:41 **** Incremental Build of configuration Debug for project F479_Pinout ****
make -j12 all 
arm-none-eabi-g++ "../Core/Src/main.cpp" -mcpu=cortex-m4 -std=gnu++14 -g3 -DDEBUG -DUSE_HAL_DRIVER -DSTM32F479xx -c -I../Core/Inc -I../Drivers/STM32F4xx_HAL_Driver/Inc -I../Drivers/STM32F4xx_HAL_Driver/Inc/Legacy -I../Drivers/CMSIS/Device/ST/STM32F4xx/Include -I../Drivers/CMSIS/Include -O0 -ffunction-sections -fdata-sections -fno-exceptions -fno-rtti -fno-use-cxa-atexit -Wall -fstack-usage -MMD -MP -MF"Core/Src/main.d" -MT"Core/Src/main.o" --specs=nano.specs -mfpu=fpv4-sp-d16 -mfloat-abi=hard -mthumb -o "Core/Src/main.o"
../Core/Src/main.cpp:44:19: error: redefinition of 'I2C_HandleTypeDef hi2c1'
   44 | I2C_HandleTypeDef hi2c1;
      |                   ^~~~~
In file included from ../Core/Src/main.cpp:24:
../Core/Inc/pcf8574.h:2:19: note: 'I2C_HandleTypeDef hi2c1' previously declared here
    2 | I2C_HandleTypeDef hi2c1;
      |                   ^~~~~
../Core/Src/main.cpp: In function 'int main()':
../Core/Src/main.cpp:118:25: error: too many arguments to function 'void pcf8574_init(uint8_t)'
  118 |   pcf8574_init(0,0x27<<1);
      |                         ^
In file included from ../Core/Src/main.cpp:24:
../Core/Inc/pcf8574.h:26:6: note: declared here
   26 | void pcf8574_init(uint8_t exp_addr)
      |      ^~~~~~~~~~~~
../Core/Src/main.cpp:121:24: error: too many arguments to function 'void pcf8574_write(uint8_t, int, int)'
  121 |   pcf8574_write(0,6,1,1);
      |                        ^
In file included from ../Core/Src/main.cpp:24:
../Core/Inc/pcf8574.h:37:6: note: declared here
   37 | void pcf8574_write(uint8_t port_num, int port_state, int send_cmd)
      |      ^~~~~~~~~~~~~
make: *** [Core/Src/subdir.mk:38: Core/Src/main.o] Error 1
"make -j12 all" terminated with exit code 2. Build might be incomplete.
14:19:52 **** Incremental Build of configuration Debug for project F479_Pinout ****
make -j12 all 
arm-none-eabi-g++ "../Core/Src/main.cpp" -mcpu=cortex-m4 -std=gnu++14 -g3 -DDEBUG -DUSE_HAL_DRIVER -DSTM32F479xx -c -I../Core/Inc -I../Drivers/STM32F4xx_HAL_Driver/Inc -I../Drivers/STM32F4xx_HAL_Driver/Inc/Legacy -I../Drivers/CMSIS/Device/ST/STM32F4xx/Include -I../Drivers/CMSIS/Include -O0 -ffunction-sections -fdata-sections -fno-exceptions -fno-rtti -fno-use-cxa-atexit -Wall -fstack-usage -MMD -MP -MF"Core/Src/main.d" -MT"Core/Src/main.o" --specs=nano.specs -mfpu=fpv4-sp-d16 -mfloat-abi=hard -mthumb -o "Core/Src/main.o"
In file included from ../Core/Src/main.cpp:24:
../Core/Inc/pcf8574.h: In function 'void pcf8574_write(uint8_t, int, int)':
../Core/Inc/pcf8574.h:69:34: error: 'hi2c1' was not declared in this scope
   69 |         HAL_I2C_Master_Transmit(&hi2c1, addr[0], tx, 1, 100);
      |                                  ^~~~~
../Core/Src/main.cpp: In function 'int main()':
../Core/Src/main.cpp:118:25: error: too many arguments to function 'void pcf8574_init(uint8_t)'
  118 |   pcf8574_init(0,0x27<<1);
      |                         ^
In file included from ../Core/Src/main.cpp:24:
../Core/Inc/pcf8574.h:26:6: note: declared here
   26 | void pcf8574_init(uint8_t exp_addr)
      |      ^~~~~~~~~~~~
../Core/Src/main.cpp:121:24: error: too many arguments to function 'void pcf8574_write(uint8_t, int, int)'
  121 |   pcf8574_write(0,6,1,1);
      |                        ^
In file included from ../Core/Src/main.cpp:24:
../Core/Inc/pcf8574.h:37:6: note: declared here
   37 | void pcf8574_write(uint8_t port_num, int port_state, int send_cmd)
      |      ^~~~~~~~~~~~~
make: *** [Core/Src/subdir.mk:38: Core/Src/main.o] Error 1
"make -j12 all" terminated with exit code 2. Build might be incomplete.
14:21:26 **** Incremental Build of configuration Debug for project F479_Pinout ****
make -j12 all 
arm-none-eabi-g++ "../Core/Src/main.cpp" -mcpu=cortex-m4 -std=gnu++14 -g3 -DDEBUG -DUSE_HAL_DRIVER -DSTM32F479xx -c -I../Core/Inc -I../Drivers/STM32F4xx_HAL_Driver/Inc -I../Drivers/STM32F4xx_HAL_Driver/Inc/Legacy -I../Drivers/CMSIS/Device/ST/STM32F4xx/Include -I../Drivers/CMSIS/Include -O0 -ffunction-sections -fdata-sections -fno-exceptions -fno-rtti -fno-use-cxa-atexit -Wall -fstack-usage -MMD -MP -MF"Core/Src/main.d" -MT"Core/Src/main.o" --specs=nano.specs -mfpu=fpv4-sp-d16 -mfloat-abi=hard -mthumb -o "Core/Src/main.o"
../Core/Src/main.cpp: In function 'int main()':
../Core/Src/main.cpp:118:25: error: too many arguments to function 'void pcf8574_init(uint8_t)'
  118 |   pcf8574_init(0,0x27<<1);
      |                         ^
In file included from ../Core/Src/main.cpp:24:
../Core/Inc/pcf8574.h:26:6: note: declared here
   26 | void pcf8574_init(uint8_t exp_addr)
      |      ^~~~~~~~~~~~
make: *** [Core/Src/subdir.mk:38: Core/Src/main.o] Error 1
"make -j12 all" terminated with exit code 2. Build might be incomplete.
14:21:46 **** Incremental Build of configuration Debug for project F479_Pinout ****
make -j12 all 
arm-none-eabi-g++ "../Core/Src/main.cpp" -mcpu=cortex-m4 -std=gnu++14 -g3 -DDEBUG -DUSE_HAL_DRIVER -DSTM32F479xx -c -I../Core/Inc -I../Drivers/STM32F4xx_HAL_Driver/Inc -I../Drivers/STM32F4xx_HAL_Driver/Inc/Legacy -I../Drivers/CMSIS/Device/ST/STM32F4xx/Include -I../Drivers/CMSIS/Include -O0 -ffunction-sections -fdata-sections -fno-exceptions -fno-rtti -fno-use-cxa-atexit -Wall -fstack-usage -MMD -MP -MF"Core/Src/main.d" -MT"Core/Src/main.o" --specs=nano.specs -mfpu=fpv4-sp-d16 -mfloat-abi=hard -mthumb -o "Core/Src/main.o"
../Core/Src/main.cpp: In function 'int main()':
../Core/Src/main.cpp:118:22: error: too many arguments to function 'void pcf8574_init(uint8_t)'
  118 |   pcf8574_init(0,0x27);
      |                      ^
In file included from ../Core/Src/main.cpp:24:
../Core/Inc/pcf8574.h:26:6: note: declared here
   26 | void pcf8574_init(uint8_t exp_addr)
      |      ^~~~~~~~~~~~
make: *** [Core/Src/subdir.mk:38: Core/Src/main.o] Error 1
"make -j12 all" terminated with exit code 2. Build might be incomplete.
14:21:53 **** Incremental Build of configuration Debug for project F479_Pinout ****
make -j12 all 
arm-none-eabi-g++ "../Core/Src/main.cpp" -mcpu=cortex-m4 -std=gnu++14 -g3 -DDEBUG -DUSE_HAL_DRIVER -DSTM32F479xx -c -I../Core/Inc -I../Drivers/STM32F4xx_HAL_Driver/Inc -I../Drivers/STM32F4xx_HAL_Driver/Inc/Legacy -I../Drivers/CMSIS/Device/ST/STM32F4xx/Include -I../Drivers/CMSIS/Include -O0 -ffunction-sections -fdata-sections -fno-exceptions -fno-rtti -fno-use-cxa-atexit -Wall -fstack-usage -MMD -MP -MF"Core/Src/main.d" -MT"Core/Src/main.o" --specs=nano.specs -mfpu=fpv4-sp-d16 -mfloat-abi=hard -mthumb -o "Core/Src/main.o"
arm-none-eabi-g++ -o "F479_Pinout.elf" @"objects.list"   -mcpu=cortex-m4 -T"C:\Users\INSTED\Desktop\INSTED_WORKSPACE\FF64-MTQ\F479_Pinout\STM32F479VITX_FLASH.ld" -Wl,-Map="F479_Pinout.map" -Wl,--gc-sections -static --specs=nano.specs -mfpu=fpv4-sp-d16 -mfloat-abi=hard -mthumb -u _printf_float -u _scanf_float -Wl,--start-group -lc -lm -lstdc++ -lsupc++ -Wl,--end-group
Finished building target: F479_Pinout.elf
 
arm-none-eabi-size   F479_Pinout.elf 
arm-none-eabi-objdump -h -S  F479_Pinout.elf  > "F479_Pinout.list"
   text	   data	    bss	    dec	    hex	filename
  38896	    492	   2088	  41476	   a204	F479_Pinout.elf
Finished building: default.size.stdout
 
Finished building: F479_Pinout.list
 
14:23:07 **** Incremental Build of configuration Debug for project F479_Pinout ****
make -j12 all 
arm-none-eabi-g++ "../Core/Src/main.cpp" -mcpu=cortex-m4 -std=gnu++14 -g3 -DDEBUG -DUSE_HAL_DRIVER -DSTM32F479xx -c -I../Core/Inc -I../Drivers/STM32F4xx_HAL_Driver/Inc -I../Drivers/STM32F4xx_HAL_Driver/Inc/Legacy -I../Drivers/CMSIS/Device/ST/STM32F4xx/Include -I../Drivers/CMSIS/Include -O0 -ffunction-sections -fdata-sections -fno-exceptions -fno-rtti -fno-use-cxa-atexit -Wall -fstack-usage -MMD -MP -MF"Core/Src/main.d" -MT"Core/Src/main.o" --specs=nano.specs -mfpu=fpv4-sp-d16 -mfloat-abi=hard -mthumb -o "Core/Src/main.o"
arm-none-eabi-g++ -o "F479_Pinout.elf" @"objects.list"   -mcpu=cortex-m4 -T"C:\Users\INSTED\Desktop\INSTED_WORKSPACE\FF64-MTQ\F479_Pinout\STM32F479VITX_FLASH.ld" -Wl,-Map="F479_Pinout.map" -Wl,--gc-sections -static --specs=nano.specs -mfpu=fpv4-sp-d16 -mfloat-abi=hard -mthumb -u _printf_float -u _scanf_float -Wl,--start-group -lc -lm -lstdc++ -lsupc++ -Wl,--end-group
Finished building target: F479_Pinout.elf
 
arm-none-eabi-size   F479_Pinout.elf 
arm-none-eabi-objdump -h -S  F479_Pinout.elf  > "F479_Pinout.list"
   text	   data	    bss	    dec	    hex	filename
  38896	    492	   2088	  41476	   a204	F479_Pinout.elf
Finished building: default.size.stdout
 
Finished building: F479_Pinout.list
 
14:30:15 **** Incremental Build of configuration Debug for project F479_Pinout ****
make -j12 all 
arm-none-eabi-g++ "../Core/Src/main.cpp" -mcpu=cortex-m4 -std=gnu++14 -g3 -DDEBUG -DUSE_HAL_DRIVER -DSTM32F479xx -c -I../Core/Inc -I../Drivers/STM32F4xx_HAL_Driver/Inc -I../Drivers/STM32F4xx_HAL_Driver/Inc/Legacy -I../Drivers/CMSIS/Device/ST/STM32F4xx/Include -I../Drivers/CMSIS/Include -O0 -ffunction-sections -fdata-sections -fno-exceptions -fno-rtti -fno-use-cxa-atexit -Wall -fstack-usage -MMD -MP -MF"Core/Src/main.d" -MT"Core/Src/main.o" --specs=nano.specs -mfpu=fpv4-sp-d16 -mfloat-abi=hard -mthumb -o "Core/Src/main.o"
arm-none-eabi-g++ -o "F479_Pinout.elf" @"objects.list"   -mcpu=cortex-m4 -T"C:\Users\INSTED\Desktop\INSTED_WORKSPACE\FF64-MTQ\F479_Pinout\STM32F479VITX_FLASH.ld" -Wl,-Map="F479_Pinout.map" -Wl,--gc-sections -static --specs=nano.specs -mfpu=fpv4-sp-d16 -mfloat-abi=hard -mthumb -u _printf_float -u _scanf_float -Wl,--start-group -lc -lm -lstdc++ -lsupc++ -Wl,--end-group
Finished building target: F479_Pinout.elf
 
arm-none-eabi-size   F479_Pinout.elf 
arm-none-eabi-objdump -h -S  F479_Pinout.elf  > "F479_Pinout.list"
   text	   data	    bss	    dec	    hex	filename
  39520	    492	   2088	  42100	   a474	F479_Pinout.elf
Finished building: default.size.stdout
 
Finished building: F479_Pinout.list
 
14:31:29 **** Incremental Build of configuration Debug for project F479_Pinout ****
make -j12 all 
arm-none-eabi-g++ "../Core/Src/main.cpp" -mcpu=cortex-m4 -std=gnu++14 -g3 -DDEBUG -DUSE_HAL_DRIVER -DSTM32F479xx -c -I../Core/Inc -I../Drivers/STM32F4xx_HAL_Driver/Inc -I../Drivers/STM32F4xx_HAL_Driver/Inc/Legacy -I../Drivers/CMSIS/Device/ST/STM32F4xx/Include -I../Drivers/CMSIS/Include -O0 -ffunction-sections -fdata-sections -fno-exceptions -fno-rtti -fno-use-cxa-atexit -Wall -fstack-usage -MMD -MP -MF"Core/Src/main.d" -MT"Core/Src/main.o" --specs=nano.specs -mfpu=fpv4-sp-d16 -mfloat-abi=hard -mthumb -o "Core/Src/main.o"
arm-none-eabi-g++ -o "F479_Pinout.elf" @"objects.list"   -mcpu=cortex-m4 -T"C:\Users\INSTED\Desktop\INSTED_WORKSPACE\FF64-MTQ\F479_Pinout\STM32F479VITX_FLASH.ld" -Wl,-Map="F479_Pinout.map" -Wl,--gc-sections -static --specs=nano.specs -mfpu=fpv4-sp-d16 -mfloat-abi=hard -mthumb -u _printf_float -u _scanf_float -Wl,--start-group -lc -lm -lstdc++ -lsupc++ -Wl,--end-group
Finished building target: F479_Pinout.elf
 
arm-none-eabi-size   F479_Pinout.elf 
arm-none-eabi-objdump -h -S  F479_Pinout.elf  > "F479_Pinout.list"
   text	   data	    bss	    dec	    hex	filename
  39528	    492	   2088	  42108	   a47c	F479_Pinout.elf
Finished building: default.size.stdout
 
Finished building: F479_Pinout.list
 
14:56:01 **** Incremental Build of configuration Debug for project F479_Pinout ****
make -j12 all 
arm-none-eabi-g++ "../Core/Src/main.cpp" -mcpu=cortex-m4 -std=gnu++14 -g3 -DDEBUG -DUSE_HAL_DRIVER -DSTM32F479xx -c -I../Core/Inc -I../Drivers/STM32F4xx_HAL_Driver/Inc -I../Drivers/STM32F4xx_HAL_Driver/Inc/Legacy -I../Drivers/CMSIS/Device/ST/STM32F4xx/Include -I../Drivers/CMSIS/Include -O0 -ffunction-sections -fdata-sections -fno-exceptions -fno-rtti -fno-use-cxa-atexit -Wall -fstack-usage -MMD -MP -MF"Core/Src/main.d" -MT"Core/Src/main.o" --specs=nano.specs -mfpu=fpv4-sp-d16 -mfloat-abi=hard -mthumb -o "Core/Src/main.o"
../Core/Src/main.cpp: In function 'int main()':
../Core/Src/main.cpp:122:8: error: request for member 'CCR1' in '(TIM_TypeDef*)((1073741824 + 65536) + 0)', which is of pointer type 'TIM_TypeDef*' (maybe you meant to use '->' ?)
  122 |   TIM1.CCR1 = 40000;
      |        ^~~~
../Core/Src/main.cpp:121:11: warning: unused variable 'CH1_DC' [-Wunused-variable]
  121 |   int32_t CH1_DC = 0;
      |           ^~~~~~
make: *** [Core/Src/subdir.mk:38: Core/Src/main.o] Error 1
"make -j12 all" terminated with exit code 2. Build might be incomplete.
14:56:23 **** Incremental Build of configuration Debug for project F479_Pinout ****
make -j12 all 
arm-none-eabi-g++ "../Core/Src/main.cpp" -mcpu=cortex-m4 -std=gnu++14 -g3 -DDEBUG -DUSE_HAL_DRIVER -DSTM32F479xx -c -I../Core/Inc -I../Drivers/STM32F4xx_HAL_Driver/Inc -I../Drivers/STM32F4xx_HAL_Driver/Inc/Legacy -I../Drivers/CMSIS/Device/ST/STM32F4xx/Include -I../Drivers/CMSIS/Include -O0 -ffunction-sections -fdata-sections -fno-exceptions -fno-rtti -fno-use-cxa-atexit -Wall -fstack-usage -MMD -MP -MF"Core/Src/main.d" -MT"Core/Src/main.o" --specs=nano.specs -mfpu=fpv4-sp-d16 -mfloat-abi=hard -mthumb -o "Core/Src/main.o"
arm-none-eabi-g++ -o "F479_Pinout.elf" @"objects.list"   -mcpu=cortex-m4 -T"C:\Users\INSTED\Desktop\INSTED_WORKSPACE\FF64-MTQ\F479_Pinout\STM32F479VITX_FLASH.ld" -Wl,-Map="F479_Pinout.map" -Wl,--gc-sections -static --specs=nano.specs -mfpu=fpv4-sp-d16 -mfloat-abi=hard -mthumb -u _printf_float -u _scanf_float -Wl,--start-group -lc -lm -lstdc++ -lsupc++ -Wl,--end-group
Finished building target: F479_Pinout.elf
 
arm-none-eabi-size   F479_Pinout.elf 
arm-none-eabi-objdump -h -S  F479_Pinout.elf  > "F479_Pinout.list"
   text	   data	    bss	    dec	    hex	filename
  39400	    492	   2088	  41980	   a3fc	F479_Pinout.elf
Finished building: default.size.stdout
 
Finished building: F479_Pinout.list
 
14:57:07 **** Incremental Build of configuration Debug for project F479_Pinout ****
make -j12 all 
arm-none-eabi-g++ "../Core/Src/main.cpp" -mcpu=cortex-m4 -std=gnu++14 -g3 -DDEBUG -DUSE_HAL_DRIVER -DSTM32F479xx -c -I../Core/Inc -I../Drivers/STM32F4xx_HAL_Driver/Inc -I../Drivers/STM32F4xx_HAL_Driver/Inc/Legacy -I../Drivers/CMSIS/Device/ST/STM32F4xx/Include -I../Drivers/CMSIS/Include -O0 -ffunction-sections -fdata-sections -fno-exceptions -fno-rtti -fno-use-cxa-atexit -Wall -fstack-usage -MMD -MP -MF"Core/Src/main.d" -MT"Core/Src/main.o" --specs=nano.specs -mfpu=fpv4-sp-d16 -mfloat-abi=hard -mthumb -o "Core/Src/main.o"
arm-none-eabi-g++ -o "F479_Pinout.elf" @"objects.list"   -mcpu=cortex-m4 -T"C:\Users\INSTED\Desktop\INSTED_WORKSPACE\FF64-MTQ\F479_Pinout\STM32F479VITX_FLASH.ld" -Wl,-Map="F479_Pinout.map" -Wl,--gc-sections -static --specs=nano.specs -mfpu=fpv4-sp-d16 -mfloat-abi=hard -mthumb -u _printf_float -u _scanf_float -Wl,--start-group -lc -lm -lstdc++ -lsupc++ -Wl,--end-group
Finished building target: F479_Pinout.elf
 
arm-none-eabi-size   F479_Pinout.elf 
arm-none-eabi-objdump -h -S  F479_Pinout.elf  > "F479_Pinout.list"
   text	   data	    bss	    dec	    hex	filename
  39400	    492	   2088	  41980	   a3fc	F479_Pinout.elf
Finished building: default.size.stdout
 
Finished building: F479_Pinout.list
 
15:02:23 **** Incremental Build of configuration Debug for project F479_Pinout ****
make -j12 all 
arm-none-eabi-g++ "../Core/Src/main.cpp" -mcpu=cortex-m4 -std=gnu++14 -g3 -DDEBUG -DUSE_HAL_DRIVER -DSTM32F479xx -c -I../Core/Inc -I../Drivers/STM32F4xx_HAL_Driver/Inc -I../Drivers/STM32F4xx_HAL_Driver/Inc/Legacy -I../Drivers/CMSIS/Device/ST/STM32F4xx/Include -I../Drivers/CMSIS/Include -O0 -ffunction-sections -fdata-sections -fno-exceptions -fno-rtti -fno-use-cxa-atexit -Wall -fstack-usage -MMD -MP -MF"Core/Src/main.d" -MT"Core/Src/main.o" --specs=nano.specs -mfpu=fpv4-sp-d16 -mfloat-abi=hard -mthumb -o "Core/Src/main.o"
arm-none-eabi-g++ -o "F479_Pinout.elf" @"objects.list"   -mcpu=cortex-m4 -T"C:\Users\INSTED\Desktop\INSTED_WORKSPACE\FF64-MTQ\F479_Pinout\STM32F479VITX_FLASH.ld" -Wl,-Map="F479_Pinout.map" -Wl,--gc-sections -static --specs=nano.specs -mfpu=fpv4-sp-d16 -mfloat-abi=hard -mthumb -u _printf_float -u _scanf_float -Wl,--start-group -lc -lm -lstdc++ -lsupc++ -Wl,--end-group
Finished building target: F479_Pinout.elf
 
arm-none-eabi-size   F479_Pinout.elf 
arm-none-eabi-objdump -h -S  F479_Pinout.elf  > "F479_Pinout.list"
   text	   data	    bss	    dec	    hex	filename
  39400	    492	   2088	  41980	   a3fc	F479_Pinout.elf
Finished building: default.size.stdout
 
Finished building: F479_Pinout.list
 
15:03:53 **** Incremental Build of configuration Debug for project F479_Pinout ****
make -j12 all 
arm-none-eabi-g++ "../Core/Src/main.cpp" -mcpu=cortex-m4 -std=gnu++14 -g3 -DDEBUG -DUSE_HAL_DRIVER -DSTM32F479xx -c -I../Core/Inc -I../Drivers/STM32F4xx_HAL_Driver/Inc -I../Drivers/STM32F4xx_HAL_Driver/Inc/Legacy -I../Drivers/CMSIS/Device/ST/STM32F4xx/Include -I../Drivers/CMSIS/Include -O0 -ffunction-sections -fdata-sections -fno-exceptions -fno-rtti -fno-use-cxa-atexit -Wall -fstack-usage -MMD -MP -MF"Core/Src/main.d" -MT"Core/Src/main.o" --specs=nano.specs -mfpu=fpv4-sp-d16 -mfloat-abi=hard -mthumb -o "Core/Src/main.o"
arm-none-eabi-g++ -o "F479_Pinout.elf" @"objects.list"   -mcpu=cortex-m4 -T"C:\Users\INSTED\Desktop\INSTED_WORKSPACE\FF64-MTQ\F479_Pinout\STM32F479VITX_FLASH.ld" -Wl,-Map="F479_Pinout.map" -Wl,--gc-sections -static --specs=nano.specs -mfpu=fpv4-sp-d16 -mfloat-abi=hard -mthumb -u _printf_float -u _scanf_float -Wl,--start-group -lc -lm -lstdc++ -lsupc++ -Wl,--end-group
Finished building target: F479_Pinout.elf
 
arm-none-eabi-size   F479_Pinout.elf 
arm-none-eabi-objdump -h -S  F479_Pinout.elf  > "F479_Pinout.list"
   text	   data	    bss	    dec	    hex	filename
  39400	    492	   2088	  41980	   a3fc	F479_Pinout.elf
Finished building: default.size.stdout
 
Finished building: F479_Pinout.list
 
15:09:29 **** Incremental Build of configuration Debug for project F479_Pinout ****
make -j12 all 
arm-none-eabi-g++ "../Core/Src/main.cpp" -mcpu=cortex-m4 -std=gnu++14 -g3 -DDEBUG -DUSE_HAL_DRIVER -DSTM32F479xx -c -I../Core/Inc -I../Drivers/STM32F4xx_HAL_Driver/Inc -I../Drivers/STM32F4xx_HAL_Driver/Inc/Legacy -I../Drivers/CMSIS/Device/ST/STM32F4xx/Include -I../Drivers/CMSIS/Include -O0 -ffunction-sections -fdata-sections -fno-exceptions -fno-rtti -fno-use-cxa-atexit -Wall -fstack-usage -MMD -MP -MF"Core/Src/main.d" -MT"Core/Src/main.o" --specs=nano.specs -mfpu=fpv4-sp-d16 -mfloat-abi=hard -mthumb -o "Core/Src/main.o"
arm-none-eabi-g++ -o "F479_Pinout.elf" @"objects.list"   -mcpu=cortex-m4 -T"C:\Users\INSTED\Desktop\INSTED_WORKSPACE\FF64-MTQ\F479_Pinout\STM32F479VITX_FLASH.ld" -Wl,-Map="F479_Pinout.map" -Wl,--gc-sections -static --specs=nano.specs -mfpu=fpv4-sp-d16 -mfloat-abi=hard -mthumb -u _printf_float -u _scanf_float -Wl,--start-group -lc -lm -lstdc++ -lsupc++ -Wl,--end-group
Finished building target: F479_Pinout.elf
 
arm-none-eabi-size   F479_Pinout.elf 
arm-none-eabi-objdump -h -S  F479_Pinout.elf  > "F479_Pinout.list"
   text	   data	    bss	    dec	    hex	filename
  39400	    492	   2088	  41980	   a3fc	F479_Pinout.elf
Finished building: default.size.stdout
 
Finished building: F479_Pinout.list
 
15:11:32 **** Incremental Build of configuration Debug for project F479_Pinout ****
make -j12 all 
arm-none-eabi-g++ "../Core/Src/main.cpp" -mcpu=cortex-m4 -std=gnu++14 -g3 -DDEBUG -DUSE_HAL_DRIVER -DSTM32F479xx -c -I../Core/Inc -I../Drivers/STM32F4xx_HAL_Driver/Inc -I../Drivers/STM32F4xx_HAL_Driver/Inc/Legacy -I../Drivers/CMSIS/Device/ST/STM32F4xx/Include -I../Drivers/CMSIS/Include -O0 -ffunction-sections -fdata-sections -fno-exceptions -fno-rtti -fno-use-cxa-atexit -Wall -fstack-usage -MMD -MP -MF"Core/Src/main.d" -MT"Core/Src/main.o" --specs=nano.specs -mfpu=fpv4-sp-d16 -mfloat-abi=hard -mthumb -o "Core/Src/main.o"
arm-none-eabi-g++ -o "F479_Pinout.elf" @"objects.list"   -mcpu=cortex-m4 -T"C:\Users\INSTED\Desktop\INSTED_WORKSPACE\FF64-MTQ\F479_Pinout\STM32F479VITX_FLASH.ld" -Wl,-Map="F479_Pinout.map" -Wl,--gc-sections -static --specs=nano.specs -mfpu=fpv4-sp-d16 -mfloat-abi=hard -mthumb -u _printf_float -u _scanf_float -Wl,--start-group -lc -lm -lstdc++ -lsupc++ -Wl,--end-group
Finished building target: F479_Pinout.elf
 
arm-none-eabi-size   F479_Pinout.elf 
arm-none-eabi-objdump -h -S  F479_Pinout.elf  > "F479_Pinout.list"
   text	   data	    bss	    dec	    hex	filename
  39400	    492	   2088	  41980	   a3fc	F479_Pinout.elf
Finished building: default.size.stdout
 
Finished building: F479_Pinout.list
 
15:12:24 **** Incremental Build of configuration Debug for project F479_Pinout ****
make -j12 all 
arm-none-eabi-g++ "../Core/Src/main.cpp" -mcpu=cortex-m4 -std=gnu++14 -g3 -DDEBUG -DUSE_HAL_DRIVER -DSTM32F479xx -c -I../Core/Inc -I../Drivers/STM32F4xx_HAL_Driver/Inc -I../Drivers/STM32F4xx_HAL_Driver/Inc/Legacy -I../Drivers/CMSIS/Device/ST/STM32F4xx/Include -I../Drivers/CMSIS/Include -O0 -ffunction-sections -fdata-sections -fno-exceptions -fno-rtti -fno-use-cxa-atexit -Wall -fstack-usage -MMD -MP -MF"Core/Src/main.d" -MT"Core/Src/main.o" --specs=nano.specs -mfpu=fpv4-sp-d16 -mfloat-abi=hard -mthumb -o "Core/Src/main.o"
arm-none-eabi-g++ -o "F479_Pinout.elf" @"objects.list"   -mcpu=cortex-m4 -T"C:\Users\INSTED\Desktop\INSTED_WORKSPACE\FF64-MTQ\F479_Pinout\STM32F479VITX_FLASH.ld" -Wl,-Map="F479_Pinout.map" -Wl,--gc-sections -static --specs=nano.specs -mfpu=fpv4-sp-d16 -mfloat-abi=hard -mthumb -u _printf_float -u _scanf_float -Wl,--start-group -lc -lm -lstdc++ -lsupc++ -Wl,--end-group
Finished building target: F479_Pinout.elf
 
arm-none-eabi-size   F479_Pinout.elf 
arm-none-eabi-objdump -h -S  F479_Pinout.elf  > "F479_Pinout.list"
   text	   data	    bss	    dec	    hex	filename
  39400	    492	   2088	  41980	   a3fc	F479_Pinout.elf
Finished building: default.size.stdout
 
Finished building: F479_Pinout.list
 
15:21:24 **** Incremental Build of configuration Debug for project F479_Pinout ****
make -j12 all 
arm-none-eabi-g++ "../Core/Src/main.cpp" -mcpu=cortex-m4 -std=gnu++14 -g3 -DDEBUG -DUSE_HAL_DRIVER -DSTM32F479xx -c -I../Core/Inc -I../Drivers/STM32F4xx_HAL_Driver/Inc -I../Drivers/STM32F4xx_HAL_Driver/Inc/Legacy -I../Drivers/CMSIS/Device/ST/STM32F4xx/Include -I../Drivers/CMSIS/Include -O0 -ffunction-sections -fdata-sections -fno-exceptions -fno-rtti -fno-use-cxa-atexit -Wall -fstack-usage -MMD -MP -MF"Core/Src/main.d" -MT"Core/Src/main.o" --specs=nano.specs -mfpu=fpv4-sp-d16 -mfloat-abi=hard -mthumb -o "Core/Src/main.o"
arm-none-eabi-g++ -o "F479_Pinout.elf" @"objects.list"   -mcpu=cortex-m4 -T"C:\Users\INSTED\Desktop\INSTED_WORKSPACE\FF64-MTQ\F479_Pinout\STM32F479VITX_FLASH.ld" -Wl,-Map="F479_Pinout.map" -Wl,--gc-sections -static --specs=nano.specs -mfpu=fpv4-sp-d16 -mfloat-abi=hard -mthumb -u _printf_float -u _scanf_float -Wl,--start-group -lc -lm -lstdc++ -lsupc++ -Wl,--end-group
Finished building target: F479_Pinout.elf
 
arm-none-eabi-size   F479_Pinout.elf 
arm-none-eabi-objdump -h -S  F479_Pinout.elf  > "F479_Pinout.list"
   text	   data	    bss	    dec	    hex	filename
  39392	    492	   2088	  41972	   a3f4	F479_Pinout.elf
Finished building: default.size.stdout
 
Finished building: F479_Pinout.list
 
15:22:58 **** Incremental Build of configuration Debug for project F479_Pinout ****
make -j12 all 
arm-none-eabi-g++ "../Core/Src/main.cpp" -mcpu=cortex-m4 -std=gnu++14 -g3 -DDEBUG -DUSE_HAL_DRIVER -DSTM32F479xx -c -I../Core/Inc -I../Drivers/STM32F4xx_HAL_Driver/Inc -I../Drivers/STM32F4xx_HAL_Driver/Inc/Legacy -I../Drivers/CMSIS/Device/ST/STM32F4xx/Include -I../Drivers/CMSIS/Include -O0 -ffunction-sections -fdata-sections -fno-exceptions -fno-rtti -fno-use-cxa-atexit -Wall -fstack-usage -MMD -MP -MF"Core/Src/main.d" -MT"Core/Src/main.o" --specs=nano.specs -mfpu=fpv4-sp-d16 -mfloat-abi=hard -mthumb -o "Core/Src/main.o"
arm-none-eabi-g++ -o "F479_Pinout.elf" @"objects.list"   -mcpu=cortex-m4 -T"C:\Users\INSTED\Desktop\INSTED_WORKSPACE\FF64-MTQ\F479_Pinout\STM32F479VITX_FLASH.ld" -Wl,-Map="F479_Pinout.map" -Wl,--gc-sections -static --specs=nano.specs -mfpu=fpv4-sp-d16 -mfloat-abi=hard -mthumb -u _printf_float -u _scanf_float -Wl,--start-group -lc -lm -lstdc++ -lsupc++ -Wl,--end-group
Finished building target: F479_Pinout.elf
 
arm-none-eabi-size   F479_Pinout.elf 
arm-none-eabi-objdump -h -S  F479_Pinout.elf  > "F479_Pinout.list"
   text	   data	    bss	    dec	    hex	filename
  39400	    492	   2088	  41980	   a3fc	F479_Pinout.elf
Finished building: default.size.stdout
 
Finished building: F479_Pinout.list
 
15:24:06 **** Incremental Build of configuration Debug for project F479_Pinout ****
make -j12 all 
arm-none-eabi-g++ "../Core/Src/main.cpp" -mcpu=cortex-m4 -std=gnu++14 -g3 -DDEBUG -DUSE_HAL_DRIVER -DSTM32F479xx -c -I../Core/Inc -I../Drivers/STM32F4xx_HAL_Driver/Inc -I../Drivers/STM32F4xx_HAL_Driver/Inc/Legacy -I../Drivers/CMSIS/Device/ST/STM32F4xx/Include -I../Drivers/CMSIS/Include -O0 -ffunction-sections -fdata-sections -fno-exceptions -fno-rtti -fno-use-cxa-atexit -Wall -fstack-usage -MMD -MP -MF"Core/Src/main.d" -MT"Core/Src/main.o" --specs=nano.specs -mfpu=fpv4-sp-d16 -mfloat-abi=hard -mthumb -o "Core/Src/main.o"
arm-none-eabi-g++ -o "F479_Pinout.elf" @"objects.list"   -mcpu=cortex-m4 -T"C:\Users\INSTED\Desktop\INSTED_WORKSPACE\FF64-MTQ\F479_Pinout\STM32F479VITX_FLASH.ld" -Wl,-Map="F479_Pinout.map" -Wl,--gc-sections -static --specs=nano.specs -mfpu=fpv4-sp-d16 -mfloat-abi=hard -mthumb -u _printf_float -u _scanf_float -Wl,--start-group -lc -lm -lstdc++ -lsupc++ -Wl,--end-group
Finished building target: F479_Pinout.elf
 
arm-none-eabi-size   F479_Pinout.elf 
arm-none-eabi-objdump -h -S  F479_Pinout.elf  > "F479_Pinout.list"
   text	   data	    bss	    dec	    hex	filename
  39400	    492	   2088	  41980	   a3fc	F479_Pinout.elf
Finished building: default.size.stdout
 
Finished building: F479_Pinout.list
 
