12:49:24 **** Incremental Build of configuration Debug for project F479_Pinout ****
make -j12 all 
arm-none-eabi-g++ "../Core/Src/main.cpp" -mcpu=cortex-m4 -std=gnu++14 -g3 -DDEBUG -DUSE_HAL_DRIVER -DSTM32F479xx -c -I../Core/Inc -I../Drivers/STM32F4xx_HAL_Driver/Inc -I../Drivers/STM32F4xx_HAL_Driver/Inc/Legacy -I../Drivers/CMSIS/Device/ST/STM32F4xx/Include -I../Drivers/CMSIS/Include -O0 -ffunction-sections -fdata-sections -fno-exceptions -fno-rtti -fno-use-cxa-atexit -Wall -fstack-usage -MMD -MP -MF"Core/Src/main.d" -MT"Core/Src/main.o" --specs=nano.specs -mfpu=fpv4-sp-d16 -mfloat-abi=hard -mthumb -o "Core/Src/main.o"
arm-none-eabi-g++ -o "F479_Pinout.elf" @"objects.list"   -mcpu=cortex-m4 -T"C:\Users\INSTED\Desktop\INSTED_WORKSPACE\FF64-MTQ\F479_Pinout\STM32F479VITX_FLASH.ld" -Wl,-Map="F479_Pinout.map" -Wl,--gc-sections -static --specs=nano.specs -mfpu=fpv4-sp-d16 -mfloat-abi=hard -mthumb -u _printf_float -u _scanf_float -Wl,--start-group -lc -lm -lstdc++ -lsupc++ -Wl,--end-group
Finished building target: F479_Pinout.elf
 
arm-none-eabi-size   F479_Pinout.elf 
arm-none-eabi-objdump -h -S  F479_Pinout.elf  > "F479_Pinout.list"
   text	   data	    bss	    dec	    hex	filename
  41864	    496	   2116	  44476	   adbc	F479_Pinout.elf
Finished building: default.size.stdout
 
Finished building: F479_Pinout.list
 
12:49:29 **** Incremental Build of configuration Debug for project F479_Pinout ****
make -j12 all 
arm-none-eabi-size   F479_Pinout.elf 
   text	   data	    bss	    dec	    hex	filename
  41864	    496	   2116	  44476	   adbc	F479_Pinout.elf
Finished building: default.size.stdout
 
12:50:07 **** Incremental Build of configuration Debug for project F479_Pinout ****
make -j12 all 
arm-none-eabi-g++ "../Core/Src/main.cpp" -mcpu=cortex-m4 -std=gnu++14 -g3 -DDEBUG -DUSE_HAL_DRIVER -DSTM32F479xx -c -I../Core/Inc -I../Drivers/STM32F4xx_HAL_Driver/Inc -I../Drivers/STM32F4xx_HAL_Driver/Inc/Legacy -I../Drivers/CMSIS/Device/ST/STM32F4xx/Include -I../Drivers/CMSIS/Include -O0 -ffunction-sections -fdata-sections -fno-exceptions -fno-rtti -fno-use-cxa-atexit -Wall -fstack-usage -MMD -MP -MF"Core/Src/main.d" -MT"Core/Src/main.o" --specs=nano.specs -mfpu=fpv4-sp-d16 -mfloat-abi=hard -mthumb -o "Core/Src/main.o"
../Core/Src/main.cpp: In function 'int main()':
../Core/Src/main.cpp:139:46: error: 'int16_t newINA219::getBusVoltage_raw()' is private within this context
  139 |     Serial3.printF(curSenZ.getBusVoltage_raw());
      |                                              ^
In file included from ../Core/Src/main.cpp:27:
../Core/Inc/driver/newINA219.h:279:13: note: declared private here
  279 |     int16_t getBusVoltage_raw()
      |             ^~~~~~~~~~~~~~~~~
make: *** [Core/Src/subdir.mk:38: Core/Src/main.o] Error 1
"make -j12 all" terminated with exit code 2. Build might be incomplete.
12:51:37 **** Incremental Build of configuration Debug for project F479_Pinout ****
make -j12 all 
arm-none-eabi-g++ "../Core/Src/main.cpp" -mcpu=cortex-m4 -std=gnu++14 -g3 -DDEBUG -DUSE_HAL_DRIVER -DSTM32F479xx -c -I../Core/Inc -I../Drivers/STM32F4xx_HAL_Driver/Inc -I../Drivers/STM32F4xx_HAL_Driver/Inc/Legacy -I../Drivers/CMSIS/Device/ST/STM32F4xx/Include -I../Drivers/CMSIS/Include -O0 -ffunction-sections -fdata-sections -fno-exceptions -fno-rtti -fno-use-cxa-atexit -Wall -fstack-usage -MMD -MP -MF"Core/Src/main.d" -MT"Core/Src/main.o" --specs=nano.specs -mfpu=fpv4-sp-d16 -mfloat-abi=hard -mthumb -o "Core/Src/main.o"
../Core/Src/main.cpp: In function 'int main()':
../Core/Src/main.cpp:152:5: error: 'Serial' was not declared in this scope; did you mean 'Serial3'?
  152 |     Serial.print(busvoltage);
      |     ^~~~~~
      |     Serial3
make: *** [Core/Src/subdir.mk:38: Core/Src/main.o] Error 1
"make -j12 all" terminated with exit code 2. Build might be incomplete.
12:51:50 **** Incremental Build of configuration Debug for project F479_Pinout ****
make -j12 all 
arm-none-eabi-g++ "../Core/Src/main.cpp" -mcpu=cortex-m4 -std=gnu++14 -g3 -DDEBUG -DUSE_HAL_DRIVER -DSTM32F479xx -c -I../Core/Inc -I../Drivers/STM32F4xx_HAL_Driver/Inc -I../Drivers/STM32F4xx_HAL_Driver/Inc/Legacy -I../Drivers/CMSIS/Device/ST/STM32F4xx/Include -I../Drivers/CMSIS/Include -O0 -ffunction-sections -fdata-sections -fno-exceptions -fno-rtti -fno-use-cxa-atexit -Wall -fstack-usage -MMD -MP -MF"Core/Src/main.d" -MT"Core/Src/main.o" --specs=nano.specs -mfpu=fpv4-sp-d16 -mfloat-abi=hard -mthumb -o "Core/Src/main.o"
../Core/Src/main.cpp: In function 'int main()':
../Core/Src/main.cpp:152:19: error: cannot convert 'float' to 'const char*'
  152 |     Serial3.print(busvoltage);
      |                   ^~~~~~~~~~
      |                   |
      |                   float
In file included from ../Core/Src/main.cpp:23:
../Core/Inc/stm32newfnc/newuart.h:60:27: note:   initializing argument 1 of 'void NEWUART::print(const char*)'
   60 |     void print(const char text[]){
      |                ~~~~~~~~~~~^~~~~~
../Core/Src/main.cpp:155:19: error: cannot convert 'float' to 'const char*'
  155 |     Serial3.print(shuntvoltage);
      |                   ^~~~~~~~~~~~
      |                   |
      |                   float
In file included from ../Core/Src/main.cpp:23:
../Core/Inc/stm32newfnc/newuart.h:60:27: note:   initializing argument 1 of 'void NEWUART::print(const char*)'
   60 |     void print(const char text[]){
      |                ~~~~~~~~~~~^~~~~~
../Core/Src/main.cpp:158:19: error: cannot convert 'float' to 'const char*'
  158 |     Serial3.print(loadvoltage);
      |                   ^~~~~~~~~~~
      |                   |
      |                   float
In file included from ../Core/Src/main.cpp:23:
../Core/Inc/stm32newfnc/newuart.h:60:27: note:   initializing argument 1 of 'void NEWUART::print(const char*)'
   60 |     void print(const char text[]){
      |                ~~~~~~~~~~~^~~~~~
../Core/Src/main.cpp:161:19: error: cannot convert 'float' to 'const char*'
  161 |     Serial3.print(current_mA);
      |                   ^~~~~~~~~~
      |                   |
      |                   float
In file included from ../Core/Src/main.cpp:23:
../Core/Inc/stm32newfnc/newuart.h:60:27: note:   initializing argument 1 of 'void NEWUART::print(const char*)'
   60 |     void print(const char text[]){
      |                ~~~~~~~~~~~^~~~~~
../Core/Src/main.cpp:164:19: error: cannot convert 'float' to 'const char*'
  164 |     Serial3.print(power_mW);
      |                   ^~~~~~~~
      |                   |
      |                   float
In file included from ../Core/Src/main.cpp:23:
../Core/Inc/stm32newfnc/newuart.h:60:27: note:   initializing argument 1 of 'void NEWUART::print(const char*)'
   60 |     void print(const char text[]){
      |                ~~~~~~~~~~~^~~~~~
make: *** [Core/Src/subdir.mk:38: Core/Src/main.o] Error 1
"make -j12 all" terminated with exit code 2. Build might be incomplete.
12:52:13 **** Incremental Build of configuration Debug for project F479_Pinout ****
make -j12 all 
arm-none-eabi-g++ "../Core/Src/main.cpp" -mcpu=cortex-m4 -std=gnu++14 -g3 -DDEBUG -DUSE_HAL_DRIVER -DSTM32F479xx -c -I../Core/Inc -I../Drivers/STM32F4xx_HAL_Driver/Inc -I../Drivers/STM32F4xx_HAL_Driver/Inc/Legacy -I../Drivers/CMSIS/Device/ST/STM32F4xx/Include -I../Drivers/CMSIS/Include -O0 -ffunction-sections -fdata-sections -fno-exceptions -fno-rtti -fno-use-cxa-atexit -Wall -fstack-usage -MMD -MP -MF"Core/Src/main.d" -MT"Core/Src/main.o" --specs=nano.specs -mfpu=fpv4-sp-d16 -mfloat-abi=hard -mthumb -o "Core/Src/main.o"
arm-none-eabi-g++ -o "F479_Pinout.elf" @"objects.list"   -mcpu=cortex-m4 -T"C:\Users\INSTED\Desktop\INSTED_WORKSPACE\FF64-MTQ\F479_Pinout\STM32F479VITX_FLASH.ld" -Wl,-Map="F479_Pinout.map" -Wl,--gc-sections -static --specs=nano.specs -mfpu=fpv4-sp-d16 -mfloat-abi=hard -mthumb -u _printf_float -u _scanf_float -Wl,--start-group -lc -lm -lstdc++ -lsupc++ -Wl,--end-group
Finished building target: F479_Pinout.elf
 
arm-none-eabi-size   F479_Pinout.elf 
arm-none-eabi-objdump -h -S  F479_Pinout.elf  > "F479_Pinout.list"
   text	   data	    bss	    dec	    hex	filename
  42440	    496	   2116	  45052	   affc	F479_Pinout.elf
Finished building: default.size.stdout
 
Finished building: F479_Pinout.list
 
12:53:50 **** Incremental Build of configuration Debug for project F479_Pinout ****
make -j12 all 
arm-none-eabi-g++ "../Core/Src/main.cpp" -mcpu=cortex-m4 -std=gnu++14 -g3 -DDEBUG -DUSE_HAL_DRIVER -DSTM32F479xx -c -I../Core/Inc -I../Drivers/STM32F4xx_HAL_Driver/Inc -I../Drivers/STM32F4xx_HAL_Driver/Inc/Legacy -I../Drivers/CMSIS/Device/ST/STM32F4xx/Include -I../Drivers/CMSIS/Include -O0 -ffunction-sections -fdata-sections -fno-exceptions -fno-rtti -fno-use-cxa-atexit -Wall -fstack-usage -MMD -MP -MF"Core/Src/main.d" -MT"Core/Src/main.o" --specs=nano.specs -mfpu=fpv4-sp-d16 -mfloat-abi=hard -mthumb -o "Core/Src/main.o"
arm-none-eabi-g++ -o "F479_Pinout.elf" @"objects.list"   -mcpu=cortex-m4 -T"C:\Users\INSTED\Desktop\INSTED_WORKSPACE\FF64-MTQ\F479_Pinout\STM32F479VITX_FLASH.ld" -Wl,-Map="F479_Pinout.map" -Wl,--gc-sections -static --specs=nano.specs -mfpu=fpv4-sp-d16 -mfloat-abi=hard -mthumb -u _printf_float -u _scanf_float -Wl,--start-group -lc -lm -lstdc++ -lsupc++ -Wl,--end-group
Finished building target: F479_Pinout.elf
 
arm-none-eabi-size   F479_Pinout.elf 
arm-none-eabi-objdump -h -S  F479_Pinout.elf  > "F479_Pinout.list"
   text	   data	    bss	    dec	    hex	filename
  42440	    496	   2116	  45052	   affc	F479_Pinout.elf
Finished building: default.size.stdout
 
Finished building: F479_Pinout.list
 
12:55:51 **** Incremental Build of configuration Debug for project F479_Pinout ****
make -j12 all 
arm-none-eabi-g++ "../Core/Src/main.cpp" -mcpu=cortex-m4 -std=gnu++14 -g3 -DDEBUG -DUSE_HAL_DRIVER -DSTM32F479xx -c -I../Core/Inc -I../Drivers/STM32F4xx_HAL_Driver/Inc -I../Drivers/STM32F4xx_HAL_Driver/Inc/Legacy -I../Drivers/CMSIS/Device/ST/STM32F4xx/Include -I../Drivers/CMSIS/Include -O0 -ffunction-sections -fdata-sections -fno-exceptions -fno-rtti -fno-use-cxa-atexit -Wall -fstack-usage -MMD -MP -MF"Core/Src/main.d" -MT"Core/Src/main.o" --specs=nano.specs -mfpu=fpv4-sp-d16 -mfloat-abi=hard -mthumb -o "Core/Src/main.o"
../Core/Src/main.cpp: In function 'int main()':
../Core/Src/main.cpp:151:34: error: 'a' was not declared in this scope
  151 |     Serial3.printF(shuntvoltage);a
      |                                  ^
make: *** [Core/Src/subdir.mk:38: Core/Src/main.o] Error 1
"make -j12 all" terminated with exit code 2. Build might be incomplete.
12:55:58 **** Incremental Build of configuration Debug for project F479_Pinout ****
make -j12 all 
arm-none-eabi-g++ "../Core/Src/main.cpp" -mcpu=cortex-m4 -std=gnu++14 -g3 -DDEBUG -DUSE_HAL_DRIVER -DSTM32F479xx -c -I../Core/Inc -I../Drivers/STM32F4xx_HAL_Driver/Inc -I../Drivers/STM32F4xx_HAL_Driver/Inc/Legacy -I../Drivers/CMSIS/Device/ST/STM32F4xx/Include -I../Drivers/CMSIS/Include -O0 -ffunction-sections -fdata-sections -fno-exceptions -fno-rtti -fno-use-cxa-atexit -Wall -fstack-usage -MMD -MP -MF"Core/Src/main.d" -MT"Core/Src/main.o" --specs=nano.specs -mfpu=fpv4-sp-d16 -mfloat-abi=hard -mthumb -o "Core/Src/main.o"
arm-none-eabi-g++ -o "F479_Pinout.elf" @"objects.list"   -mcpu=cortex-m4 -T"C:\Users\INSTED\Desktop\INSTED_WORKSPACE\FF64-MTQ\F479_Pinout\STM32F479VITX_FLASH.ld" -Wl,-Map="F479_Pinout.map" -Wl,--gc-sections -static --specs=nano.specs -mfpu=fpv4-sp-d16 -mfloat-abi=hard -mthumb -u _printf_float -u _scanf_float -Wl,--start-group -lc -lm -lstdc++ -lsupc++ -Wl,--end-group
Finished building target: F479_Pinout.elf
 
arm-none-eabi-size   F479_Pinout.elf 
arm-none-eabi-objdump -h -S  F479_Pinout.elf  > "F479_Pinout.list"
   text	   data	    bss	    dec	    hex	filename
  42488	    496	   2116	  45100	   b02c	F479_Pinout.elf
Finished building: default.size.stdout
 
Finished building: F479_Pinout.list
 
12:56:46 **** Incremental Build of configuration Debug for project F479_Pinout ****
make -j12 all 
arm-none-eabi-g++ "../Core/Src/main.cpp" -mcpu=cortex-m4 -std=gnu++14 -g3 -DDEBUG -DUSE_HAL_DRIVER -DSTM32F479xx -c -I../Core/Inc -I../Drivers/STM32F4xx_HAL_Driver/Inc -I../Drivers/STM32F4xx_HAL_Driver/Inc/Legacy -I../Drivers/CMSIS/Device/ST/STM32F4xx/Include -I../Drivers/CMSIS/Include -O0 -ffunction-sections -fdata-sections -fno-exceptions -fno-rtti -fno-use-cxa-atexit -Wall -fstack-usage -MMD -MP -MF"Core/Src/main.d" -MT"Core/Src/main.o" --specs=nano.specs -mfpu=fpv4-sp-d16 -mfloat-abi=hard -mthumb -o "Core/Src/main.o"
arm-none-eabi-g++ -o "F479_Pinout.elf" @"objects.list"   -mcpu=cortex-m4 -T"C:\Users\INSTED\Desktop\INSTED_WORKSPACE\FF64-MTQ\F479_Pinout\STM32F479VITX_FLASH.ld" -Wl,-Map="F479_Pinout.map" -Wl,--gc-sections -static --specs=nano.specs -mfpu=fpv4-sp-d16 -mfloat-abi=hard -mthumb -u _printf_float -u _scanf_float -Wl,--start-group -lc -lm -lstdc++ -lsupc++ -Wl,--end-group
Finished building target: F479_Pinout.elf
 
arm-none-eabi-size   F479_Pinout.elf 
arm-none-eabi-objdump -h -S  F479_Pinout.elf  > "F479_Pinout.list"
   text	   data	    bss	    dec	    hex	filename
  42488	    496	   2116	  45100	   b02c	F479_Pinout.elf
Finished building: default.size.stdout
 
Finished building: F479_Pinout.list
 
12:58:14 **** Incremental Build of configuration Debug for project F479_Pinout ****
make -j12 all 
arm-none-eabi-g++ "../Core/Src/main.cpp" -mcpu=cortex-m4 -std=gnu++14 -g3 -DDEBUG -DUSE_HAL_DRIVER -DSTM32F479xx -c -I../Core/Inc -I../Drivers/STM32F4xx_HAL_Driver/Inc -I../Drivers/STM32F4xx_HAL_Driver/Inc/Legacy -I../Drivers/CMSIS/Device/ST/STM32F4xx/Include -I../Drivers/CMSIS/Include -O0 -ffunction-sections -fdata-sections -fno-exceptions -fno-rtti -fno-use-cxa-atexit -Wall -fstack-usage -MMD -MP -MF"Core/Src/main.d" -MT"Core/Src/main.o" --specs=nano.specs -mfpu=fpv4-sp-d16 -mfloat-abi=hard -mthumb -o "Core/Src/main.o"
arm-none-eabi-g++ -o "F479_Pinout.elf" @"objects.list"   -mcpu=cortex-m4 -T"C:\Users\INSTED\Desktop\INSTED_WORKSPACE\FF64-MTQ\F479_Pinout\STM32F479VITX_FLASH.ld" -Wl,-Map="F479_Pinout.map" -Wl,--gc-sections -static --specs=nano.specs -mfpu=fpv4-sp-d16 -mfloat-abi=hard -mthumb -u _printf_float -u _scanf_float -Wl,--start-group -lc -lm -lstdc++ -lsupc++ -Wl,--end-group
Finished building target: F479_Pinout.elf
 
arm-none-eabi-size   F479_Pinout.elf 
arm-none-eabi-objdump -h -S  F479_Pinout.elf  > "F479_Pinout.list"
   text	   data	    bss	    dec	    hex	filename
  42480	    496	   2116	  45092	   b024	F479_Pinout.elf
Finished building: default.size.stdout
 
Finished building: F479_Pinout.list
 
12:58:49 **** Incremental Build of configuration Debug for project F479_Pinout ****
make -j12 all 
arm-none-eabi-g++ "../Core/Src/main.cpp" -mcpu=cortex-m4 -std=gnu++14 -g3 -DDEBUG -DUSE_HAL_DRIVER -DSTM32F479xx -c -I../Core/Inc -I../Drivers/STM32F4xx_HAL_Driver/Inc -I../Drivers/STM32F4xx_HAL_Driver/Inc/Legacy -I../Drivers/CMSIS/Device/ST/STM32F4xx/Include -I../Drivers/CMSIS/Include -O0 -ffunction-sections -fdata-sections -fno-exceptions -fno-rtti -fno-use-cxa-atexit -Wall -fstack-usage -MMD -MP -MF"Core/Src/main.d" -MT"Core/Src/main.o" --specs=nano.specs -mfpu=fpv4-sp-d16 -mfloat-abi=hard -mthumb -o "Core/Src/main.o"
arm-none-eabi-g++ -o "F479_Pinout.elf" @"objects.list"   -mcpu=cortex-m4 -T"C:\Users\INSTED\Desktop\INSTED_WORKSPACE\FF64-MTQ\F479_Pinout\STM32F479VITX_FLASH.ld" -Wl,-Map="F479_Pinout.map" -Wl,--gc-sections -static --specs=nano.specs -mfpu=fpv4-sp-d16 -mfloat-abi=hard -mthumb -u _printf_float -u _scanf_float -Wl,--start-group -lc -lm -lstdc++ -lsupc++ -Wl,--end-group
Finished building target: F479_Pinout.elf
 
arm-none-eabi-size   F479_Pinout.elf 
arm-none-eabi-objdump -h -S  F479_Pinout.elf  > "F479_Pinout.list"
   text	   data	    bss	    dec	    hex	filename
  42528	    496	   2116	  45140	   b054	F479_Pinout.elf
Finished building: default.size.stdout
 
Finished building: F479_Pinout.list
 
12:59:38 **** Incremental Build of configuration Debug for project F479_Pinout ****
make -j12 all 
arm-none-eabi-g++ "../Core/Src/main.cpp" -mcpu=cortex-m4 -std=gnu++14 -g3 -DDEBUG -DUSE_HAL_DRIVER -DSTM32F479xx -c -I../Core/Inc -I../Drivers/STM32F4xx_HAL_Driver/Inc -I../Drivers/STM32F4xx_HAL_Driver/Inc/Legacy -I../Drivers/CMSIS/Device/ST/STM32F4xx/Include -I../Drivers/CMSIS/Include -O0 -ffunction-sections -fdata-sections -fno-exceptions -fno-rtti -fno-use-cxa-atexit -Wall -fstack-usage -MMD -MP -MF"Core/Src/main.d" -MT"Core/Src/main.o" --specs=nano.specs -mfpu=fpv4-sp-d16 -mfloat-abi=hard -mthumb -o "Core/Src/main.o"
arm-none-eabi-g++ -o "F479_Pinout.elf" @"objects.list"   -mcpu=cortex-m4 -T"C:\Users\INSTED\Desktop\INSTED_WORKSPACE\FF64-MTQ\F479_Pinout\STM32F479VITX_FLASH.ld" -Wl,-Map="F479_Pinout.map" -Wl,--gc-sections -static --specs=nano.specs -mfpu=fpv4-sp-d16 -mfloat-abi=hard -mthumb -u _printf_float -u _scanf_float -Wl,--start-group -lc -lm -lstdc++ -lsupc++ -Wl,--end-group
Finished building target: F479_Pinout.elf
 
arm-none-eabi-size   F479_Pinout.elf 
arm-none-eabi-objdump -h -S  F479_Pinout.elf  > "F479_Pinout.list"
   text	   data	    bss	    dec	    hex	filename
  42656	    496	   2116	  45268	   b0d4	F479_Pinout.elf
Finished building: default.size.stdout
 
Finished building: F479_Pinout.list
 
13:00:28 **** Incremental Build of configuration Debug for project F479_Pinout ****
make -j12 all 
arm-none-eabi-g++ "../Core/Src/main.cpp" -mcpu=cortex-m4 -std=gnu++14 -g3 -DDEBUG -DUSE_HAL_DRIVER -DSTM32F479xx -c -I../Core/Inc -I../Drivers/STM32F4xx_HAL_Driver/Inc -I../Drivers/STM32F4xx_HAL_Driver/Inc/Legacy -I../Drivers/CMSIS/Device/ST/STM32F4xx/Include -I../Drivers/CMSIS/Include -O0 -ffunction-sections -fdata-sections -fno-exceptions -fno-rtti -fno-use-cxa-atexit -Wall -fstack-usage -MMD -MP -MF"Core/Src/main.d" -MT"Core/Src/main.o" --specs=nano.specs -mfpu=fpv4-sp-d16 -mfloat-abi=hard -mthumb -o "Core/Src/main.o"
arm-none-eabi-g++ -o "F479_Pinout.elf" @"objects.list"   -mcpu=cortex-m4 -T"C:\Users\INSTED\Desktop\INSTED_WORKSPACE\FF64-MTQ\F479_Pinout\STM32F479VITX_FLASH.ld" -Wl,-Map="F479_Pinout.map" -Wl,--gc-sections -static --specs=nano.specs -mfpu=fpv4-sp-d16 -mfloat-abi=hard -mthumb -u _printf_float -u _scanf_float -Wl,--start-group -lc -lm -lstdc++ -lsupc++ -Wl,--end-group
Finished building target: F479_Pinout.elf
 
arm-none-eabi-size   F479_Pinout.elf 
arm-none-eabi-objdump -h -S  F479_Pinout.elf  > "F479_Pinout.list"
   text	   data	    bss	    dec	    hex	filename
  43160	    496	   2116	  45772	   b2cc	F479_Pinout.elf
Finished building: default.size.stdout
 
Finished building: F479_Pinout.list
 
13:01:46 **** Incremental Build of configuration Debug for project F479_Pinout ****
make -j12 all 
arm-none-eabi-g++ "../Core/Src/main.cpp" -mcpu=cortex-m4 -std=gnu++14 -g3 -DDEBUG -DUSE_HAL_DRIVER -DSTM32F479xx -c -I../Core/Inc -I../Drivers/STM32F4xx_HAL_Driver/Inc -I../Drivers/STM32F4xx_HAL_Driver/Inc/Legacy -I../Drivers/CMSIS/Device/ST/STM32F4xx/Include -I../Drivers/CMSIS/Include -O0 -ffunction-sections -fdata-sections -fno-exceptions -fno-rtti -fno-use-cxa-atexit -Wall -fstack-usage -MMD -MP -MF"Core/Src/main.d" -MT"Core/Src/main.o" --specs=nano.specs -mfpu=fpv4-sp-d16 -mfloat-abi=hard -mthumb -o "Core/Src/main.o"
arm-none-eabi-g++ -o "F479_Pinout.elf" @"objects.list"   -mcpu=cortex-m4 -T"C:\Users\INSTED\Desktop\INSTED_WORKSPACE\FF64-MTQ\F479_Pinout\STM32F479VITX_FLASH.ld" -Wl,-Map="F479_Pinout.map" -Wl,--gc-sections -static --specs=nano.specs -mfpu=fpv4-sp-d16 -mfloat-abi=hard -mthumb -u _printf_float -u _scanf_float -Wl,--start-group -lc -lm -lstdc++ -lsupc++ -Wl,--end-group
Finished building target: F479_Pinout.elf
 
arm-none-eabi-size   F479_Pinout.elf 
arm-none-eabi-objdump -h -S  F479_Pinout.elf  > "F479_Pinout.list"
   text	   data	    bss	    dec	    hex	filename
  43160	    496	   2116	  45772	   b2cc	F479_Pinout.elf
Finished building: default.size.stdout
 
Finished building: F479_Pinout.list
 
13:02:15 **** Incremental Build of configuration Debug for project F479_Pinout ****
make -j12 all 
arm-none-eabi-g++ "../Core/Src/main.cpp" -mcpu=cortex-m4 -std=gnu++14 -g3 -DDEBUG -DUSE_HAL_DRIVER -DSTM32F479xx -c -I../Core/Inc -I../Drivers/STM32F4xx_HAL_Driver/Inc -I../Drivers/STM32F4xx_HAL_Driver/Inc/Legacy -I../Drivers/CMSIS/Device/ST/STM32F4xx/Include -I../Drivers/CMSIS/Include -O0 -ffunction-sections -fdata-sections -fno-exceptions -fno-rtti -fno-use-cxa-atexit -Wall -fstack-usage -MMD -MP -MF"Core/Src/main.d" -MT"Core/Src/main.o" --specs=nano.specs -mfpu=fpv4-sp-d16 -mfloat-abi=hard -mthumb -o "Core/Src/main.o"
arm-none-eabi-g++ -o "F479_Pinout.elf" @"objects.list"   -mcpu=cortex-m4 -T"C:\Users\INSTED\Desktop\INSTED_WORKSPACE\FF64-MTQ\F479_Pinout\STM32F479VITX_FLASH.ld" -Wl,-Map="F479_Pinout.map" -Wl,--gc-sections -static --specs=nano.specs -mfpu=fpv4-sp-d16 -mfloat-abi=hard -mthumb -u _printf_float -u _scanf_float -Wl,--start-group -lc -lm -lstdc++ -lsupc++ -Wl,--end-group
Finished building target: F479_Pinout.elf
 
arm-none-eabi-size   F479_Pinout.elf 
arm-none-eabi-objdump -h -S  F479_Pinout.elf  > "F479_Pinout.list"
   text	   data	    bss	    dec	    hex	filename
  43160	    496	   2116	  45772	   b2cc	F479_Pinout.elf
Finished building: default.size.stdout
 
Finished building: F479_Pinout.list
 
13:03:17 **** Incremental Build of configuration Debug for project F479_Pinout ****
make -j12 all 
arm-none-eabi-g++ "../Core/Src/main.cpp" -mcpu=cortex-m4 -std=gnu++14 -g3 -DDEBUG -DUSE_HAL_DRIVER -DSTM32F479xx -c -I../Core/Inc -I../Drivers/STM32F4xx_HAL_Driver/Inc -I../Drivers/STM32F4xx_HAL_Driver/Inc/Legacy -I../Drivers/CMSIS/Device/ST/STM32F4xx/Include -I../Drivers/CMSIS/Include -O0 -ffunction-sections -fdata-sections -fno-exceptions -fno-rtti -fno-use-cxa-atexit -Wall -fstack-usage -MMD -MP -MF"Core/Src/main.d" -MT"Core/Src/main.o" --specs=nano.specs -mfpu=fpv4-sp-d16 -mfloat-abi=hard -mthumb -o "Core/Src/main.o"
arm-none-eabi-g++ -o "F479_Pinout.elf" @"objects.list"   -mcpu=cortex-m4 -T"C:\Users\INSTED\Desktop\INSTED_WORKSPACE\FF64-MTQ\F479_Pinout\STM32F479VITX_FLASH.ld" -Wl,-Map="F479_Pinout.map" -Wl,--gc-sections -static --specs=nano.specs -mfpu=fpv4-sp-d16 -mfloat-abi=hard -mthumb -u _printf_float -u _scanf_float -Wl,--start-group -lc -lm -lstdc++ -lsupc++ -Wl,--end-group
Finished building target: F479_Pinout.elf
 
arm-none-eabi-size   F479_Pinout.elf 
arm-none-eabi-objdump -h -S  F479_Pinout.elf  > "F479_Pinout.list"
   text	   data	    bss	    dec	    hex	filename
  43160	    496	   2116	  45772	   b2cc	F479_Pinout.elf
Finished building: default.size.stdout
 
Finished building: F479_Pinout.list
 
13:05:28 **** Incremental Build of configuration Debug for project F479_Pinout ****
make -j12 all 
arm-none-eabi-g++ "../Core/Src/main.cpp" -mcpu=cortex-m4 -std=gnu++14 -g3 -DDEBUG -DUSE_HAL_DRIVER -DSTM32F479xx -c -I../Core/Inc -I../Drivers/STM32F4xx_HAL_Driver/Inc -I../Drivers/STM32F4xx_HAL_Driver/Inc/Legacy -I../Drivers/CMSIS/Device/ST/STM32F4xx/Include -I../Drivers/CMSIS/Include -O0 -ffunction-sections -fdata-sections -fno-exceptions -fno-rtti -fno-use-cxa-atexit -Wall -fstack-usage -MMD -MP -MF"Core/Src/main.d" -MT"Core/Src/main.o" --specs=nano.specs -mfpu=fpv4-sp-d16 -mfloat-abi=hard -mthumb -o "Core/Src/main.o"
arm-none-eabi-g++ -o "F479_Pinout.elf" @"objects.list"   -mcpu=cortex-m4 -T"C:\Users\INSTED\Desktop\INSTED_WORKSPACE\FF64-MTQ\F479_Pinout\STM32F479VITX_FLASH.ld" -Wl,-Map="F479_Pinout.map" -Wl,--gc-sections -static --specs=nano.specs -mfpu=fpv4-sp-d16 -mfloat-abi=hard -mthumb -u _printf_float -u _scanf_float -Wl,--start-group -lc -lm -lstdc++ -lsupc++ -Wl,--end-group
Finished building target: F479_Pinout.elf
 
arm-none-eabi-size   F479_Pinout.elf 
arm-none-eabi-objdump -h -S  F479_Pinout.elf  > "F479_Pinout.list"
   text	   data	    bss	    dec	    hex	filename
  43160	    496	   2116	  45772	   b2cc	F479_Pinout.elf
Finished building: default.size.stdout
 
Finished building: F479_Pinout.list
 
13:07:17 **** Incremental Build of configuration Debug for project F479_Pinout ****
make -j12 all 
arm-none-eabi-g++ "../Core/Src/main.cpp" -mcpu=cortex-m4 -std=gnu++14 -g3 -DDEBUG -DUSE_HAL_DRIVER -DSTM32F479xx -c -I../Core/Inc -I../Drivers/STM32F4xx_HAL_Driver/Inc -I../Drivers/STM32F4xx_HAL_Driver/Inc/Legacy -I../Drivers/CMSIS/Device/ST/STM32F4xx/Include -I../Drivers/CMSIS/Include -O0 -ffunction-sections -fdata-sections -fno-exceptions -fno-rtti -fno-use-cxa-atexit -Wall -fstack-usage -MMD -MP -MF"Core/Src/main.d" -MT"Core/Src/main.o" --specs=nano.specs -mfpu=fpv4-sp-d16 -mfloat-abi=hard -mthumb -o "Core/Src/main.o"
arm-none-eabi-g++ -o "F479_Pinout.elf" @"objects.list"   -mcpu=cortex-m4 -T"C:\Users\INSTED\Desktop\INSTED_WORKSPACE\FF64-MTQ\F479_Pinout\STM32F479VITX_FLASH.ld" -Wl,-Map="F479_Pinout.map" -Wl,--gc-sections -static --specs=nano.specs -mfpu=fpv4-sp-d16 -mfloat-abi=hard -mthumb -u _printf_float -u _scanf_float -Wl,--start-group -lc -lm -lstdc++ -lsupc++ -Wl,--end-group
Finished building target: F479_Pinout.elf
 
arm-none-eabi-size   F479_Pinout.elf 
arm-none-eabi-objdump -h -S  F479_Pinout.elf  > "F479_Pinout.list"
   text	   data	    bss	    dec	    hex	filename
  43160	    496	   2116	  45772	   b2cc	F479_Pinout.elf
Finished building: default.size.stdout
 
Finished building: F479_Pinout.list
 
13:25:28 **** Incremental Build of configuration Debug for project F479_Pinout ****
make -j12 all 
arm-none-eabi-g++ "../Core/Src/main.cpp" -mcpu=cortex-m4 -std=gnu++14 -g3 -DDEBUG -DUSE_HAL_DRIVER -DSTM32F479xx -c -I../Core/Inc -I../Drivers/STM32F4xx_HAL_Driver/Inc -I../Drivers/STM32F4xx_HAL_Driver/Inc/Legacy -I../Drivers/CMSIS/Device/ST/STM32F4xx/Include -I../Drivers/CMSIS/Include -O0 -ffunction-sections -fdata-sections -fno-exceptions -fno-rtti -fno-use-cxa-atexit -Wall -fstack-usage -MMD -MP -MF"Core/Src/main.d" -MT"Core/Src/main.o" --specs=nano.specs -mfpu=fpv4-sp-d16 -mfloat-abi=hard -mthumb -o "Core/Src/main.o"
arm-none-eabi-g++ -o "F479_Pinout.elf" @"objects.list"   -mcpu=cortex-m4 -T"C:\Users\INSTED\Desktop\INSTED_WORKSPACE\FF64-MTQ\F479_Pinout\STM32F479VITX_FLASH.ld" -Wl,-Map="F479_Pinout.map" -Wl,--gc-sections -static --specs=nano.specs -mfpu=fpv4-sp-d16 -mfloat-abi=hard -mthumb -u _printf_float -u _scanf_float -Wl,--start-group -lc -lm -lstdc++ -lsupc++ -Wl,--end-group
Finished building target: F479_Pinout.elf
 
arm-none-eabi-size   F479_Pinout.elf 
arm-none-eabi-objdump -h -S  F479_Pinout.elf  > "F479_Pinout.list"
   text	   data	    bss	    dec	    hex	filename
  43160	    496	   2116	  45772	   b2cc	F479_Pinout.elf
Finished building: default.size.stdout
 
Finished building: F479_Pinout.list
 
15:22:13 **** Incremental Build of configuration Debug for project F479_Pinout ****
make -j12 all 
arm-none-eabi-g++ "../Core/Src/main.cpp" -mcpu=cortex-m4 -std=gnu++14 -g3 -DDEBUG -DUSE_HAL_DRIVER -DSTM32F479xx -c -I../Core/Inc -I../Drivers/STM32F4xx_HAL_Driver/Inc -I../Drivers/STM32F4xx_HAL_Driver/Inc/Legacy -I../Drivers/CMSIS/Device/ST/STM32F4xx/Include -I../Drivers/CMSIS/Include -O0 -ffunction-sections -fdata-sections -fno-exceptions -fno-rtti -fno-use-cxa-atexit -Wall -fstack-usage -MMD -MP -MF"Core/Src/main.d" -MT"Core/Src/main.o" --specs=nano.specs -mfpu=fpv4-sp-d16 -mfloat-abi=hard -mthumb -o "Core/Src/main.o"
arm-none-eabi-g++ -o "F479_Pinout.elf" @"objects.list"   -mcpu=cortex-m4 -T"C:\Users\INSTED\Desktop\INSTED_WORKSPACE\FF64-MTQ\F479_Pinout\STM32F479VITX_FLASH.ld" -Wl,-Map="F479_Pinout.map" -Wl,--gc-sections -static --specs=nano.specs -mfpu=fpv4-sp-d16 -mfloat-abi=hard -mthumb -u _printf_float -u _scanf_float -Wl,--start-group -lc -lm -lstdc++ -lsupc++ -Wl,--end-group
Finished building target: F479_Pinout.elf
 
arm-none-eabi-size   F479_Pinout.elf 
arm-none-eabi-objdump -h -S  F479_Pinout.elf  > "F479_Pinout.list"
   text	   data	    bss	    dec	    hex	filename
  43160	    496	   2116	  45772	   b2cc	F479_Pinout.elf
Finished building: default.size.stdout
 
Finished building: F479_Pinout.list
 
15:22:55 **** Incremental Build of configuration Debug for project F479_Pinout ****
make -j12 all 
arm-none-eabi-size   F479_Pinout.elf 
   text	   data	    bss	    dec	    hex	filename
  43160	    496	   2116	  45772	   b2cc	F479_Pinout.elf
Finished building: default.size.stdout
 
15:31:32 **** Incremental Build of configuration Debug for project F479_Pinout ****
make -j12 all 
arm-none-eabi-size   F479_Pinout.elf 
   text	   data	    bss	    dec	    hex	filename
  43160	    496	   2116	  45772	   b2cc	F479_Pinout.elf
Finished building: default.size.stdout
 
16:20:07 **** Incremental Build of configuration Debug for project F479_Pinout ****
make -j12 all 
arm-none-eabi-g++ "../Core/Src/main.cpp" -mcpu=cortex-m4 -std=gnu++14 -g3 -DDEBUG -DUSE_HAL_DRIVER -DSTM32F479xx -c -I../Core/Inc -I../Drivers/STM32F4xx_HAL_Driver/Inc -I../Drivers/STM32F4xx_HAL_Driver/Inc/Legacy -I../Drivers/CMSIS/Device/ST/STM32F4xx/Include -I../Drivers/CMSIS/Include -O0 -ffunction-sections -fdata-sections -fno-exceptions -fno-rtti -fno-use-cxa-atexit -Wall -fstack-usage -MMD -MP -MF"Core/Src/main.d" -MT"Core/Src/main.o" --specs=nano.specs -mfpu=fpv4-sp-d16 -mfloat-abi=hard -mthumb -o "Core/Src/main.o"
In file included from ../Core/Src/main.cpp:27:
../Core/Inc/driver/newINA219.h: In member function 'int16_t newINA219::getBusVoltage_raw()':
../Core/Inc/driver/newINA219.h:264:29: error: 'union INT16UNION_t' has no member named 'byte'; did you mean 'bytes'?
  264 |         swapDataByte(&value.byte[0]);
      |                             ^~~~
      |                             bytes
../Core/Inc/driver/newINA219.h: In member function 'int16_t newINA219::getShuntVoltage_raw()':
../Core/Inc/driver/newINA219.h:280:29: error: 'union INT16UNION_t' has no member named 'byte'; did you mean 'bytes'?
  280 |         swapDataByte(&value.byte[0]);
      |                             ^~~~
      |                             bytes
../Core/Inc/driver/newINA219.h: In member function 'int16_t newINA219::getCurrent_raw()':
../Core/Inc/driver/newINA219.h:304:29: error: 'union INT16UNION_t' has no member named 'byte'; did you mean 'bytes'?
  304 |         swapDataByte(&value.byte[0]);
      |                             ^~~~
      |                             bytes
../Core/Inc/driver/newINA219.h: In member function 'int16_t newINA219::getPower_raw()':
../Core/Inc/driver/newINA219.h:328:29: error: 'union INT16UNION_t' has no member named 'byte'; did you mean 'bytes'?
  328 |         swapDataByte(&value.byte[0]);
      |                             ^~~~
      |                             bytes
make: *** [Core/Src/subdir.mk:38: Core/Src/main.o] Error 1
"make -j12 all" terminated with exit code 2. Build might be incomplete.
16:20:44 **** Incremental Build of configuration Debug for project F479_Pinout ****
make -j12 all 
arm-none-eabi-g++ "../Core/Src/main.cpp" -mcpu=cortex-m4 -std=gnu++14 -g3 -DDEBUG -DUSE_HAL_DRIVER -DSTM32F479xx -c -I../Core/Inc -I../Drivers/STM32F4xx_HAL_Driver/Inc -I../Drivers/STM32F4xx_HAL_Driver/Inc/Legacy -I../Drivers/CMSIS/Device/ST/STM32F4xx/Include -I../Drivers/CMSIS/Include -O0 -ffunction-sections -fdata-sections -fno-exceptions -fno-rtti -fno-use-cxa-atexit -Wall -fstack-usage -MMD -MP -MF"Core/Src/main.d" -MT"Core/Src/main.o" --specs=nano.specs -mfpu=fpv4-sp-d16 -mfloat-abi=hard -mthumb -o "Core/Src/main.o"
arm-none-eabi-g++ -o "F479_Pinout.elf" @"objects.list"   -mcpu=cortex-m4 -T"C:\Users\INSTED\Desktop\INSTED_WORKSPACE\FF64-MTQ\F479_Pinout\STM32F479VITX_FLASH.ld" -Wl,-Map="F479_Pinout.map" -Wl,--gc-sections -static --specs=nano.specs -mfpu=fpv4-sp-d16 -mfloat-abi=hard -mthumb -u _printf_float -u _scanf_float -Wl,--start-group -lc -lm -lstdc++ -lsupc++ -Wl,--end-group
Finished building target: F479_Pinout.elf
 
arm-none-eabi-size   F479_Pinout.elf 
arm-none-eabi-objdump -h -S  F479_Pinout.elf  > "F479_Pinout.list"
   text	   data	    bss	    dec	    hex	filename
  43248	    496	   2116	  45860	   b324	F479_Pinout.elf
Finished building: default.size.stdout
 
Finished building: F479_Pinout.list
 
16:40:30 **** Incremental Build of configuration Debug for project F479_Pinout ****
make -j12 all 
arm-none-eabi-g++ "../Core/Src/main.cpp" -mcpu=cortex-m4 -std=gnu++14 -g3 -DDEBUG -DUSE_HAL_DRIVER -DSTM32F479xx -c -I../Core/Inc -I../Drivers/STM32F4xx_HAL_Driver/Inc -I../Drivers/STM32F4xx_HAL_Driver/Inc/Legacy -I../Drivers/CMSIS/Device/ST/STM32F4xx/Include -I../Drivers/CMSIS/Include -O0 -ffunction-sections -fdata-sections -fno-exceptions -fno-rtti -fno-use-cxa-atexit -Wall -fstack-usage -MMD -MP -MF"Core/Src/main.d" -MT"Core/Src/main.o" --specs=nano.specs -mfpu=fpv4-sp-d16 -mfloat-abi=hard -mthumb -o "Core/Src/main.o"
arm-none-eabi-g++ -o "F479_Pinout.elf" @"objects.list"   -mcpu=cortex-m4 -T"C:\Users\INSTED\Desktop\INSTED_WORKSPACE\FF64-MTQ\F479_Pinout\STM32F479VITX_FLASH.ld" -Wl,-Map="F479_Pinout.map" -Wl,--gc-sections -static --specs=nano.specs -mfpu=fpv4-sp-d16 -mfloat-abi=hard -mthumb -u _printf_float -u _scanf_float -Wl,--start-group -lc -lm -lstdc++ -lsupc++ -Wl,--end-group
Finished building target: F479_Pinout.elf
 
arm-none-eabi-size   F479_Pinout.elf 
arm-none-eabi-objdump -h -S  F479_Pinout.elf  > "F479_Pinout.list"
   text	   data	    bss	    dec	    hex	filename
  43160	    496	   2116	  45772	   b2cc	F479_Pinout.elf
Finished building: default.size.stdout
 
Finished building: F479_Pinout.list
 
16:41:23 **** Incremental Build of configuration Debug for project F479_Pinout ****
make -j12 all 
arm-none-eabi-g++ "../Core/Src/main.cpp" -mcpu=cortex-m4 -std=gnu++14 -g3 -DDEBUG -DUSE_HAL_DRIVER -DSTM32F479xx -c -I../Core/Inc -I../Drivers/STM32F4xx_HAL_Driver/Inc -I../Drivers/STM32F4xx_HAL_Driver/Inc/Legacy -I../Drivers/CMSIS/Device/ST/STM32F4xx/Include -I../Drivers/CMSIS/Include -O0 -ffunction-sections -fdata-sections -fno-exceptions -fno-rtti -fno-use-cxa-atexit -Wall -fstack-usage -MMD -MP -MF"Core/Src/main.d" -MT"Core/Src/main.o" --specs=nano.specs -mfpu=fpv4-sp-d16 -mfloat-abi=hard -mthumb -o "Core/Src/main.o"
arm-none-eabi-g++ -o "F479_Pinout.elf" @"objects.list"   -mcpu=cortex-m4 -T"C:\Users\INSTED\Desktop\INSTED_WORKSPACE\FF64-MTQ\F479_Pinout\STM32F479VITX_FLASH.ld" -Wl,-Map="F479_Pinout.map" -Wl,--gc-sections -static --specs=nano.specs -mfpu=fpv4-sp-d16 -mfloat-abi=hard -mthumb -u _printf_float -u _scanf_float -Wl,--start-group -lc -lm -lstdc++ -lsupc++ -Wl,--end-group
Finished building target: F479_Pinout.elf
 
arm-none-eabi-size   F479_Pinout.elf 
arm-none-eabi-objdump -h -S  F479_Pinout.elf  > "F479_Pinout.list"
   text	   data	    bss	    dec	    hex	filename
  43240	    496	   2116	  45852	   b31c	F479_Pinout.elf
Finished building: default.size.stdout
 
Finished building: F479_Pinout.list
 
16:42:26 **** Incremental Build of configuration Debug for project F479_Pinout ****
make -j12 all 
arm-none-eabi-g++ "../Core/Src/main.cpp" -mcpu=cortex-m4 -std=gnu++14 -g3 -DDEBUG -DUSE_HAL_DRIVER -DSTM32F479xx -c -I../Core/Inc -I../Drivers/STM32F4xx_HAL_Driver/Inc -I../Drivers/STM32F4xx_HAL_Driver/Inc/Legacy -I../Drivers/CMSIS/Device/ST/STM32F4xx/Include -I../Drivers/CMSIS/Include -O0 -ffunction-sections -fdata-sections -fno-exceptions -fno-rtti -fno-use-cxa-atexit -Wall -fstack-usage -MMD -MP -MF"Core/Src/main.d" -MT"Core/Src/main.o" --specs=nano.specs -mfpu=fpv4-sp-d16 -mfloat-abi=hard -mthumb -o "Core/Src/main.o"
arm-none-eabi-g++ -o "F479_Pinout.elf" @"objects.list"   -mcpu=cortex-m4 -T"C:\Users\INSTED\Desktop\INSTED_WORKSPACE\FF64-MTQ\F479_Pinout\STM32F479VITX_FLASH.ld" -Wl,-Map="F479_Pinout.map" -Wl,--gc-sections -static --specs=nano.specs -mfpu=fpv4-sp-d16 -mfloat-abi=hard -mthumb -u _printf_float -u _scanf_float -Wl,--start-group -lc -lm -lstdc++ -lsupc++ -Wl,--end-group
Finished building target: F479_Pinout.elf
 
arm-none-eabi-size   F479_Pinout.elf 
arm-none-eabi-objdump -h -S  F479_Pinout.elf  > "F479_Pinout.list"
   text	   data	    bss	    dec	    hex	filename
  43240	    496	   2116	  45852	   b31c	F479_Pinout.elf
Finished building: default.size.stdout
 
Finished building: F479_Pinout.list
 
16:44:40 **** Incremental Build of configuration Debug for project F479_Pinout ****
make -j12 all 
arm-none-eabi-g++ "../Core/Src/main.cpp" -mcpu=cortex-m4 -std=gnu++14 -g3 -DDEBUG -DUSE_HAL_DRIVER -DSTM32F479xx -c -I../Core/Inc -I../Drivers/STM32F4xx_HAL_Driver/Inc -I../Drivers/STM32F4xx_HAL_Driver/Inc/Legacy -I../Drivers/CMSIS/Device/ST/STM32F4xx/Include -I../Drivers/CMSIS/Include -O0 -ffunction-sections -fdata-sections -fno-exceptions -fno-rtti -fno-use-cxa-atexit -Wall -fstack-usage -MMD -MP -MF"Core/Src/main.d" -MT"Core/Src/main.o" --specs=nano.specs -mfpu=fpv4-sp-d16 -mfloat-abi=hard -mthumb -o "Core/Src/main.o"
arm-none-eabi-g++ -o "F479_Pinout.elf" @"objects.list"   -mcpu=cortex-m4 -T"C:\Users\INSTED\Desktop\INSTED_WORKSPACE\FF64-MTQ\F479_Pinout\STM32F479VITX_FLASH.ld" -Wl,-Map="F479_Pinout.map" -Wl,--gc-sections -static --specs=nano.specs -mfpu=fpv4-sp-d16 -mfloat-abi=hard -mthumb -u _printf_float -u _scanf_float -Wl,--start-group -lc -lm -lstdc++ -lsupc++ -Wl,--end-group
Finished building target: F479_Pinout.elf
 
arm-none-eabi-size   F479_Pinout.elf 
arm-none-eabi-objdump -h -S  F479_Pinout.elf  > "F479_Pinout.list"
   text	   data	    bss	    dec	    hex	filename
  43248	    496	   2116	  45860	   b324	F479_Pinout.elf
Finished building: default.size.stdout
 
Finished building: F479_Pinout.list
 
16:45:32 **** Incremental Build of configuration Debug for project F479_Pinout ****
make -j12 all 
arm-none-eabi-size   F479_Pinout.elf 
   text	   data	    bss	    dec	    hex	filename
  43248	    496	   2116	  45860	   b324	F479_Pinout.elf
Finished building: default.size.stdout
 
16:50:06 **** Incremental Build of configuration Debug for project F479_Pinout ****
make -j12 all 
arm-none-eabi-g++ "../Core/Src/main.cpp" -mcpu=cortex-m4 -std=gnu++14 -g3 -DDEBUG -DUSE_HAL_DRIVER -DSTM32F479xx -c -I../Core/Inc -I../Drivers/STM32F4xx_HAL_Driver/Inc -I../Drivers/STM32F4xx_HAL_Driver/Inc/Legacy -I../Drivers/CMSIS/Device/ST/STM32F4xx/Include -I../Drivers/CMSIS/Include -O0 -ffunction-sections -fdata-sections -fno-exceptions -fno-rtti -fno-use-cxa-atexit -Wall -fstack-usage -MMD -MP -MF"Core/Src/main.d" -MT"Core/Src/main.o" --specs=nano.specs -mfpu=fpv4-sp-d16 -mfloat-abi=hard -mthumb -o "Core/Src/main.o"
arm-none-eabi-g++ -o "F479_Pinout.elf" @"objects.list"   -mcpu=cortex-m4 -T"C:\Users\INSTED\Desktop\INSTED_WORKSPACE\FF64-MTQ\F479_Pinout\STM32F479VITX_FLASH.ld" -Wl,-Map="F479_Pinout.map" -Wl,--gc-sections -static --specs=nano.specs -mfpu=fpv4-sp-d16 -mfloat-abi=hard -mthumb -u _printf_float -u _scanf_float -Wl,--start-group -lc -lm -lstdc++ -lsupc++ -Wl,--end-group
Finished building target: F479_Pinout.elf
 
arm-none-eabi-size   F479_Pinout.elf 
arm-none-eabi-objdump -h -S  F479_Pinout.elf  > "F479_Pinout.list"
   text	   data	    bss	    dec	    hex	filename
  43248	    496	   2116	  45860	   b324	F479_Pinout.elf
Finished building: default.size.stdout
 
Finished building: F479_Pinout.list
 
17:20:16 **** Incremental Build of configuration Debug for project F479_Pinout ****
make -j12 all 
arm-none-eabi-g++ "../Core/Src/main.cpp" -mcpu=cortex-m4 -std=gnu++14 -g3 -DDEBUG -DUSE_HAL_DRIVER -DSTM32F479xx -c -I../Core/Inc -I../Drivers/STM32F4xx_HAL_Driver/Inc -I../Drivers/STM32F4xx_HAL_Driver/Inc/Legacy -I../Drivers/CMSIS/Device/ST/STM32F4xx/Include -I../Drivers/CMSIS/Include -O0 -ffunction-sections -fdata-sections -fno-exceptions -fno-rtti -fno-use-cxa-atexit -Wall -fstack-usage -MMD -MP -MF"Core/Src/main.d" -MT"Core/Src/main.o" --specs=nano.specs -mfpu=fpv4-sp-d16 -mfloat-abi=hard -mthumb -o "Core/Src/main.o"
arm-none-eabi-g++ -o "F479_Pinout.elf" @"objects.list"   -mcpu=cortex-m4 -T"C:\Users\INSTED\Desktop\INSTED_WORKSPACE\FF64-MTQ\F479_Pinout\STM32F479VITX_FLASH.ld" -Wl,-Map="F479_Pinout.map" -Wl,--gc-sections -static --specs=nano.specs -mfpu=fpv4-sp-d16 -mfloat-abi=hard -mthumb -u _printf_float -u _scanf_float -Wl,--start-group -lc -lm -lstdc++ -lsupc++ -Wl,--end-group
Finished building target: F479_Pinout.elf
 
arm-none-eabi-size   F479_Pinout.elf 
arm-none-eabi-objdump -h -S  F479_Pinout.elf  > "F479_Pinout.list"
   text	   data	    bss	    dec	    hex	filename
  43320	    496	   2116	  45932	   b36c	F479_Pinout.elf
Finished building: default.size.stdout
 
Finished building: F479_Pinout.list
 
17:28:09 **** Incremental Build of configuration Debug for project F479_Pinout ****
make -j12 all 
arm-none-eabi-g++ "../Core/Src/main.cpp" -mcpu=cortex-m4 -std=gnu++14 -g3 -DDEBUG -DUSE_HAL_DRIVER -DSTM32F479xx -c -I../Core/Inc -I../Drivers/STM32F4xx_HAL_Driver/Inc -I../Drivers/STM32F4xx_HAL_Driver/Inc/Legacy -I../Drivers/CMSIS/Device/ST/STM32F4xx/Include -I../Drivers/CMSIS/Include -O0 -ffunction-sections -fdata-sections -fno-exceptions -fno-rtti -fno-use-cxa-atexit -Wall -fstack-usage -MMD -MP -MF"Core/Src/main.d" -MT"Core/Src/main.o" --specs=nano.specs -mfpu=fpv4-sp-d16 -mfloat-abi=hard -mthumb -o "Core/Src/main.o"
../Core/Src/main.cpp: In function 'int main()':
../Core/Src/main.cpp:160:5: error: 'Serial' was not declared in this scope; did you mean 'Serial3'?
  160 |     Serial->println("******************************************");
      |     ^~~~~~
      |     Serial3
make: *** [Core/Src/subdir.mk:38: Core/Src/main.o] Error 1
"make -j12 all" terminated with exit code 2. Build might be incomplete.
17:28:25 **** Incremental Build of configuration Debug for project F479_Pinout ****
make -j12 all 
arm-none-eabi-g++ "../Core/Src/main.cpp" -mcpu=cortex-m4 -std=gnu++14 -g3 -DDEBUG -DUSE_HAL_DRIVER -DSTM32F479xx -c -I../Core/Inc -I../Drivers/STM32F4xx_HAL_Driver/Inc -I../Drivers/STM32F4xx_HAL_Driver/Inc/Legacy -I../Drivers/CMSIS/Device/ST/STM32F4xx/Include -I../Drivers/CMSIS/Include -O0 -ffunction-sections -fdata-sections -fno-exceptions -fno-rtti -fno-use-cxa-atexit -Wall -fstack-usage -MMD -MP -MF"Core/Src/main.d" -MT"Core/Src/main.o" --specs=nano.specs -mfpu=fpv4-sp-d16 -mfloat-abi=hard -mthumb -o "Core/Src/main.o"
arm-none-eabi-g++ -o "F479_Pinout.elf" @"objects.list"   -mcpu=cortex-m4 -T"C:\Users\INSTED\Desktop\INSTED_WORKSPACE\FF64-MTQ\F479_Pinout\STM32F479VITX_FLASH.ld" -Wl,-Map="F479_Pinout.map" -Wl,--gc-sections -static --specs=nano.specs -mfpu=fpv4-sp-d16 -mfloat-abi=hard -mthumb -u _printf_float -u _scanf_float -Wl,--start-group -lc -lm -lstdc++ -lsupc++ -Wl,--end-group
Finished building target: F479_Pinout.elf
 
arm-none-eabi-size   F479_Pinout.elf 
arm-none-eabi-objdump -h -S  F479_Pinout.elf  > "F479_Pinout.list"
   text	   data	    bss	    dec	    hex	filename
  43464	    496	   2148	  46108	   b41c	F479_Pinout.elf
Finished building: default.size.stdout
 
Finished building: F479_Pinout.list
 
17:32:02 **** Incremental Build of configuration Debug for project F479_Pinout ****
make -j12 all 
arm-none-eabi-g++ "../Core/Src/main.cpp" -mcpu=cortex-m4 -std=gnu++14 -g3 -DDEBUG -DUSE_HAL_DRIVER -DSTM32F479xx -c -I../Core/Inc -I../Drivers/STM32F4xx_HAL_Driver/Inc -I../Drivers/STM32F4xx_HAL_Driver/Inc/Legacy -I../Drivers/CMSIS/Device/ST/STM32F4xx/Include -I../Drivers/CMSIS/Include -O0 -ffunction-sections -fdata-sections -fno-exceptions -fno-rtti -fno-use-cxa-atexit -Wall -fstack-usage -MMD -MP -MF"Core/Src/main.d" -MT"Core/Src/main.o" --specs=nano.specs -mfpu=fpv4-sp-d16 -mfloat-abi=hard -mthumb -o "Core/Src/main.o"
../Core/Src/main.cpp: In function 'void printCur(NEWUART*, newINA219*)':
../Core/Src/main.cpp:195:21: error: no matching function for call to 'NEWUART::println()'
  195 |     Serial->println();
      |                     ^
In file included from ../Core/Src/main.cpp:23:
../Core/Inc/stm32newfnc/newuart.h:85:10: note: candidate: 'void NEWUART::println(const char*)'
   85 |     void println(const char text[])
      |          ^~~~~~~
../Core/Inc/stm32newfnc/newuart.h:85:10: note:   candidate expects 1 argument, 0 provided
make: *** [Core/Src/subdir.mk:38: Core/Src/main.o] Error 1
"make -j12 all" terminated with exit code 2. Build might be incomplete.
17:32:11 **** Incremental Build of configuration Debug for project F479_Pinout ****
make -j12 all 
arm-none-eabi-g++ "../Core/Src/main.cpp" -mcpu=cortex-m4 -std=gnu++14 -g3 -DDEBUG -DUSE_HAL_DRIVER -DSTM32F479xx -c -I../Core/Inc -I../Drivers/STM32F4xx_HAL_Driver/Inc -I../Drivers/STM32F4xx_HAL_Driver/Inc/Legacy -I../Drivers/CMSIS/Device/ST/STM32F4xx/Include -I../Drivers/CMSIS/Include -O0 -ffunction-sections -fdata-sections -fno-exceptions -fno-rtti -fno-use-cxa-atexit -Wall -fstack-usage -MMD -MP -MF"Core/Src/main.d" -MT"Core/Src/main.o" --specs=nano.specs -mfpu=fpv4-sp-d16 -mfloat-abi=hard -mthumb -o "Core/Src/main.o"
arm-none-eabi-g++ -o "F479_Pinout.elf" @"objects.list"   -mcpu=cortex-m4 -T"C:\Users\INSTED\Desktop\INSTED_WORKSPACE\FF64-MTQ\F479_Pinout\STM32F479VITX_FLASH.ld" -Wl,-Map="F479_Pinout.map" -Wl,--gc-sections -static --specs=nano.specs -mfpu=fpv4-sp-d16 -mfloat-abi=hard -mthumb -u _printf_float -u _scanf_float -Wl,--start-group -lc -lm -lstdc++ -lsupc++ -Wl,--end-group
Finished building target: F479_Pinout.elf
 
arm-none-eabi-size   F479_Pinout.elf 
arm-none-eabi-objdump -h -S  F479_Pinout.elf  > "F479_Pinout.list"
   text	   data	    bss	    dec	    hex	filename
  43392	    496	   2148	  46036	   b3d4	F479_Pinout.elf
Finished building: default.size.stdout
 
Finished building: F479_Pinout.list
 
17:32:47 **** Incremental Build of configuration Debug for project F479_Pinout ****
make -j12 all 
arm-none-eabi-g++ "../Core/Src/main.cpp" -mcpu=cortex-m4 -std=gnu++14 -g3 -DDEBUG -DUSE_HAL_DRIVER -DSTM32F479xx -c -I../Core/Inc -I../Drivers/STM32F4xx_HAL_Driver/Inc -I../Drivers/STM32F4xx_HAL_Driver/Inc/Legacy -I../Drivers/CMSIS/Device/ST/STM32F4xx/Include -I../Drivers/CMSIS/Include -O0 -ffunction-sections -fdata-sections -fno-exceptions -fno-rtti -fno-use-cxa-atexit -Wall -fstack-usage -MMD -MP -MF"Core/Src/main.d" -MT"Core/Src/main.o" --specs=nano.specs -mfpu=fpv4-sp-d16 -mfloat-abi=hard -mthumb -o "Core/Src/main.o"
arm-none-eabi-g++ -o "F479_Pinout.elf" @"objects.list"   -mcpu=cortex-m4 -T"C:\Users\INSTED\Desktop\INSTED_WORKSPACE\FF64-MTQ\F479_Pinout\STM32F479VITX_FLASH.ld" -Wl,-Map="F479_Pinout.map" -Wl,--gc-sections -static --specs=nano.specs -mfpu=fpv4-sp-d16 -mfloat-abi=hard -mthumb -u _printf_float -u _scanf_float -Wl,--start-group -lc -lm -lstdc++ -lsupc++ -Wl,--end-group
Finished building target: F479_Pinout.elf
 
arm-none-eabi-size   F479_Pinout.elf 
arm-none-eabi-objdump -h -S  F479_Pinout.elf  > "F479_Pinout.list"
   text	   data	    bss	    dec	    hex	filename
  43392	    496	   2148	  46036	   b3d4	F479_Pinout.elf
Finished building: default.size.stdout
 
Finished building: F479_Pinout.list
 
17:33:51 **** Incremental Build of configuration Debug for project F479_Pinout ****
make -j12 all 
arm-none-eabi-g++ "../Core/Src/main.cpp" -mcpu=cortex-m4 -std=gnu++14 -g3 -DDEBUG -DUSE_HAL_DRIVER -DSTM32F479xx -c -I../Core/Inc -I../Drivers/STM32F4xx_HAL_Driver/Inc -I../Drivers/STM32F4xx_HAL_Driver/Inc/Legacy -I../Drivers/CMSIS/Device/ST/STM32F4xx/Include -I../Drivers/CMSIS/Include -O0 -ffunction-sections -fdata-sections -fno-exceptions -fno-rtti -fno-use-cxa-atexit -Wall -fstack-usage -MMD -MP -MF"Core/Src/main.d" -MT"Core/Src/main.o" --specs=nano.specs -mfpu=fpv4-sp-d16 -mfloat-abi=hard -mthumb -o "Core/Src/main.o"
arm-none-eabi-g++ -o "F479_Pinout.elf" @"objects.list"   -mcpu=cortex-m4 -T"C:\Users\INSTED\Desktop\INSTED_WORKSPACE\FF64-MTQ\F479_Pinout\STM32F479VITX_FLASH.ld" -Wl,-Map="F479_Pinout.map" -Wl,--gc-sections -static --specs=nano.specs -mfpu=fpv4-sp-d16 -mfloat-abi=hard -mthumb -u _printf_float -u _scanf_float -Wl,--start-group -lc -lm -lstdc++ -lsupc++ -Wl,--end-group
Finished building target: F479_Pinout.elf
 
arm-none-eabi-size   F479_Pinout.elf 
arm-none-eabi-objdump -h -S  F479_Pinout.elf  > "F479_Pinout.list"
   text	   data	    bss	    dec	    hex	filename
  43416	    496	   2148	  46060	   b3ec	F479_Pinout.elf
Finished building: default.size.stdout
 
Finished building: F479_Pinout.list
 
17:34:13 **** Incremental Build of configuration Debug for project F479_Pinout ****
make -j12 all 
arm-none-eabi-size   F479_Pinout.elf 
   text	   data	    bss	    dec	    hex	filename
  43416	    496	   2148	  46060	   b3ec	F479_Pinout.elf
Finished building: default.size.stdout
 
17:39:17 **** Incremental Build of configuration Debug for project F479_Pinout ****
make -j12 all 
arm-none-eabi-g++ "../Core/Src/main.cpp" -mcpu=cortex-m4 -std=gnu++14 -g3 -DDEBUG -DUSE_HAL_DRIVER -DSTM32F479xx -c -I../Core/Inc -I../Drivers/STM32F4xx_HAL_Driver/Inc -I../Drivers/STM32F4xx_HAL_Driver/Inc/Legacy -I../Drivers/CMSIS/Device/ST/STM32F4xx/Include -I../Drivers/CMSIS/Include -O0 -ffunction-sections -fdata-sections -fno-exceptions -fno-rtti -fno-use-cxa-atexit -Wall -fstack-usage -MMD -MP -MF"Core/Src/main.d" -MT"Core/Src/main.o" --specs=nano.specs -mfpu=fpv4-sp-d16 -mfloat-abi=hard -mthumb -o "Core/Src/main.o"
../Core/Src/main.cpp: In function 'void printCur(NEWUART*, newINA219*)':
../Core/Src/main.cpp:173:43: error: 'int16_t newINA219::getShuntVoltage_raw()' is private within this context
  173 |   shuntvoltage = cur->getShuntVoltage_raw();
      |                                           ^
In file included from ../Core/Src/main.cpp:27:
../Core/Inc/driver/newINA219.h:269:13: note: declared private here
  269 |     int16_t getShuntVoltage_raw()
      |             ^~~~~~~~~~~~~~~~~~~
../Core/Src/main.cpp:178:39: error: 'int16_t newINA219::getBusVoltage_raw()' is private within this context
  178 |   busvoltage = cur->getBusVoltage_raw();
      |                                       ^
In file included from ../Core/Src/main.cpp:27:
../Core/Inc/driver/newINA219.h:253:13: note: declared private here
  253 |     int16_t getBusVoltage_raw()
      |             ^~~~~~~~~~~~~~~~~
../Core/Src/main.cpp:183:36: error: 'int16_t newINA219::getCurrent_raw()' is private within this context
  183 |   current_mA = cur->getCurrent_raw();
      |                                    ^
In file included from ../Core/Src/main.cpp:27:
../Core/Inc/driver/newINA219.h:283:13: note: declared private here
  283 |     int16_t getCurrent_raw()
      |             ^~~~~~~~~~~~~~
../Core/Src/main.cpp:188:32: error: 'int16_t newINA219::getPower_raw()' is private within this context
  188 |   power_mW = cur->getPower_raw();
      |                                ^
In file included from ../Core/Src/main.cpp:27:
../Core/Inc/driver/newINA219.h:307:13: note: declared private here
  307 |     int16_t getPower_raw()
      |             ^~~~~~~~~~~~
make: *** [Core/Src/subdir.mk:38: Core/Src/main.o] Error 1
"make -j12 all" terminated with exit code 2. Build might be incomplete.
17:39:24 **** Incremental Build of configuration Debug for project F479_Pinout ****
make -j12 all 
arm-none-eabi-g++ "../Core/Src/main.cpp" -mcpu=cortex-m4 -std=gnu++14 -g3 -DDEBUG -DUSE_HAL_DRIVER -DSTM32F479xx -c -I../Core/Inc -I../Drivers/STM32F4xx_HAL_Driver/Inc -I../Drivers/STM32F4xx_HAL_Driver/Inc/Legacy -I../Drivers/CMSIS/Device/ST/STM32F4xx/Include -I../Drivers/CMSIS/Include -O0 -ffunction-sections -fdata-sections -fno-exceptions -fno-rtti -fno-use-cxa-atexit -Wall -fstack-usage -MMD -MP -MF"Core/Src/main.d" -MT"Core/Src/main.o" --specs=nano.specs -mfpu=fpv4-sp-d16 -mfloat-abi=hard -mthumb -o "Core/Src/main.o"
arm-none-eabi-g++ -o "F479_Pinout.elf" @"objects.list"   -mcpu=cortex-m4 -T"C:\Users\INSTED\Desktop\INSTED_WORKSPACE\FF64-MTQ\F479_Pinout\STM32F479VITX_FLASH.ld" -Wl,-Map="F479_Pinout.map" -Wl,--gc-sections -static --specs=nano.specs -mfpu=fpv4-sp-d16 -mfloat-abi=hard -mthumb -u _printf_float -u _scanf_float -Wl,--start-group -lc -lm -lstdc++ -lsupc++ -Wl,--end-group
Finished building target: F479_Pinout.elf
 
arm-none-eabi-size   F479_Pinout.elf 
arm-none-eabi-objdump -h -S  F479_Pinout.elf  > "F479_Pinout.list"
   text	   data	    bss	    dec	    hex	filename
  43176	    496	   2148	  45820	   b2fc	F479_Pinout.elf
Finished building: default.size.stdout
 
Finished building: F479_Pinout.list
 
17:40:37 **** Incremental Build of configuration Debug for project F479_Pinout ****
make -j12 all 
arm-none-eabi-g++ "../Core/Src/main.cpp" -mcpu=cortex-m4 -std=gnu++14 -g3 -DDEBUG -DUSE_HAL_DRIVER -DSTM32F479xx -c -I../Core/Inc -I../Drivers/STM32F4xx_HAL_Driver/Inc -I../Drivers/STM32F4xx_HAL_Driver/Inc/Legacy -I../Drivers/CMSIS/Device/ST/STM32F4xx/Include -I../Drivers/CMSIS/Include -O0 -ffunction-sections -fdata-sections -fno-exceptions -fno-rtti -fno-use-cxa-atexit -Wall -fstack-usage -MMD -MP -MF"Core/Src/main.d" -MT"Core/Src/main.o" --specs=nano.specs -mfpu=fpv4-sp-d16 -mfloat-abi=hard -mthumb -o "Core/Src/main.o"
arm-none-eabi-g++ -o "F479_Pinout.elf" @"objects.list"   -mcpu=cortex-m4 -T"C:\Users\INSTED\Desktop\INSTED_WORKSPACE\FF64-MTQ\F479_Pinout\STM32F479VITX_FLASH.ld" -Wl,-Map="F479_Pinout.map" -Wl,--gc-sections -static --specs=nano.specs -mfpu=fpv4-sp-d16 -mfloat-abi=hard -mthumb -u _printf_float -u _scanf_float -Wl,--start-group -lc -lm -lstdc++ -lsupc++ -Wl,--end-group
Finished building target: F479_Pinout.elf
 
arm-none-eabi-size   F479_Pinout.elf 
arm-none-eabi-objdump -h -S  F479_Pinout.elf  > "F479_Pinout.list"
   text	   data	    bss	    dec	    hex	filename
  43144	    496	   2148	  45788	   b2dc	F479_Pinout.elf
Finished building: default.size.stdout
 
Finished building: F479_Pinout.list
 
17:40:51 **** Incremental Build of configuration Debug for project F479_Pinout ****
make -j12 all 
arm-none-eabi-size   F479_Pinout.elf 
   text	   data	    bss	    dec	    hex	filename
  43144	    496	   2148	  45788	   b2dc	F479_Pinout.elf
Finished building: default.size.stdout
 
17:41:31 **** Incremental Build of configuration Debug for project F479_Pinout ****
make -j12 all 
arm-none-eabi-g++ "../Core/Src/main.cpp" -mcpu=cortex-m4 -std=gnu++14 -g3 -DDEBUG -DUSE_HAL_DRIVER -DSTM32F479xx -c -I../Core/Inc -I../Drivers/STM32F4xx_HAL_Driver/Inc -I../Drivers/STM32F4xx_HAL_Driver/Inc/Legacy -I../Drivers/CMSIS/Device/ST/STM32F4xx/Include -I../Drivers/CMSIS/Include -O0 -ffunction-sections -fdata-sections -fno-exceptions -fno-rtti -fno-use-cxa-atexit -Wall -fstack-usage -MMD -MP -MF"Core/Src/main.d" -MT"Core/Src/main.o" --specs=nano.specs -mfpu=fpv4-sp-d16 -mfloat-abi=hard -mthumb -o "Core/Src/main.o"
arm-none-eabi-g++ -o "F479_Pinout.elf" @"objects.list"   -mcpu=cortex-m4 -T"C:\Users\INSTED\Desktop\INSTED_WORKSPACE\FF64-MTQ\F479_Pinout\STM32F479VITX_FLASH.ld" -Wl,-Map="F479_Pinout.map" -Wl,--gc-sections -static --specs=nano.specs -mfpu=fpv4-sp-d16 -mfloat-abi=hard -mthumb -u _printf_float -u _scanf_float -Wl,--start-group -lc -lm -lstdc++ -lsupc++ -Wl,--end-group
Finished building target: F479_Pinout.elf
 
arm-none-eabi-size   F479_Pinout.elf 
arm-none-eabi-objdump -h -S  F479_Pinout.elf  > "F479_Pinout.list"
   text	   data	    bss	    dec	    hex	filename
  43144	    496	   2148	  45788	   b2dc	F479_Pinout.elf
Finished building: default.size.stdout
 
Finished building: F479_Pinout.list
 
17:44:02 **** Incremental Build of configuration Debug for project F479_Pinout ****
make -j12 all 
arm-none-eabi-g++ "../Core/Src/main.cpp" -mcpu=cortex-m4 -std=gnu++14 -g3 -DDEBUG -DUSE_HAL_DRIVER -DSTM32F479xx -c -I../Core/Inc -I../Drivers/STM32F4xx_HAL_Driver/Inc -I../Drivers/STM32F4xx_HAL_Driver/Inc/Legacy -I../Drivers/CMSIS/Device/ST/STM32F4xx/Include -I../Drivers/CMSIS/Include -O0 -ffunction-sections -fdata-sections -fno-exceptions -fno-rtti -fno-use-cxa-atexit -Wall -fstack-usage -MMD -MP -MF"Core/Src/main.d" -MT"Core/Src/main.o" --specs=nano.specs -mfpu=fpv4-sp-d16 -mfloat-abi=hard -mthumb -o "Core/Src/main.o"
arm-none-eabi-g++ -o "F479_Pinout.elf" @"objects.list"   -mcpu=cortex-m4 -T"C:\Users\INSTED\Desktop\INSTED_WORKSPACE\FF64-MTQ\F479_Pinout\STM32F479VITX_FLASH.ld" -Wl,-Map="F479_Pinout.map" -Wl,--gc-sections -static --specs=nano.specs -mfpu=fpv4-sp-d16 -mfloat-abi=hard -mthumb -u _printf_float -u _scanf_float -Wl,--start-group -lc -lm -lstdc++ -lsupc++ -Wl,--end-group
Finished building target: F479_Pinout.elf
 
arm-none-eabi-size   F479_Pinout.elf 
arm-none-eabi-objdump -h -S  F479_Pinout.elf  > "F479_Pinout.list"
   text	   data	    bss	    dec	    hex	filename
  43128	    496	   2148	  45772	   b2cc	F479_Pinout.elf
Finished building: default.size.stdout
 
Finished building: F479_Pinout.list
 
17:45:31 **** Incremental Build of configuration Debug for project F479_Pinout ****
make -j12 all 
arm-none-eabi-g++ "../Core/Src/main.cpp" -mcpu=cortex-m4 -std=gnu++14 -g3 -DDEBUG -DUSE_HAL_DRIVER -DSTM32F479xx -c -I../Core/Inc -I../Drivers/STM32F4xx_HAL_Driver/Inc -I../Drivers/STM32F4xx_HAL_Driver/Inc/Legacy -I../Drivers/CMSIS/Device/ST/STM32F4xx/Include -I../Drivers/CMSIS/Include -O0 -ffunction-sections -fdata-sections -fno-exceptions -fno-rtti -fno-use-cxa-atexit -Wall -fstack-usage -MMD -MP -MF"Core/Src/main.d" -MT"Core/Src/main.o" --specs=nano.specs -mfpu=fpv4-sp-d16 -mfloat-abi=hard -mthumb -o "Core/Src/main.o"
arm-none-eabi-g++ -o "F479_Pinout.elf" @"objects.list"   -mcpu=cortex-m4 -T"C:\Users\INSTED\Desktop\INSTED_WORKSPACE\FF64-MTQ\F479_Pinout\STM32F479VITX_FLASH.ld" -Wl,-Map="F479_Pinout.map" -Wl,--gc-sections -static --specs=nano.specs -mfpu=fpv4-sp-d16 -mfloat-abi=hard -mthumb -u _printf_float -u _scanf_float -Wl,--start-group -lc -lm -lstdc++ -lsupc++ -Wl,--end-group
Finished building target: F479_Pinout.elf
 
arm-none-eabi-size   F479_Pinout.elf 
arm-none-eabi-objdump -h -S  F479_Pinout.elf  > "F479_Pinout.list"
   text	   data	    bss	    dec	    hex	filename
  43112	    496	   2148	  45756	   b2bc	F479_Pinout.elf
Finished building: default.size.stdout
 
Finished building: F479_Pinout.list
 
17:47:32 **** Incremental Build of configuration Debug for project F479_Pinout ****
make -j12 all 
arm-none-eabi-g++ "../Core/Src/main.cpp" -mcpu=cortex-m4 -std=gnu++14 -g3 -DDEBUG -DUSE_HAL_DRIVER -DSTM32F479xx -c -I../Core/Inc -I../Drivers/STM32F4xx_HAL_Driver/Inc -I../Drivers/STM32F4xx_HAL_Driver/Inc/Legacy -I../Drivers/CMSIS/Device/ST/STM32F4xx/Include -I../Drivers/CMSIS/Include -O0 -ffunction-sections -fdata-sections -fno-exceptions -fno-rtti -fno-use-cxa-atexit -Wall -fstack-usage -MMD -MP -MF"Core/Src/main.d" -MT"Core/Src/main.o" --specs=nano.specs -mfpu=fpv4-sp-d16 -mfloat-abi=hard -mthumb -o "Core/Src/main.o"
arm-none-eabi-g++ -o "F479_Pinout.elf" @"objects.list"   -mcpu=cortex-m4 -T"C:\Users\INSTED\Desktop\INSTED_WORKSPACE\FF64-MTQ\F479_Pinout\STM32F479VITX_FLASH.ld" -Wl,-Map="F479_Pinout.map" -Wl,--gc-sections -static --specs=nano.specs -mfpu=fpv4-sp-d16 -mfloat-abi=hard -mthumb -u _printf_float -u _scanf_float -Wl,--start-group -lc -lm -lstdc++ -lsupc++ -Wl,--end-group
Finished building target: F479_Pinout.elf
 
arm-none-eabi-size   F479_Pinout.elf 
arm-none-eabi-objdump -h -S  F479_Pinout.elf  > "F479_Pinout.list"
   text	   data	    bss	    dec	    hex	filename
  43112	    496	   2148	  45756	   b2bc	F479_Pinout.elf
Finished building: default.size.stdout
 
Finished building: F479_Pinout.list
 
17:48:13 **** Incremental Build of configuration Debug for project F479_Pinout ****
make -j12 all 
arm-none-eabi-g++ "../Core/Src/main.cpp" -mcpu=cortex-m4 -std=gnu++14 -g3 -DDEBUG -DUSE_HAL_DRIVER -DSTM32F479xx -c -I../Core/Inc -I../Drivers/STM32F4xx_HAL_Driver/Inc -I../Drivers/STM32F4xx_HAL_Driver/Inc/Legacy -I../Drivers/CMSIS/Device/ST/STM32F4xx/Include -I../Drivers/CMSIS/Include -O0 -ffunction-sections -fdata-sections -fno-exceptions -fno-rtti -fno-use-cxa-atexit -Wall -fstack-usage -MMD -MP -MF"Core/Src/main.d" -MT"Core/Src/main.o" --specs=nano.specs -mfpu=fpv4-sp-d16 -mfloat-abi=hard -mthumb -o "Core/Src/main.o"
arm-none-eabi-g++ -o "F479_Pinout.elf" @"objects.list"   -mcpu=cortex-m4 -T"C:\Users\INSTED\Desktop\INSTED_WORKSPACE\FF64-MTQ\F479_Pinout\STM32F479VITX_FLASH.ld" -Wl,-Map="F479_Pinout.map" -Wl,--gc-sections -static --specs=nano.specs -mfpu=fpv4-sp-d16 -mfloat-abi=hard -mthumb -u _printf_float -u _scanf_float -Wl,--start-group -lc -lm -lstdc++ -lsupc++ -Wl,--end-group
Finished building target: F479_Pinout.elf
 
arm-none-eabi-size   F479_Pinout.elf 
arm-none-eabi-objdump -h -S  F479_Pinout.elf  > "F479_Pinout.list"
   text	   data	    bss	    dec	    hex	filename
  43112	    496	   2148	  45756	   b2bc	F479_Pinout.elf
Finished building: default.size.stdout
 
Finished building: F479_Pinout.list
 
17:50:35 **** Incremental Build of configuration Debug for project F479_Pinout ****
make -j12 all 
arm-none-eabi-g++ "../Core/Src/main.cpp" -mcpu=cortex-m4 -std=gnu++14 -g3 -DDEBUG -DUSE_HAL_DRIVER -DSTM32F479xx -c -I../Core/Inc -I../Drivers/STM32F4xx_HAL_Driver/Inc -I../Drivers/STM32F4xx_HAL_Driver/Inc/Legacy -I../Drivers/CMSIS/Device/ST/STM32F4xx/Include -I../Drivers/CMSIS/Include -O0 -ffunction-sections -fdata-sections -fno-exceptions -fno-rtti -fno-use-cxa-atexit -Wall -fstack-usage -MMD -MP -MF"Core/Src/main.d" -MT"Core/Src/main.o" --specs=nano.specs -mfpu=fpv4-sp-d16 -mfloat-abi=hard -mthumb -o "Core/Src/main.o"
arm-none-eabi-g++ -o "F479_Pinout.elf" @"objects.list"   -mcpu=cortex-m4 -T"C:\Users\INSTED\Desktop\INSTED_WORKSPACE\FF64-MTQ\F479_Pinout\STM32F479VITX_FLASH.ld" -Wl,-Map="F479_Pinout.map" -Wl,--gc-sections -static --specs=nano.specs -mfpu=fpv4-sp-d16 -mfloat-abi=hard -mthumb -u _printf_float -u _scanf_float -Wl,--start-group -lc -lm -lstdc++ -lsupc++ -Wl,--end-group
Finished building target: F479_Pinout.elf
 
arm-none-eabi-size   F479_Pinout.elf 
arm-none-eabi-objdump -h -S  F479_Pinout.elf  > "F479_Pinout.list"
   text	   data	    bss	    dec	    hex	filename
  43144	    496	   2148	  45788	   b2dc	F479_Pinout.elf
Finished building: default.size.stdout
 
Finished building: F479_Pinout.list
 
17:51:07 **** Incremental Build of configuration Debug for project F479_Pinout ****
make -j12 all 
arm-none-eabi-g++ "../Core/Src/main.cpp" -mcpu=cortex-m4 -std=gnu++14 -g3 -DDEBUG -DUSE_HAL_DRIVER -DSTM32F479xx -c -I../Core/Inc -I../Drivers/STM32F4xx_HAL_Driver/Inc -I../Drivers/STM32F4xx_HAL_Driver/Inc/Legacy -I../Drivers/CMSIS/Device/ST/STM32F4xx/Include -I../Drivers/CMSIS/Include -O0 -ffunction-sections -fdata-sections -fno-exceptions -fno-rtti -fno-use-cxa-atexit -Wall -fstack-usage -MMD -MP -MF"Core/Src/main.d" -MT"Core/Src/main.o" --specs=nano.specs -mfpu=fpv4-sp-d16 -mfloat-abi=hard -mthumb -o "Core/Src/main.o"
arm-none-eabi-g++ -o "F479_Pinout.elf" @"objects.list"   -mcpu=cortex-m4 -T"C:\Users\INSTED\Desktop\INSTED_WORKSPACE\FF64-MTQ\F479_Pinout\STM32F479VITX_FLASH.ld" -Wl,-Map="F479_Pinout.map" -Wl,--gc-sections -static --specs=nano.specs -mfpu=fpv4-sp-d16 -mfloat-abi=hard -mthumb -u _printf_float -u _scanf_float -Wl,--start-group -lc -lm -lstdc++ -lsupc++ -Wl,--end-group
Finished building target: F479_Pinout.elf
 
arm-none-eabi-size   F479_Pinout.elf 
arm-none-eabi-objdump -h -S  F479_Pinout.elf  > "F479_Pinout.list"
   text	   data	    bss	    dec	    hex	filename
  43176	    496	   2148	  45820	   b2fc	F479_Pinout.elf
Finished building: default.size.stdout
 
Finished building: F479_Pinout.list
 
17:52:32 **** Incremental Build of configuration Debug for project F479_Pinout ****
make -j12 all 
arm-none-eabi-g++ "../Core/Src/main.cpp" -mcpu=cortex-m4 -std=gnu++14 -g3 -DDEBUG -DUSE_HAL_DRIVER -DSTM32F479xx -c -I../Core/Inc -I../Drivers/STM32F4xx_HAL_Driver/Inc -I../Drivers/STM32F4xx_HAL_Driver/Inc/Legacy -I../Drivers/CMSIS/Device/ST/STM32F4xx/Include -I../Drivers/CMSIS/Include -O0 -ffunction-sections -fdata-sections -fno-exceptions -fno-rtti -fno-use-cxa-atexit -Wall -fstack-usage -MMD -MP -MF"Core/Src/main.d" -MT"Core/Src/main.o" --specs=nano.specs -mfpu=fpv4-sp-d16 -mfloat-abi=hard -mthumb -o "Core/Src/main.o"
arm-none-eabi-g++ -o "F479_Pinout.elf" @"objects.list"   -mcpu=cortex-m4 -T"C:\Users\INSTED\Desktop\INSTED_WORKSPACE\FF64-MTQ\F479_Pinout\STM32F479VITX_FLASH.ld" -Wl,-Map="F479_Pinout.map" -Wl,--gc-sections -static --specs=nano.specs -mfpu=fpv4-sp-d16 -mfloat-abi=hard -mthumb -u _printf_float -u _scanf_float -Wl,--start-group -lc -lm -lstdc++ -lsupc++ -Wl,--end-group
Finished building target: F479_Pinout.elf
 
arm-none-eabi-size   F479_Pinout.elf 
arm-none-eabi-objdump -h -S  F479_Pinout.elf  > "F479_Pinout.list"
   text	   data	    bss	    dec	    hex	filename
  43008	    496	   2148	  45652	   b254	F479_Pinout.elf
Finished building: default.size.stdout
 
Finished building: F479_Pinout.list
 
17:53:55 **** Incremental Build of configuration Debug for project F479_Pinout ****
make -j12 all 
arm-none-eabi-size   F479_Pinout.elf 
   text	   data	    bss	    dec	    hex	filename
  43008	    496	   2148	  45652	   b254	F479_Pinout.elf
Finished building: default.size.stdout
 
20:05:40 **** Incremental Build of configuration Debug for project F479_Pinout ****
make -j12 all 
arm-none-eabi-g++ "../Core/Src/main.cpp" -mcpu=cortex-m4 -std=gnu++14 -g3 -DDEBUG -DUSE_HAL_DRIVER -DSTM32F479xx -c -I../Core/Inc -I../Drivers/STM32F4xx_HAL_Driver/Inc -I../Drivers/STM32F4xx_HAL_Driver/Inc/Legacy -I../Drivers/CMSIS/Device/ST/STM32F4xx/Include -I../Drivers/CMSIS/Include -O0 -ffunction-sections -fdata-sections -fno-exceptions -fno-rtti -fno-use-cxa-atexit -Wall -fstack-usage -MMD -MP -MF"Core/Src/main.d" -MT"Core/Src/main.o" --specs=nano.specs -mfpu=fpv4-sp-d16 -mfloat-abi=hard -mthumb -o "Core/Src/main.o"
arm-none-eabi-g++ -o "F479_Pinout.elf" @"objects.list"   -mcpu=cortex-m4 -T"C:\Users\INSTED\Desktop\INSTED_WORKSPACE\FF64-MTQ\F479_Pinout\STM32F479VITX_FLASH.ld" -Wl,-Map="F479_Pinout.map" -Wl,--gc-sections -static --specs=nano.specs -mfpu=fpv4-sp-d16 -mfloat-abi=hard -mthumb -u _printf_float -u _scanf_float -Wl,--start-group -lc -lm -lstdc++ -lsupc++ -Wl,--end-group
Finished building target: F479_Pinout.elf
 
arm-none-eabi-size   F479_Pinout.elf 
arm-none-eabi-objdump -h -S  F479_Pinout.elf  > "F479_Pinout.list"
   text	   data	    bss	    dec	    hex	filename
  42672	    496	   2148	  45316	   b104	F479_Pinout.elf
Finished building: default.size.stdout
 
Finished building: F479_Pinout.list
 
20:06:24 **** Incremental Build of configuration Debug for project F479_Pinout ****
make -j12 all 
arm-none-eabi-size   F479_Pinout.elf 
   text	   data	    bss	    dec	    hex	filename
  42672	    496	   2148	  45316	   b104	F479_Pinout.elf
Finished building: default.size.stdout
 
20:32:37 **** Incremental Build of configuration Debug for project F479_Pinout ****
make -j12 all 
arm-none-eabi-g++ "../Core/Src/main.cpp" -mcpu=cortex-m4 -std=gnu++14 -g3 -DDEBUG -DUSE_HAL_DRIVER -DSTM32F479xx -c -I../Core/Inc -I../Drivers/STM32F4xx_HAL_Driver/Inc -I../Drivers/STM32F4xx_HAL_Driver/Inc/Legacy -I../Drivers/CMSIS/Device/ST/STM32F4xx/Include -I../Drivers/CMSIS/Include -O0 -ffunction-sections -fdata-sections -fno-exceptions -fno-rtti -fno-use-cxa-atexit -Wall -fstack-usage -MMD -MP -MF"Core/Src/main.d" -MT"Core/Src/main.o" --specs=nano.specs -mfpu=fpv4-sp-d16 -mfloat-abi=hard -mthumb -o "Core/Src/main.o"
In file included from ../Core/Src/main.cpp:27:
../Core/Inc/driver/newINA219.h: In member function 'int16_t newINA219::getCurrent_raw()':
../Core/Inc/driver/newINA219.h:140:29: error: invalid conversion from 'int' to 'uint8_t*' {aka 'unsigned char*'} [-fpermissive]
  140 | #define INA219_REG_CURRENT (0x04)
      |                            ~^~~~~
      |                             |
      |                             int
../Core/Inc/driver/newINA219.h:287:45: note: in expansion of macro 'INA219_REG_CURRENT'
  287 |         _i2c_dev->writeBytes(ina219_i2caddr,INA219_REG_CURRENT,1);
      |                                             ^~~~~~~~~~~~~~~~~~
In file included from ../Core/Src/main.cpp:24:
../Core/Inc/stm32newfnc/newi2c.h:37:49: note:   initializing argument 2 of 'void NEWI2C::writeBytes(uint8_t, uint8_t*, uint8_t)'
   37 |     void writeBytes(const uint8_t addr, uint8_t data[], uint8_t len)
      |                                         ~~~~~~~~^~~~~~
make: *** [Core/Src/subdir.mk:38: Core/Src/main.o] Error 1
"make -j12 all" terminated with exit code 2. Build might be incomplete.
20:32:46 **** Incremental Build of configuration Debug for project F479_Pinout ****
make -j12 all 
arm-none-eabi-g++ "../Core/Src/main.cpp" -mcpu=cortex-m4 -std=gnu++14 -g3 -DDEBUG -DUSE_HAL_DRIVER -DSTM32F479xx -c -I../Core/Inc -I../Drivers/STM32F4xx_HAL_Driver/Inc -I../Drivers/STM32F4xx_HAL_Driver/Inc/Legacy -I../Drivers/CMSIS/Device/ST/STM32F4xx/Include -I../Drivers/CMSIS/Include -O0 -ffunction-sections -fdata-sections -fno-exceptions -fno-rtti -fno-use-cxa-atexit -Wall -fstack-usage -MMD -MP -MF"Core/Src/main.d" -MT"Core/Src/main.o" --specs=nano.specs -mfpu=fpv4-sp-d16 -mfloat-abi=hard -mthumb -o "Core/Src/main.o"
In file included from ../Core/Src/main.cpp:27:
../Core/Inc/driver/newINA219.h: In member function 'int16_t newINA219::getCurrent_raw()':
../Core/Inc/driver/newINA219.h:140:29: error: invalid conversion from 'int' to 'uint8_t*' {aka 'unsigned char*'} [-fpermissive]
  140 | #define INA219_REG_CURRENT (0x04)
      |                            ~^~~~~
      |                             |
      |                             int
../Core/Inc/driver/newINA219.h:287:45: note: in expansion of macro 'INA219_REG_CURRENT'
  287 |         _i2c_dev->writeBytes(ina219_i2caddr,INA219_REG_CURRENT,1);
      |                                             ^~~~~~~~~~~~~~~~~~
In file included from ../Core/Src/main.cpp:24:
../Core/Inc/stm32newfnc/newi2c.h:37:49: note:   initializing argument 2 of 'void NEWI2C::writeBytes(uint8_t, uint8_t*, uint8_t)'
   37 |     void writeBytes(const uint8_t addr, uint8_t data[], uint8_t len)
      |                                         ~~~~~~~~^~~~~~
make: *** [Core/Src/subdir.mk:38: Core/Src/main.o] Error 1
"make -j12 all" terminated with exit code 2. Build might be incomplete.
20:33:12 **** Incremental Build of configuration Debug for project F479_Pinout ****
make -j12 all 
arm-none-eabi-g++ "../Core/Src/main.cpp" -mcpu=cortex-m4 -std=gnu++14 -g3 -DDEBUG -DUSE_HAL_DRIVER -DSTM32F479xx -c -I../Core/Inc -I../Drivers/STM32F4xx_HAL_Driver/Inc -I../Drivers/STM32F4xx_HAL_Driver/Inc/Legacy -I../Drivers/CMSIS/Device/ST/STM32F4xx/Include -I../Drivers/CMSIS/Include -O0 -ffunction-sections -fdata-sections -fno-exceptions -fno-rtti -fno-use-cxa-atexit -Wall -fstack-usage -MMD -MP -MF"Core/Src/main.d" -MT"Core/Src/main.o" --specs=nano.specs -mfpu=fpv4-sp-d16 -mfloat-abi=hard -mthumb -o "Core/Src/main.o"
In file included from ../Core/Src/main.cpp:27:
../Core/Inc/driver/newINA219.h: In member function 'int16_t newINA219::getCurrent_raw()':
../Core/Inc/driver/newINA219.h:287:45: error: invalid conversion from 'uint8_t' {aka 'unsigned char'} to 'uint8_t*' {aka 'unsigned char*'} [-fpermissive]
  287 |         _i2c_dev->writeBytes(ina219_i2caddr,(uint8_t)INA219_REG_CURRENT,1);
      |                                             ^
      |                                             |
      |                                             uint8_t {aka unsigned char}
In file included from ../Core/Src/main.cpp:24:
../Core/Inc/stm32newfnc/newi2c.h:37:49: note:   initializing argument 2 of 'void NEWI2C::writeBytes(uint8_t, uint8_t*, uint8_t)'
   37 |     void writeBytes(const uint8_t addr, uint8_t data[], uint8_t len)
      |                                         ~~~~~~~~^~~~~~
make: *** [Core/Src/subdir.mk:38: Core/Src/main.o] Error 1
"make -j12 all" terminated with exit code 2. Build might be incomplete.
20:33:44 **** Incremental Build of configuration Debug for project F479_Pinout ****
make -j12 all 
arm-none-eabi-g++ "../Core/Src/main.cpp" -mcpu=cortex-m4 -std=gnu++14 -g3 -DDEBUG -DUSE_HAL_DRIVER -DSTM32F479xx -c -I../Core/Inc -I../Drivers/STM32F4xx_HAL_Driver/Inc -I../Drivers/STM32F4xx_HAL_Driver/Inc/Legacy -I../Drivers/CMSIS/Device/ST/STM32F4xx/Include -I../Drivers/CMSIS/Include -O0 -ffunction-sections -fdata-sections -fno-exceptions -fno-rtti -fno-use-cxa-atexit -Wall -fstack-usage -MMD -MP -MF"Core/Src/main.d" -MT"Core/Src/main.o" --specs=nano.specs -mfpu=fpv4-sp-d16 -mfloat-abi=hard -mthumb -o "Core/Src/main.o"
In file included from ../Core/Src/main.cpp:27:
../Core/Inc/driver/newINA219.h: In member function 'int16_t newINA219::getCurrent_raw()':
../Core/Inc/driver/newINA219.h:288:45: error: invalid conversion from 'uint8_t' {aka 'unsigned char'} to 'uint8_t*' {aka 'unsigned char*'} [-fpermissive]
  288 |         _i2c_dev->writeBytes(ina219_i2caddr,a,1);
      |                                             ^
      |                                             |
      |                                             uint8_t {aka unsigned char}
In file included from ../Core/Src/main.cpp:24:
../Core/Inc/stm32newfnc/newi2c.h:37:49: note:   initializing argument 2 of 'void NEWI2C::writeBytes(uint8_t, uint8_t*, uint8_t)'
   37 |     void writeBytes(const uint8_t addr, uint8_t data[], uint8_t len)
      |                                         ~~~~~~~~^~~~~~
make: *** [Core/Src/subdir.mk:38: Core/Src/main.o] Error 1
"make -j12 all" terminated with exit code 2. Build might be incomplete.
20:34:03 **** Incremental Build of configuration Debug for project F479_Pinout ****
make -j12 all 
arm-none-eabi-g++ "../Core/Src/main.cpp" -mcpu=cortex-m4 -std=gnu++14 -g3 -DDEBUG -DUSE_HAL_DRIVER -DSTM32F479xx -c -I../Core/Inc -I../Drivers/STM32F4xx_HAL_Driver/Inc -I../Drivers/STM32F4xx_HAL_Driver/Inc/Legacy -I../Drivers/CMSIS/Device/ST/STM32F4xx/Include -I../Drivers/CMSIS/Include -O0 -ffunction-sections -fdata-sections -fno-exceptions -fno-rtti -fno-use-cxa-atexit -Wall -fstack-usage -MMD -MP -MF"Core/Src/main.d" -MT"Core/Src/main.o" --specs=nano.specs -mfpu=fpv4-sp-d16 -mfloat-abi=hard -mthumb -o "Core/Src/main.o"
arm-none-eabi-g++ -o "F479_Pinout.elf" @"objects.list"   -mcpu=cortex-m4 -T"C:\Users\INSTED\Desktop\INSTED_WORKSPACE\FF64-MTQ\F479_Pinout\STM32F479VITX_FLASH.ld" -Wl,-Map="F479_Pinout.map" -Wl,--gc-sections -static --specs=nano.specs -mfpu=fpv4-sp-d16 -mfloat-abi=hard -mthumb -u _printf_float -u _scanf_float -Wl,--start-group -lc -lm -lstdc++ -lsupc++ -Wl,--end-group
Finished building target: F479_Pinout.elf
 
arm-none-eabi-size   F479_Pinout.elf 
arm-none-eabi-objdump -h -S  F479_Pinout.elf  > "F479_Pinout.list"
   text	   data	    bss	    dec	    hex	filename
  44264	    496	   2148	  46908	   b73c	F479_Pinout.elf
Finished building: default.size.stdout
 
Finished building: F479_Pinout.list
 
20:35:04 **** Incremental Build of configuration Debug for project F479_Pinout ****
make -j12 all 
arm-none-eabi-g++ "../Core/Src/main.cpp" -mcpu=cortex-m4 -std=gnu++14 -g3 -DDEBUG -DUSE_HAL_DRIVER -DSTM32F479xx -c -I../Core/Inc -I../Drivers/STM32F4xx_HAL_Driver/Inc -I../Drivers/STM32F4xx_HAL_Driver/Inc/Legacy -I../Drivers/CMSIS/Device/ST/STM32F4xx/Include -I../Drivers/CMSIS/Include -O0 -ffunction-sections -fdata-sections -fno-exceptions -fno-rtti -fno-use-cxa-atexit -Wall -fstack-usage -MMD -MP -MF"Core/Src/main.d" -MT"Core/Src/main.o" --specs=nano.specs -mfpu=fpv4-sp-d16 -mfloat-abi=hard -mthumb -o "Core/Src/main.o"
arm-none-eabi-g++ -o "F479_Pinout.elf" @"objects.list"   -mcpu=cortex-m4 -T"C:\Users\INSTED\Desktop\INSTED_WORKSPACE\FF64-MTQ\F479_Pinout\STM32F479VITX_FLASH.ld" -Wl,-Map="F479_Pinout.map" -Wl,--gc-sections -static --specs=nano.specs -mfpu=fpv4-sp-d16 -mfloat-abi=hard -mthumb -u _printf_float -u _scanf_float -Wl,--start-group -lc -lm -lstdc++ -lsupc++ -Wl,--end-group
Finished building target: F479_Pinout.elf
 
arm-none-eabi-size   F479_Pinout.elf 
arm-none-eabi-objdump -h -S  F479_Pinout.elf  > "F479_Pinout.list"
   text	   data	    bss	    dec	    hex	filename
  44272	    496	   2148	  46916	   b744	F479_Pinout.elf
Finished building: default.size.stdout
 
Finished building: F479_Pinout.list
 
20:36:24 **** Incremental Build of configuration Debug for project F479_Pinout ****
make -j12 all 
arm-none-eabi-g++ "../Core/Src/main.cpp" -mcpu=cortex-m4 -std=gnu++14 -g3 -DDEBUG -DUSE_HAL_DRIVER -DSTM32F479xx -c -I../Core/Inc -I../Drivers/STM32F4xx_HAL_Driver/Inc -I../Drivers/STM32F4xx_HAL_Driver/Inc/Legacy -I../Drivers/CMSIS/Device/ST/STM32F4xx/Include -I../Drivers/CMSIS/Include -O0 -ffunction-sections -fdata-sections -fno-exceptions -fno-rtti -fno-use-cxa-atexit -Wall -fstack-usage -MMD -MP -MF"Core/Src/main.d" -MT"Core/Src/main.o" --specs=nano.specs -mfpu=fpv4-sp-d16 -mfloat-abi=hard -mthumb -o "Core/Src/main.o"
arm-none-eabi-g++ -o "F479_Pinout.elf" @"objects.list"   -mcpu=cortex-m4 -T"C:\Users\INSTED\Desktop\INSTED_WORKSPACE\FF64-MTQ\F479_Pinout\STM32F479VITX_FLASH.ld" -Wl,-Map="F479_Pinout.map" -Wl,--gc-sections -static --specs=nano.specs -mfpu=fpv4-sp-d16 -mfloat-abi=hard -mthumb -u _printf_float -u _scanf_float -Wl,--start-group -lc -lm -lstdc++ -lsupc++ -Wl,--end-group
Finished building target: F479_Pinout.elf
 
arm-none-eabi-size   F479_Pinout.elf 
arm-none-eabi-objdump -h -S  F479_Pinout.elf  > "F479_Pinout.list"
   text	   data	    bss	    dec	    hex	filename
  44272	    496	   2148	  46916	   b744	F479_Pinout.elf
Finished building: default.size.stdout
 
Finished building: F479_Pinout.list
 
20:51:38 **** Incremental Build of configuration Debug for project F479_Pinout ****
make -j12 all 
arm-none-eabi-g++ "../Core/Src/main.cpp" -mcpu=cortex-m4 -std=gnu++14 -g3 -DDEBUG -DUSE_HAL_DRIVER -DSTM32F479xx -c -I../Core/Inc -I../Drivers/STM32F4xx_HAL_Driver/Inc -I../Drivers/STM32F4xx_HAL_Driver/Inc/Legacy -I../Drivers/CMSIS/Device/ST/STM32F4xx/Include -I../Drivers/CMSIS/Include -O0 -ffunction-sections -fdata-sections -fno-exceptions -fno-rtti -fno-use-cxa-atexit -Wall -fstack-usage -MMD -MP -MF"Core/Src/main.d" -MT"Core/Src/main.o" --specs=nano.specs -mfpu=fpv4-sp-d16 -mfloat-abi=hard -mthumb -o "Core/Src/main.o"
arm-none-eabi-g++ -o "F479_Pinout.elf" @"objects.list"   -mcpu=cortex-m4 -T"C:\Users\INSTED\Desktop\INSTED_WORKSPACE\FF64-MTQ\F479_Pinout\STM32F479VITX_FLASH.ld" -Wl,-Map="F479_Pinout.map" -Wl,--gc-sections -static --specs=nano.specs -mfpu=fpv4-sp-d16 -mfloat-abi=hard -mthumb -u _printf_float -u _scanf_float -Wl,--start-group -lc -lm -lstdc++ -lsupc++ -Wl,--end-group
Finished building target: F479_Pinout.elf
 
arm-none-eabi-size   F479_Pinout.elf 
arm-none-eabi-objdump -h -S  F479_Pinout.elf  > "F479_Pinout.list"
   text	   data	    bss	    dec	    hex	filename
  43568	    496	   2148	  46212	   b484	F479_Pinout.elf
Finished building: default.size.stdout
 
Finished building: F479_Pinout.list
 
20:52:46 **** Incremental Build of configuration Debug for project F479_Pinout ****
make -j12 all 
arm-none-eabi-g++ "../Core/Src/main.cpp" -mcpu=cortex-m4 -std=gnu++14 -g3 -DDEBUG -DUSE_HAL_DRIVER -DSTM32F479xx -c -I../Core/Inc -I../Drivers/STM32F4xx_HAL_Driver/Inc -I../Drivers/STM32F4xx_HAL_Driver/Inc/Legacy -I../Drivers/CMSIS/Device/ST/STM32F4xx/Include -I../Drivers/CMSIS/Include -O0 -ffunction-sections -fdata-sections -fno-exceptions -fno-rtti -fno-use-cxa-atexit -Wall -fstack-usage -MMD -MP -MF"Core/Src/main.d" -MT"Core/Src/main.o" --specs=nano.specs -mfpu=fpv4-sp-d16 -mfloat-abi=hard -mthumb -o "Core/Src/main.o"
arm-none-eabi-g++ -o "F479_Pinout.elf" @"objects.list"   -mcpu=cortex-m4 -T"C:\Users\INSTED\Desktop\INSTED_WORKSPACE\FF64-MTQ\F479_Pinout\STM32F479VITX_FLASH.ld" -Wl,-Map="F479_Pinout.map" -Wl,--gc-sections -static --specs=nano.specs -mfpu=fpv4-sp-d16 -mfloat-abi=hard -mthumb -u _printf_float -u _scanf_float -Wl,--start-group -lc -lm -lstdc++ -lsupc++ -Wl,--end-group
Finished building target: F479_Pinout.elf
 
arm-none-eabi-size   F479_Pinout.elf 
arm-none-eabi-objdump -h -S  F479_Pinout.elf  > "F479_Pinout.list"
   text	   data	    bss	    dec	    hex	filename
  43848	    496	   2148	  46492	   b59c	F479_Pinout.elf
Finished building: default.size.stdout
 
Finished building: F479_Pinout.list
 
20:53:58 **** Incremental Build of configuration Debug for project F479_Pinout ****
make -j12 all 
arm-none-eabi-g++ "../Core/Src/main.cpp" -mcpu=cortex-m4 -std=gnu++14 -g3 -DDEBUG -DUSE_HAL_DRIVER -DSTM32F479xx -c -I../Core/Inc -I../Drivers/STM32F4xx_HAL_Driver/Inc -I../Drivers/STM32F4xx_HAL_Driver/Inc/Legacy -I../Drivers/CMSIS/Device/ST/STM32F4xx/Include -I../Drivers/CMSIS/Include -O0 -ffunction-sections -fdata-sections -fno-exceptions -fno-rtti -fno-use-cxa-atexit -Wall -fstack-usage -MMD -MP -MF"Core/Src/main.d" -MT"Core/Src/main.o" --specs=nano.specs -mfpu=fpv4-sp-d16 -mfloat-abi=hard -mthumb -o "Core/Src/main.o"
[...]
arm-none-eabi-g++ -o "F479_Pinout.elf" @"objects.list"   -mcpu=cortex-m4 -T"C:\Users\INSTED\Desktop\INSTED_WORKSPACE\FF64-MTQ\F479_Pinout\STM32F479VITX_FLASH.ld" -Wl,-Map="F479_Pinout.map" -Wl,--gc-sections -static --specs=nano.specs -mfpu=fpv4-sp-d16 -mfloat-abi=hard -mthumb -u _printf_float -u _scanf_float -Wl,--start-group -lc -lm -lstdc++ -lsupc++ -Wl,--end-group
Finished building target: F479_Pinout.elf
 
arm-none-eabi-size   F479_Pinout.elf 
arm-none-eabi-objdump -h -S  F479_Pinout.elf  > "F479_Pinout.list"
   text	   data	    bss	    dec	    hex	filename
  45776	    496	   2148	  48420	   bd24	F479_Pinout.elf
Finished building: default.size.stdout
 
Finished building: F479_Pinout.list
 
13:12:15 **** Incremental Build of configuration Debug for project F479_Pinout ****
make -j12 all 
arm-none-eabi-g++ "../Core/Src/main.cpp" -mcpu=cortex-m4 -std=gnu++14 -g3 -DDEBUG -DUSE_HAL_DRIVER -DSTM32F479xx -c -I../Core/Inc -I../Drivers/STM32F4xx_HAL_Driver/Inc -I../Drivers/STM32F4xx_HAL_Driver/Inc/Legacy -I../Drivers/CMSIS/Device/ST/STM32F4xx/Include -I../Drivers/CMSIS/Include -O0 -ffunction-sections -fdata-sections -fno-exceptions -fno-rtti -fno-use-cxa-atexit -Wall -fstack-usage -MMD -MP -MF"Core/Src/main.d" -MT"Core/Src/main.o" --specs=nano.specs -mfpu=fpv4-sp-d16 -mfloat-abi=hard -mthumb -o "Core/Src/main.o"
arm-none-eabi-g++ -o "F479_Pinout.elf" @"objects.list"   -mcpu=cortex-m4 -T"C:\Users\INSTED\Desktop\INSTED_WORKSPACE\FF64-MTQ\F479_Pinout\STM32F479VITX_FLASH.ld" -Wl,-Map="F479_Pinout.map" -Wl,--gc-sections -static --specs=nano.specs -mfpu=fpv4-sp-d16 -mfloat-abi=hard -mthumb -u _printf_float -u _scanf_float -Wl,--start-group -lc -lm -lstdc++ -lsupc++ -Wl,--end-group
Finished building target: F479_Pinout.elf
 
arm-none-eabi-size   F479_Pinout.elf 
arm-none-eabi-objdump -h -S  F479_Pinout.elf  > "F479_Pinout.list"
   text	   data	    bss	    dec	    hex	filename
  45776	    496	   2148	  48420	   bd24	F479_Pinout.elf
Finished building: default.size.stdout
 
Finished building: F479_Pinout.list
 
14:02:28 **** Incremental Build of configuration Debug for project F479_Pinout ****
make -j12 all 
arm-none-eabi-g++ "../Core/Src/main.cpp" -mcpu=cortex-m4 -std=gnu++14 -g3 -DDEBUG -DUSE_HAL_DRIVER -DSTM32F479xx -c -I../Core/Inc -I../Drivers/STM32F4xx_HAL_Driver/Inc -I../Drivers/STM32F4xx_HAL_Driver/Inc/Legacy -I../Drivers/CMSIS/Device/ST/STM32F4xx/Include -I../Drivers/CMSIS/Include -O0 -ffunction-sections -fdata-sections -fno-exceptions -fno-rtti -fno-use-cxa-atexit -Wall -fstack-usage -MMD -MP -MF"Core/Src/main.d" -MT"Core/Src/main.o" --specs=nano.specs -mfpu=fpv4-sp-d16 -mfloat-abi=hard -mthumb -o "Core/Src/main.o"
arm-none-eabi-g++ -o "F479_Pinout.elf" @"objects.list"   -mcpu=cortex-m4 -T"C:\Users\INSTED\Desktop\INSTED_WORKSPACE\FF64-MTQ\F479_Pinout\STM32F479VITX_FLASH.ld" -Wl,-Map="F479_Pinout.map" -Wl,--gc-sections -static --specs=nano.specs -mfpu=fpv4-sp-d16 -mfloat-abi=hard -mthumb -u _printf_float -u _scanf_float -Wl,--start-group -lc -lm -lstdc++ -lsupc++ -Wl,--end-group
Finished building target: F479_Pinout.elf
 
arm-none-eabi-size   F479_Pinout.elf 
arm-none-eabi-objdump -h -S  F479_Pinout.elf  > "F479_Pinout.list"
   text	   data	    bss	    dec	    hex	filename
  45776	    496	   2148	  48420	   bd24	F479_Pinout.elf
Finished building: default.size.stdout
 
Finished building: F479_Pinout.list
 
14:06:55 **** Incremental Build of configuration Debug for project F479_Pinout ****
make -j12 all 
arm-none-eabi-g++ "../Core/Src/main.cpp" -mcpu=cortex-m4 -std=gnu++14 -g3 -DDEBUG -DUSE_HAL_DRIVER -DSTM32F479xx -c -I../Core/Inc -I../Drivers/STM32F4xx_HAL_Driver/Inc -I../Drivers/STM32F4xx_HAL_Driver/Inc/Legacy -I../Drivers/CMSIS/Device/ST/STM32F4xx/Include -I../Drivers/CMSIS/Include -O0 -ffunction-sections -fdata-sections -fno-exceptions -fno-rtti -fno-use-cxa-atexit -Wall -fstack-usage -MMD -MP -MF"Core/Src/main.d" -MT"Core/Src/main.o" --specs=nano.specs -mfpu=fpv4-sp-d16 -mfloat-abi=hard -mthumb -o "Core/Src/main.o"
arm-none-eabi-g++ -o "F479_Pinout.elf" @"objects.list"   -mcpu=cortex-m4 -T"C:\Users\INSTED\Desktop\INSTED_WORKSPACE\FF64-MTQ\F479_Pinout\STM32F479VITX_FLASH.ld" -Wl,-Map="F479_Pinout.map" -Wl,--gc-sections -static --specs=nano.specs -mfpu=fpv4-sp-d16 -mfloat-abi=hard -mthumb -u _printf_float -u _scanf_float -Wl,--start-group -lc -lm -lstdc++ -lsupc++ -Wl,--end-group
Finished building target: F479_Pinout.elf
 
arm-none-eabi-size   F479_Pinout.elf 
arm-none-eabi-objdump -h -S  F479_Pinout.elf  > "F479_Pinout.list"
   text	   data	    bss	    dec	    hex	filename
  45776	    496	   2148	  48420	   bd24	F479_Pinout.elf
Finished building: default.size.stdout
 
Finished building: F479_Pinout.list
 
14:07:45 **** Incremental Build of configuration Debug for project F479_Pinout ****
make -j12 all 
arm-none-eabi-g++ "../Core/Src/main.cpp" -mcpu=cortex-m4 -std=gnu++14 -g3 -DDEBUG -DUSE_HAL_DRIVER -DSTM32F479xx -c -I../Core/Inc -I../Drivers/STM32F4xx_HAL_Driver/Inc -I../Drivers/STM32F4xx_HAL_Driver/Inc/Legacy -I../Drivers/CMSIS/Device/ST/STM32F4xx/Include -I../Drivers/CMSIS/Include -O0 -ffunction-sections -fdata-sections -fno-exceptions -fno-rtti -fno-use-cxa-atexit -Wall -fstack-usage -MMD -MP -MF"Core/Src/main.d" -MT"Core/Src/main.o" --specs=nano.specs -mfpu=fpv4-sp-d16 -mfloat-abi=hard -mthumb -o "Core/Src/main.o"
arm-none-eabi-g++ -o "F479_Pinout.elf" @"objects.list"   -mcpu=cortex-m4 -T"C:\Users\INSTED\Desktop\INSTED_WORKSPACE\FF64-MTQ\F479_Pinout\STM32F479VITX_FLASH.ld" -Wl,-Map="F479_Pinout.map" -Wl,--gc-sections -static --specs=nano.specs -mfpu=fpv4-sp-d16 -mfloat-abi=hard -mthumb -u _printf_float -u _scanf_float -Wl,--start-group -lc -lm -lstdc++ -lsupc++ -Wl,--end-group
Finished building target: F479_Pinout.elf
 
arm-none-eabi-size   F479_Pinout.elf 
arm-none-eabi-objdump -h -S  F479_Pinout.elf  > "F479_Pinout.list"
   text	   data	    bss	    dec	    hex	filename
  45776	    496	   2148	  48420	   bd24	F479_Pinout.elf
Finished building: default.size.stdout
 
Finished building: F479_Pinout.list
 
14:10:31 **** Incremental Build of configuration Debug for project F479_Pinout ****
make -j12 all 
arm-none-eabi-g++ "../Core/Src/main.cpp" -mcpu=cortex-m4 -std=gnu++14 -g3 -DDEBUG -DUSE_HAL_DRIVER -DSTM32F479xx -c -I../Core/Inc -I../Drivers/STM32F4xx_HAL_Driver/Inc -I../Drivers/STM32F4xx_HAL_Driver/Inc/Legacy -I../Drivers/CMSIS/Device/ST/STM32F4xx/Include -I../Drivers/CMSIS/Include -O0 -ffunction-sections -fdata-sections -fno-exceptions -fno-rtti -fno-use-cxa-atexit -Wall -fstack-usage -MMD -MP -MF"Core/Src/main.d" -MT"Core/Src/main.o" --specs=nano.specs -mfpu=fpv4-sp-d16 -mfloat-abi=hard -mthumb -o "Core/Src/main.o"
arm-none-eabi-g++ -o "F479_Pinout.elf" @"objects.list"   -mcpu=cortex-m4 -T"C:\Users\INSTED\Desktop\INSTED_WORKSPACE\FF64-MTQ\F479_Pinout\STM32F479VITX_FLASH.ld" -Wl,-Map="F479_Pinout.map" -Wl,--gc-sections -static --specs=nano.specs -mfpu=fpv4-sp-d16 -mfloat-abi=hard -mthumb -u _printf_float -u _scanf_float -Wl,--start-group -lc -lm -lstdc++ -lsupc++ -Wl,--end-group
Finished building target: F479_Pinout.elf
 
arm-none-eabi-size   F479_Pinout.elf 
arm-none-eabi-objdump -h -S  F479_Pinout.elf  > "F479_Pinout.list"
   text	   data	    bss	    dec	    hex	filename
  45776	    496	   2148	  48420	   bd24	F479_Pinout.elf
Finished building: default.size.stdout
 
Finished building: F479_Pinout.list
 
14:46:47 **** Incremental Build of configuration Debug for project F479_Pinout ****
make -j12 all 
arm-none-eabi-size   F479_Pinout.elf 
   text	   data	    bss	    dec	    hex	filename
  45776	    496	   2148	  48420	   bd24	F479_Pinout.elf
Finished building: default.size.stdout
 
15:02:48 **** Incremental Build of configuration Debug for project F479_Pinout ****
make -j12 all 
arm-none-eabi-size   F479_Pinout.elf 
   text	   data	    bss	    dec	    hex	filename
  45776	    496	   2148	  48420	   bd24	F479_Pinout.elf
Finished building: default.size.stdout
 
15:04:38 **** Incremental Build of configuration Debug for project F479_Pinout ****
make -j12 all 
arm-none-eabi-g++ "../Core/Src/main.cpp" -mcpu=cortex-m4 -std=gnu++14 -g3 -DDEBUG -DUSE_HAL_DRIVER -DSTM32F479xx -c -I../Core/Inc -I../Drivers/STM32F4xx_HAL_Driver/Inc -I../Drivers/STM32F4xx_HAL_Driver/Inc/Legacy -I../Drivers/CMSIS/Device/ST/STM32F4xx/Include -I../Drivers/CMSIS/Include -O0 -ffunction-sections -fdata-sections -fno-exceptions -fno-rtti -fno-use-cxa-atexit -Wall -fstack-usage -MMD -MP -MF"Core/Src/main.d" -MT"Core/Src/main.o" --specs=nano.specs -mfpu=fpv4-sp-d16 -mfloat-abi=hard -mthumb -o "Core/Src/main.o"
arm-none-eabi-g++ -o "F479_Pinout.elf" @"objects.list"   -mcpu=cortex-m4 -T"C:\Users\INSTED\Desktop\INSTED_WORKSPACE\FF64-MTQ\F479_Pinout\STM32F479VITX_FLASH.ld" -Wl,-Map="F479_Pinout.map" -Wl,--gc-sections -static --specs=nano.specs -mfpu=fpv4-sp-d16 -mfloat-abi=hard -mthumb -u _printf_float -u _scanf_float -Wl,--start-group -lc -lm -lstdc++ -lsupc++ -Wl,--end-group
Finished building target: F479_Pinout.elf
 
arm-none-eabi-size   F479_Pinout.elf 
arm-none-eabi-objdump -h -S  F479_Pinout.elf  > "F479_Pinout.list"
   text	   data	    bss	    dec	    hex	filename
  45776	    496	   2148	  48420	   bd24	F479_Pinout.elf
Finished building: default.size.stdout
 
Finished building: F479_Pinout.list
 
15:22:31 **** Incremental Build of configuration Debug for project F479_Pinout ****
make -j12 all 
arm-none-eabi-g++ "../Core/Src/main.cpp" -mcpu=cortex-m4 -std=gnu++14 -g3 -DDEBUG -DUSE_HAL_DRIVER -DSTM32F479xx -c -I../Core/Inc -I../Drivers/STM32F4xx_HAL_Driver/Inc -I../Drivers/STM32F4xx_HAL_Driver/Inc/Legacy -I../Drivers/CMSIS/Device/ST/STM32F4xx/Include -I../Drivers/CMSIS/Include -O0 -ffunction-sections -fdata-sections -fno-exceptions -fno-rtti -fno-use-cxa-atexit -Wall -fstack-usage -MMD -MP -MF"Core/Src/main.d" -MT"Core/Src/main.o" --specs=nano.specs -mfpu=fpv4-sp-d16 -mfloat-abi=hard -mthumb -o "Core/Src/main.o"
arm-none-eabi-g++ -o "F479_Pinout.elf" @"objects.list"   -mcpu=cortex-m4 -T"C:\Users\INSTED\Desktop\INSTED_WORKSPACE\FF64-MTQ\F479_Pinout\STM32F479VITX_FLASH.ld" -Wl,-Map="F479_Pinout.map" -Wl,--gc-sections -static --specs=nano.specs -mfpu=fpv4-sp-d16 -mfloat-abi=hard -mthumb -u _printf_float -u _scanf_float -Wl,--start-group -lc -lm -lstdc++ -lsupc++ -Wl,--end-group
Finished building target: F479_Pinout.elf
 
arm-none-eabi-size   F479_Pinout.elf 
arm-none-eabi-objdump -h -S  F479_Pinout.elf  > "F479_Pinout.list"
   text	   data	    bss	    dec	    hex	filename
  45776	    496	   2148	  48420	   bd24	F479_Pinout.elf
Finished building: default.size.stdout
 
Finished building: F479_Pinout.list
 
15:23:09 **** Incremental Build of configuration Debug for project F479_Pinout ****
make -j12 all 
arm-none-eabi-size   F479_Pinout.elf 
   text	   data	    bss	    dec	    hex	filename
  45776	    496	   2148	  48420	   bd24	F479_Pinout.elf
Finished building: default.size.stdout
 
15:23:47 **** Incremental Build of configuration Debug for project F479_Pinout ****
make -j12 all 
arm-none-eabi-g++ "../Core/Src/main.cpp" -mcpu=cortex-m4 -std=gnu++14 -g3 -DDEBUG -DUSE_HAL_DRIVER -DSTM32F479xx -c -I../Core/Inc -I../Drivers/STM32F4xx_HAL_Driver/Inc -I../Drivers/STM32F4xx_HAL_Driver/Inc/Legacy -I../Drivers/CMSIS/Device/ST/STM32F4xx/Include -I../Drivers/CMSIS/Include -O0 -ffunction-sections -fdata-sections -fno-exceptions -fno-rtti -fno-use-cxa-atexit -Wall -fstack-usage -MMD -MP -MF"Core/Src/main.d" -MT"Core/Src/main.o" --specs=nano.specs -mfpu=fpv4-sp-d16 -mfloat-abi=hard -mthumb -o "Core/Src/main.o"
arm-none-eabi-g++ -o "F479_Pinout.elf" @"objects.list"   -mcpu=cortex-m4 -T"C:\Users\INSTED\Desktop\INSTED_WORKSPACE\FF64-MTQ\F479_Pinout\STM32F479VITX_FLASH.ld" -Wl,-Map="F479_Pinout.map" -Wl,--gc-sections -static --specs=nano.specs -mfpu=fpv4-sp-d16 -mfloat-abi=hard -mthumb -u _printf_float -u _scanf_float -Wl,--start-group -lc -lm -lstdc++ -lsupc++ -Wl,--end-group
Finished building target: F479_Pinout.elf
 
arm-none-eabi-size   F479_Pinout.elf 
arm-none-eabi-objdump -h -S  F479_Pinout.elf  > "F479_Pinout.list"
   text	   data	    bss	    dec	    hex	filename
  45776	    496	   2148	  48420	   bd24	F479_Pinout.elf
Finished building: default.size.stdout
 
Finished building: F479_Pinout.list
 
15:28:02 **** Incremental Build of configuration Debug for project F479_Pinout ****
make -j12 all 
arm-none-eabi-g++ "../Core/Src/main.cpp" -mcpu=cortex-m4 -std=gnu++14 -g3 -DDEBUG -DUSE_HAL_DRIVER -DSTM32F479xx -c -I../Core/Inc -I../Drivers/STM32F4xx_HAL_Driver/Inc -I../Drivers/STM32F4xx_HAL_Driver/Inc/Legacy -I../Drivers/CMSIS/Device/ST/STM32F4xx/Include -I../Drivers/CMSIS/Include -O0 -ffunction-sections -fdata-sections -fno-exceptions -fno-rtti -fno-use-cxa-atexit -Wall -fstack-usage -MMD -MP -MF"Core/Src/main.d" -MT"Core/Src/main.o" --specs=nano.specs -mfpu=fpv4-sp-d16 -mfloat-abi=hard -mthumb -o "Core/Src/main.o"
arm-none-eabi-g++ -o "F479_Pinout.elf" @"objects.list"   -mcpu=cortex-m4 -T"C:\Users\INSTED\Desktop\INSTED_WORKSPACE\FF64-MTQ\F479_Pinout\STM32F479VITX_FLASH.ld" -Wl,-Map="F479_Pinout.map" -Wl,--gc-sections -static --specs=nano.specs -mfpu=fpv4-sp-d16 -mfloat-abi=hard -mthumb -u _printf_float -u _scanf_float -Wl,--start-group -lc -lm -lstdc++ -lsupc++ -Wl,--end-group
Finished building target: F479_Pinout.elf
 
arm-none-eabi-size   F479_Pinout.elf 
arm-none-eabi-objdump -h -S  F479_Pinout.elf  > "F479_Pinout.list"
   text	   data	    bss	    dec	    hex	filename
  45784	    496	   2148	  48428	   bd2c	F479_Pinout.elf
Finished building: default.size.stdout
 
Finished building: F479_Pinout.list
 
15:32:25 **** Incremental Build of configuration Debug for project F479_Pinout ****
make -j12 all 
arm-none-eabi-g++ "../Core/Src/main.cpp" -mcpu=cortex-m4 -std=gnu++14 -g3 -DDEBUG -DUSE_HAL_DRIVER -DSTM32F479xx -c -I../Core/Inc -I../Drivers/STM32F4xx_HAL_Driver/Inc -I../Drivers/STM32F4xx_HAL_Driver/Inc/Legacy -I../Drivers/CMSIS/Device/ST/STM32F4xx/Include -I../Drivers/CMSIS/Include -O0 -ffunction-sections -fdata-sections -fno-exceptions -fno-rtti -fno-use-cxa-atexit -Wall -fstack-usage -MMD -MP -MF"Core/Src/main.d" -MT"Core/Src/main.o" --specs=nano.specs -mfpu=fpv4-sp-d16 -mfloat-abi=hard -mthumb -o "Core/Src/main.o"
arm-none-eabi-g++ -o "F479_Pinout.elf" @"objects.list"   -mcpu=cortex-m4 -T"C:\Users\INSTED\Desktop\INSTED_WORKSPACE\FF64-MTQ\F479_Pinout\STM32F479VITX_FLASH.ld" -Wl,-Map="F479_Pinout.map" -Wl,--gc-sections -static --specs=nano.specs -mfpu=fpv4-sp-d16 -mfloat-abi=hard -mthumb -u _printf_float -u _scanf_float -Wl,--start-group -lc -lm -lstdc++ -lsupc++ -Wl,--end-group
Finished building target: F479_Pinout.elf
 
arm-none-eabi-size   F479_Pinout.elf 
arm-none-eabi-objdump -h -S  F479_Pinout.elf  > "F479_Pinout.list"
   text	   data	    bss	    dec	    hex	filename
  45784	    496	   2148	  48428	   bd2c	F479_Pinout.elf
Finished building: default.size.stdout
 
Finished building: F479_Pinout.list
 
15:45:51 **** Incremental Build of configuration Debug for project F479_Pinout ****
make -j12 all 
arm-none-eabi-g++ "../Core/Src/main.cpp" -mcpu=cortex-m4 -std=gnu++14 -g3 -DDEBUG -DUSE_HAL_DRIVER -DSTM32F479xx -c -I../Core/Inc -I../Drivers/STM32F4xx_HAL_Driver/Inc -I../Drivers/STM32F4xx_HAL_Driver/Inc/Legacy -I../Drivers/CMSIS/Device/ST/STM32F4xx/Include -I../Drivers/CMSIS/Include -O0 -ffunction-sections -fdata-sections -fno-exceptions -fno-rtti -fno-use-cxa-atexit -Wall -fstack-usage -MMD -MP -MF"Core/Src/main.d" -MT"Core/Src/main.o" --specs=nano.specs -mfpu=fpv4-sp-d16 -mfloat-abi=hard -mthumb -o "Core/Src/main.o"
arm-none-eabi-g++ -o "F479_Pinout.elf" @"objects.list"   -mcpu=cortex-m4 -T"C:\Users\INSTED\Desktop\INSTED_WORKSPACE\FF64-MTQ\F479_Pinout\STM32F479VITX_FLASH.ld" -Wl,-Map="F479_Pinout.map" -Wl,--gc-sections -static --specs=nano.specs -mfpu=fpv4-sp-d16 -mfloat-abi=hard -mthumb -u _printf_float -u _scanf_float -Wl,--start-group -lc -lm -lstdc++ -lsupc++ -Wl,--end-group
Finished building target: F479_Pinout.elf
 
arm-none-eabi-size   F479_Pinout.elf 
arm-none-eabi-objdump -h -S  F479_Pinout.elf  > "F479_Pinout.list"
   text	   data	    bss	    dec	    hex	filename
  45784	    496	   2148	  48428	   bd2c	F479_Pinout.elf
Finished building: default.size.stdout
 
Finished building: F479_Pinout.list
 
15:46:12 **** Incremental Build of configuration Debug for project F479_Pinout ****
make -j12 all 
arm-none-eabi-size   F479_Pinout.elf 
   text	   data	    bss	    dec	    hex	filename
  45784	    496	   2148	  48428	   bd2c	F479_Pinout.elf
Finished building: default.size.stdout
 
15:46:30 **** Incremental Build of configuration Debug for project F479_Pinout ****
make -j12 all 
arm-none-eabi-size   F479_Pinout.elf 
   text	   data	    bss	    dec	    hex	filename
  45784	    496	   2148	  48428	   bd2c	F479_Pinout.elf
Finished building: default.size.stdout
 
15:56:13 **** Incremental Build of configuration Debug for project F479_Pinout ****
make -j12 all 
arm-none-eabi-g++ "../Core/Src/main.cpp" -mcpu=cortex-m4 -std=gnu++14 -g3 -DDEBUG -DUSE_HAL_DRIVER -DSTM32F479xx -c -I../Core/Inc -I../Drivers/STM32F4xx_HAL_Driver/Inc -I../Drivers/STM32F4xx_HAL_Driver/Inc/Legacy -I../Drivers/CMSIS/Device/ST/STM32F4xx/Include -I../Drivers/CMSIS/Include -O0 -ffunction-sections -fdata-sections -fno-exceptions -fno-rtti -fno-use-cxa-atexit -Wall -fstack-usage -MMD -MP -MF"Core/Src/main.d" -MT"Core/Src/main.o" --specs=nano.specs -mfpu=fpv4-sp-d16 -mfloat-abi=hard -mthumb -o "Core/Src/main.o"
arm-none-eabi-g++ -o "F479_Pinout.elf" @"objects.list"   -mcpu=cortex-m4 -T"C:\Users\INSTED\Desktop\INSTED_WORKSPACE\FF64-MTQ\F479_Pinout\STM32F479VITX_FLASH.ld" -Wl,-Map="F479_Pinout.map" -Wl,--gc-sections -static --specs=nano.specs -mfpu=fpv4-sp-d16 -mfloat-abi=hard -mthumb -u _printf_float -u _scanf_float -Wl,--start-group -lc -lm -lstdc++ -lsupc++ -Wl,--end-group
Finished building target: F479_Pinout.elf
 
arm-none-eabi-size   F479_Pinout.elf 
arm-none-eabi-objdump -h -S  F479_Pinout.elf  > "F479_Pinout.list"
   text	   data	    bss	    dec	    hex	filename
  45784	    496	   2148	  48428	   bd2c	F479_Pinout.elf
Finished building: default.size.stdout
 
Finished building: F479_Pinout.list
 
15:57:21 **** Incremental Build of configuration Debug for project F479_Pinout ****
make -j12 all 
arm-none-eabi-g++ "../Core/Src/main.cpp" -mcpu=cortex-m4 -std=gnu++14 -g3 -DDEBUG -DUSE_HAL_DRIVER -DSTM32F479xx -c -I../Core/Inc -I../Drivers/STM32F4xx_HAL_Driver/Inc -I../Drivers/STM32F4xx_HAL_Driver/Inc/Legacy -I../Drivers/CMSIS/Device/ST/STM32F4xx/Include -I../Drivers/CMSIS/Include -O0 -ffunction-sections -fdata-sections -fno-exceptions -fno-rtti -fno-use-cxa-atexit -Wall -fstack-usage -MMD -MP -MF"Core/Src/main.d" -MT"Core/Src/main.o" --specs=nano.specs -mfpu=fpv4-sp-d16 -mfloat-abi=hard -mthumb -o "Core/Src/main.o"
arm-none-eabi-g++ -o "F479_Pinout.elf" @"objects.list"   -mcpu=cortex-m4 -T"C:\Users\INSTED\Desktop\INSTED_WORKSPACE\FF64-MTQ\F479_Pinout\STM32F479VITX_FLASH.ld" -Wl,-Map="F479_Pinout.map" -Wl,--gc-sections -static --specs=nano.specs -mfpu=fpv4-sp-d16 -mfloat-abi=hard -mthumb -u _printf_float -u _scanf_float -Wl,--start-group -lc -lm -lstdc++ -lsupc++ -Wl,--end-group
Finished building target: F479_Pinout.elf
 
arm-none-eabi-size   F479_Pinout.elf 
arm-none-eabi-objdump -h -S  F479_Pinout.elf  > "F479_Pinout.list"
   text	   data	    bss	    dec	    hex	filename
  45784	    496	   2148	  48428	   bd2c	F479_Pinout.elf
Finished building: default.size.stdout
 
Finished building: F479_Pinout.list
 
09:24:11 **** Incremental Build of configuration Debug for project F479_Pinout ****
make -j12 all 
arm-none-eabi-size   F479_Pinout.elf 
   text	   data	    bss	    dec	    hex	filename
  45784	    496	   2148	  48428	   bd2c	F479_Pinout.elf
Finished building: default.size.stdout
 
